2026-03-01 00:05:47,966 - __main__ - INFO - ============================================================
2026-03-01 00:05:47,966 - __main__ - INFO - IMCity Trading Bot
2026-03-01 00:05:47,966 - __main__ - INFO - ============================================================
2026-03-01 00:05:47,966 - __main__ - INFO - Bot:      hybrid
2026-03-01 00:05:47,966 - __main__ - INFO - Exchange: challenge
2026-03-01 00:05:47,966 - __main__ - INFO - URL:      http://ec2-52-19-74-159.eu-west-1.compute.amazonaws.com/
2026-03-01 00:05:47,966 - __main__ - INFO - User:     Brestttt
2026-03-01 00:05:47,966 - __main__ - INFO - Width:    10.0
2026-03-01 00:05:47,966 - __main__ - INFO - Volume:   2
2026-03-01 00:05:47,966 - __main__ - INFO - ============================================================
2026-03-01 00:05:47,968 - execution.order_manager - INFO - Order manager initialized: max_workers=10, rate_limit=1.0/s, risk_checks=True
2026-03-01 00:05:47,969 - bots.hybrid_bot - INFO - Starting SSE stream...
2026-03-01 00:05:48,078 - bots.hybrid_bot - INFO - ✓ SSE thread started
2026-03-01 00:05:48,079 - bots.hybrid_bot - INFO - Hybrid bot started
2026-03-01 00:05:48,079 - bots.hybrid_bot - INFO - Strategies: ['MarketMaker', 'ETFArbitrage']
2026-03-01 00:06:03,235 - data.tides - ERROR - Failed to fetch tidal data: HTTPSConnectionPool(host='environment.data.gov.uk', port=443): Read timed out. (read timeout=10)
2026-03-01 00:06:03,237 - data.tides - ERROR - Failed to estimate TIDE_SWING: HTTPSConnectionPool(host='environment.data.gov.uk', port=443): Read timed out. (read timeout=10)
2026-03-01 00:06:03,255 - data.weather - ERROR - Failed to estimate WX_SUM: [Errno 2] No such file or directory: '/Users/victor/Desktop/ALGOTHON/IMC/CODES/data_cache/weather_289b2a42ee19d69009c09e9b8a64870f.json'
2026-03-01 00:06:03,700 - strategies.market_maker - INFO - 🎯 SNIPER BUY: Taking liquidity for TIDE_SWING @ 499.0
2026-03-01 00:06:19,464 - bots.hybrid_bot - WARNING - Stop-loss triggered - not trading
2026-03-01 00:06:19,520 - bots.hybrid_bot - WARNING - Stop-loss triggered - not trading
2026-03-01 00:06:19,581 - bots.hybrid_bot - WARNING - Stop-loss triggered - not trading
2026-03-01 00:06:19,828 - bots.hybrid_bot - WARNING - Stop-loss triggered - not trading
2026-03-01 00:06:19,994 - bots.hybrid_bot - WARNING - Stop-loss triggered - not trading
2026-03-01 00:06:20,047 - bots.hybrid_bot - WARNING - Stop-loss triggered - not trading
2026-03-01 00:06:20,222 - bots.hybrid_bot - WARNING - Stop-loss triggered - not trading
2026-03-01 00:06:20,419 - bots.hybrid_bot - WARNING - Stop-loss triggered - not trading
2026-03-01 00:06:21,136 - bots.hybrid_bot - WARNING - Stop-loss triggered - not trading
2026-03-01 00:06:21,138 - bots.hybrid_bot - WARNING - Stop-loss triggered - not trading
2026-03-01 00:06:21,198 - bots.hybrid_bot - WARNING - Stop-loss triggered - not trading
2026-03-01 00:06:21,199 - bots.hybrid_bot - WARNING - Stop-loss triggered - not trading
2026-03-01 00:06:21,199 - bots.hybrid_bot - WARNING - Stop-loss triggered - not trading
2026-03-01 00:06:21,199 - bots.hybrid_bot - WARNING - Stop-loss triggered - not trading
2026-03-01 00:06:21,200 - bots.hybrid_bot - WARNING - Stop-loss triggered - not trading
2026-03-01 00:06:21,200 - bots.hybrid_bot - WARNING - Stop-loss triggered - not trading
2026-03-01 00:06:21,235 - bots.hybrid_bot - WARNING - Stop-loss triggered - not trading
2026-03-01 00:06:21,236 - bots.hybrid_bot - WARNING - Stop-loss triggered - not trading
2026-03-01 00:06:21,237 - bots.hybrid_bot - WARNING - Stop-loss triggered - not trading
2026-03-01 00:06:21,238 - bots.hybrid_bot - WARNING - Stop-loss triggered - not trading
2026-03-01 00:06:21,239 - bots.hybrid_bot - WARNING - Stop-loss triggered - not trading
2026-03-01 00:06:21,240 - bots.hybrid_bot - WARNING - Stop-loss triggered - not trading
2026-03-01 00:06:21,240 - bots.hybrid_bot - WARNING - Stop-loss triggered - not trading
2026-03-01 00:06:21,241 - bots.hybrid_bot - WARNING - Stop-loss triggered - not trading
2026-03-01 00:06:21,243 - bots.hybrid_bot - WARNING - Stop-loss triggered - not trading
2026-03-01 00:06:21,276 - bots.hybrid_bot - WARNING - Stop-loss triggered - not trading
2026-03-01 00:06:21,279 - bots.hybrid_bot - WARNING - Stop-loss triggered - not trading
2026-03-01 00:06:21,279 - bots.hybrid_bot - WARNING - Stop-loss triggered - not trading
2026-03-01 00:06:21,279 - bots.hybrid_bot - WARNING - Stop-loss triggered - not trading
2026-03-01 00:06:21,280 - bots.hybrid_bot - WARNING - Stop-loss triggered - not trading
2026-03-01 00:06:21,281 - bots.hybrid_bot - WARNING - Stop-loss triggered - not trading
2026-03-01 00:06:21,332 - bots.hybrid_bot - WARNING - Stop-loss triggered - not trading
2026-03-01 00:06:21,333 - bots.hybrid_bot - WARNING - Stop-loss triggered - not trading
2026-03-01 00:06:21,334 - bots.hybrid_bot - WARNING - Stop-loss triggered - not trading
2026-03-01 00:06:21,336 - bots.hybrid_bot - WARNING - Stop-loss triggered - not trading
2026-03-01 00:06:21,337 - bots.hybrid_bot - WARNING - Stop-loss triggered - not trading
2026-03-01 00:06:21,352 - bots.hybrid_bot - WARNING - Stop-loss triggered - not trading
2026-03-01 00:06:21,413 - bots.hybrid_bot - WARNING - Stop-loss triggered - not trading
2026-03-01 00:06:21,414 - bots.hybrid_bot - WARNING - Stop-loss triggered - not trading
2026-03-01 00:06:21,414 - bots.hybrid_bot - WARNING - Stop-loss triggered - not trading
2026-03-01 00:06:21,414 - bots.hybrid_bot - WARNING - Stop-loss triggered - not trading
2026-03-01 00:06:21,415 - bots.hybrid_bot - WARNING - Stop-loss triggered - not trading
2026-03-01 00:06:21,415 - bots.hybrid_bot - WARNING - Stop-loss triggered - not trading
2026-03-01 00:06:21,416 - bots.hybrid_bot - WARNING - Stop-loss triggered - not trading
2026-03-01 00:06:21,418 - bots.hybrid_bot - WARNING - Stop-loss triggered - not trading
2026-03-01 00:06:21,436 - bots.hybrid_bot - WARNING - Stop-loss triggered - not trading
2026-03-01 00:06:21,436 - bots.hybrid_bot - WARNING - Stop-loss triggered - not trading
2026-03-01 00:06:21,438 - bots.hybrid_bot - WARNING - Stop-loss triggered - not trading
2026-03-01 00:06:21,438 - bots.hybrid_bot - WARNING - Stop-loss triggered - not trading
2026-03-01 00:06:21,440 - bots.hybrid_bot - WARNING - Stop-loss triggered - not trading
2026-03-01 00:06:21,440 - bots.hybrid_bot - WARNING - Stop-loss triggered - not trading
2026-03-01 00:06:21,441 - bots.hybrid_bot - WARNING - Stop-loss triggered - not trading
2026-03-01 00:06:21,441 - bots.hybrid_bot - WARNING - Stop-loss triggered - not trading
2026-03-01 00:06:21,442 - bots.hybrid_bot - WARNING - Stop-loss triggered - not trading
2026-03-01 00:06:21,442 - bots.hybrid_bot - WARNING - Stop-loss triggered - not trading
2026-03-01 00:06:21,442 - bots.hybrid_bot - WARNING - Stop-loss triggered - not trading
2026-03-01 00:06:21,454 - bots.hybrid_bot - WARNING - Stop-loss triggered - not trading
2026-03-01 00:06:21,455 - bots.hybrid_bot - WARNING - Stop-loss triggered - not trading
2026-03-01 00:06:21,455 - bots.hybrid_bot - WARNING - Stop-loss triggered - not trading
2026-03-01 00:06:21,456 - bots.hybrid_bot - WARNING - Stop-loss triggered - not trading
2026-03-01 00:06:21,456 - bots.hybrid_bot - WARNING - Stop-loss triggered - not trading
2026-03-01 00:06:21,457 - bots.hybrid_bot - WARNING - Stop-loss triggered - not trading
2026-03-01 00:06:21,457 - bots.hybrid_bot - WARNING - Stop-loss triggered - not trading
2026-03-01 00:06:21,457 - bots.hybrid_bot - WARNING - Stop-loss triggered - not trading
2026-03-01 00:06:21,458 - bots.hybrid_bot - WARNING - Stop-loss triggered - not trading
2026-03-01 00:06:21,460 - bots.hybrid_bot - WARNING - Stop-loss triggered - not trading
2026-03-01 00:06:21,518 - bots.hybrid_bot - WARNING - Stop-loss triggered - not trading
2026-03-01 00:06:21,519 - bots.hybrid_bot - WARNING - Stop-loss triggered - not trading
2026-03-01 00:06:21,520 - bots.hybrid_bot - WARNING - Stop-loss triggered - not trading
2026-03-01 00:06:21,521 - bots.hybrid_bot - WARNING - Stop-loss triggered - not trading
2026-03-01 00:06:21,522 - bots.hybrid_bot - WARNING - Stop-loss triggered - not trading
2026-03-01 00:06:21,544 - bots.hybrid_bot - WARNING - Stop-loss triggered - not trading
2026-03-01 00:06:21,544 - bots.hybrid_bot - WARNING - Stop-loss triggered - not trading
2026-03-01 00:06:21,545 - bots.hybrid_bot - WARNING - Stop-loss triggered - not trading
2026-03-01 00:06:21,548 - bots.hybrid_bot - WARNING - Stop-loss triggered - not trading
2026-03-01 00:06:21,558 - bots.hybrid_bot - WARNING - Stop-loss triggered - not trading
2026-03-01 00:06:21,559 - bots.hybrid_bot - WARNING - Stop-loss triggered - not trading
2026-03-01 00:06:21,560 - bots.hybrid_bot - WARNING - Stop-loss triggered - not trading
2026-03-01 00:06:21,560 - bots.hybrid_bot - WARNING - Stop-loss triggered - not trading
2026-03-01 00:06:21,562 - bots.hybrid_bot - WARNING - Stop-loss triggered - not trading
2026-03-01 00:06:21,562 - bots.hybrid_bot - WARNING - Stop-loss triggered - not trading
2026-03-01 00:06:21,605 - bots.hybrid_bot - WARNING - Stop-loss triggered - not trading
2026-03-01 00:06:21,606 - bots.hybrid_bot - WARNING - Stop-loss triggered - not trading
2026-03-01 00:06:21,606 - bots.hybrid_bot - WARNING - Stop-loss triggered - not trading
2026-03-01 00:06:21,606 - bots.hybrid_bot - WARNING - Stop-loss triggered - not trading
2026-03-01 00:06:21,607 - bots.hybrid_bot - WARNING - Stop-loss triggered - not trading
2026-03-01 00:06:21,607 - bots.hybrid_bot - WARNING - Stop-loss triggered - not trading
2026-03-01 00:06:21,607 - bots.hybrid_bot - WARNING - Stop-loss triggered - not trading
2026-03-01 00:06:21,608 - bots.hybrid_bot - WARNING - Stop-loss triggered - not trading
2026-03-01 00:06:21,608 - bots.hybrid_bot - WARNING - Stop-loss triggered - not trading
2026-03-01 00:06:21,609 - bots.hybrid_bot - WARNING - Stop-loss triggered - not trading
2026-03-01 00:06:21,609 - bots.hybrid_bot - WARNING - Stop-loss triggered - not trading
2026-03-01 00:06:21,612 - bots.hybrid_bot - WARNING - Stop-loss triggered - not trading
2026-03-01 00:06:21,613 - bots.hybrid_bot - WARNING - Stop-loss triggered - not trading
2026-03-01 00:06:21,613 - bots.hybrid_bot - WARNING - Stop-loss triggered - not trading
2026-03-01 00:06:21,614 - bots.hybrid_bot - WARNING - Stop-loss triggered - not trading
2026-03-01 00:06:21,614 - bots.hybrid_bot - WARNING - Stop-loss triggered - not trading
2026-03-01 00:06:21,614 - bots.hybrid_bot - WARNING - Stop-loss triggered - not trading
2026-03-01 00:06:21,615 - bots.hybrid_bot - WARNING - Stop-loss triggered - not trading
2026-03-01 00:06:21,616 - bots.hybrid_bot - WARNING - Stop-loss triggered - not trading
2026-03-01 00:06:21,616 - bots.hybrid_bot - WARNING - Stop-loss triggered - not trading
2026-03-01 00:06:21,617 - bots.hybrid_bot - WARNING - Stop-loss triggered - not trading
2026-03-01 00:06:21,617 - bots.hybrid_bot - WARNING - Stop-loss triggered - not trading
2026-03-01 00:06:21,617 - bots.hybrid_bot - WARNING - Stop-loss triggered - not trading
2026-03-01 00:06:21,617 - bots.hybrid_bot - WARNING - Stop-loss triggered - not trading
2026-03-01 00:06:21,618 - bots.hybrid_bot - WARNING - Stop-loss triggered - not trading
2026-03-01 00:06:21,618 - bots.hybrid_bot - WARNING - Stop-loss triggered - not trading
2026-03-01 00:06:21,619 - bots.hybrid_bot - WARNING - Stop-loss triggered - not trading
2026-03-01 00:06:21,619 - bots.hybrid_bot - WARNING - Stop-loss triggered - not trading
2026-03-01 00:06:21,626 - bots.hybrid_bot - WARNING - Stop-loss triggered - not trading
2026-03-01 00:06:21,627 - bots.hybrid_bot - WARNING - Stop-loss triggered - not trading
2026-03-01 00:06:21,627 - bots.hybrid_bot - WARNING - Stop-loss triggered - not trading
2026-03-01 00:06:21,627 - bots.hybrid_bot - WARNING - Stop-loss triggered - not trading
2026-03-01 00:06:21,628 - bots.hybrid_bot - WARNING - Stop-loss triggered - not trading
2026-03-01 00:06:21,628 - bots.hybrid_bot - WARNING - Stop-loss triggered - not trading
2026-03-01 00:06:21,629 - bots.hybrid_bot - WARNING - Stop-loss triggered - not trading
2026-03-01 00:06:21,644 - bots.hybrid_bot - WARNING - Stop-loss triggered - not trading
2026-03-01 00:06:21,646 - bots.hybrid_bot - WARNING - Stop-loss triggered - not trading
2026-03-01 00:06:21,646 - bots.hybrid_bot - WARNING - Stop-loss triggered - not trading
2026-03-01 00:06:21,647 - bots.hybrid_bot - WARNING - Stop-loss triggered - not trading
2026-03-01 00:06:21,647 - bots.hybrid_bot - WARNING - Stop-loss triggered - not trading
2026-03-01 00:06:21,647 - bots.hybrid_bot - WARNING - Stop-loss triggered - not trading
2026-03-01 00:06:21,648 - bots.hybrid_bot - WARNING - Stop-loss triggered - not trading
2026-03-01 00:06:21,723 - bots.hybrid_bot - WARNING - Stop-loss triggered - not trading
2026-03-01 00:06:21,738 - bots.hybrid_bot - WARNING - Stop-loss triggered - not trading
2026-03-01 00:06:21,740 - bots.hybrid_bot - WARNING - Stop-loss triggered - not trading
2026-03-01 00:06:21,741 - bots.hybrid_bot - WARNING - Stop-loss triggered - not trading
2026-03-01 00:06:21,755 - bots.hybrid_bot - WARNING - Stop-loss triggered - not trading
2026-03-01 00:06:21,756 - bots.hybrid_bot - WARNING - Stop-loss triggered - not trading
2026-03-01 00:06:21,757 - bots.hybrid_bot - WARNING - Stop-loss triggered - not trading
2026-03-01 00:06:21,757 - bots.hybrid_bot - WARNING - Stop-loss triggered - not trading
2026-03-01 00:06:21,758 - bots.hybrid_bot - WARNING - Stop-loss triggered - not trading
2026-03-01 00:06:21,759 - bots.hybrid_bot - WARNING - Stop-loss triggered - not trading
2026-03-01 00:06:21,759 - bots.hybrid_bot - WARNING - Stop-loss triggered - not trading
2026-03-01 00:06:21,764 - bots.hybrid_bot - WARNING - Stop-loss triggered - not trading
2026-03-01 00:06:21,765 - bots.hybrid_bot - WARNING - Stop-loss triggered - not trading
2026-03-01 00:06:21,765 - bots.hybrid_bot - WARNING - Stop-loss triggered - not trading
2026-03-01 00:06:21,766 - bots.hybrid_bot - WARNING - Stop-loss triggered - not trading
2026-03-01 00:06:21,767 - bots.hybrid_bot - WARNING - Stop-loss triggered - not trading
2026-03-01 00:06:21,768 - bots.hybrid_bot - WARNING - Stop-loss triggered - not trading
2026-03-01 00:06:21,768 - bots.hybrid_bot - WARNING - Stop-loss triggered - not trading
2026-03-01 00:06:21,769 - bots.hybrid_bot - WARNING - Stop-loss triggered - not trading
2026-03-01 00:06:21,935 - bots.hybrid_bot - WARNING - Stop-loss triggered - not trading
2026-03-01 00:06:21,935 - bots.hybrid_bot - WARNING - Stop-loss triggered - not trading
2026-03-01 00:06:21,936 - bots.hybrid_bot - WARNING - Stop-loss triggered - not trading
2026-03-01 00:06:21,936 - bots.hybrid_bot - WARNING - Stop-loss triggered - not trading
2026-03-01 00:06:21,937 - bots.hybrid_bot - WARNING - Stop-loss triggered - not trading
2026-03-01 00:06:21,941 - bots.hybrid_bot - WARNING - Stop-loss triggered - not trading
2026-03-01 00:06:21,942 - bots.hybrid_bot - WARNING - Stop-loss triggered - not trading
2026-03-01 00:06:21,942 - bots.hybrid_bot - WARNING - Stop-loss triggered - not trading
2026-03-01 00:06:21,943 - bots.hybrid_bot - WARNING - Stop-loss triggered - not trading
2026-03-01 00:06:21,943 - bots.hybrid_bot - WARNING - Stop-loss triggered - not trading
2026-03-01 00:06:21,943 - bots.hybrid_bot - WARNING - Stop-loss triggered - not trading
2026-03-01 00:06:21,944 - bots.hybrid_bot - WARNING - Stop-loss triggered - not trading
2026-03-01 00:06:21,944 - bots.hybrid_bot - WARNING - Stop-loss triggered - not trading
2026-03-01 00:06:21,944 - bots.hybrid_bot - WARNING - Stop-loss triggered - not trading
2026-03-01 00:06:21,945 - bots.hybrid_bot - WARNING - Stop-loss triggered - not trading
2026-03-01 00:06:21,945 - bots.hybrid_bot - WARNING - Stop-loss triggered - not trading
2026-03-01 00:06:21,946 - bots.hybrid_bot - WARNING - Stop-loss triggered - not trading
2026-03-01 00:06:21,951 - bots.hybrid_bot - WARNING - Stop-loss triggered - not trading
2026-03-01 00:06:22,023 - bots.hybrid_bot - WARNING - Stop-loss triggered - not trading
2026-03-01 00:06:22,038 - bots.hybrid_bot - WARNING - Stop-loss triggered - not trading
2026-03-01 00:06:22,039 - bots.hybrid_bot - WARNING - Stop-loss triggered - not trading
2026-03-01 00:06:22,039 - bots.hybrid_bot - WARNING - Stop-loss triggered - not trading
2026-03-01 00:06:22,040 - bots.hybrid_bot - WARNING - Stop-loss triggered - not trading
2026-03-01 00:06:22,041 - bots.hybrid_bot - WARNING - Stop-loss triggered - not trading
2026-03-01 00:06:22,042 - bots.hybrid_bot - WARNING - Stop-loss triggered - not trading
2026-03-01 00:06:22,046 - bots.hybrid_bot - WARNING - Stop-loss triggered - not trading
2026-03-01 00:06:22,046 - bots.hybrid_bot - WARNING - Stop-loss triggered - not trading
2026-03-01 00:06:22,047 - bots.hybrid_bot - WARNING - Stop-loss triggered - not trading
2026-03-01 00:06:22,048 - bots.hybrid_bot - WARNING - Stop-loss triggered - not trading
2026-03-01 00:06:22,049 - bots.hybrid_bot - WARNING - Stop-loss triggered - not trading
2026-03-01 00:06:22,050 - bots.hybrid_bot - WARNING - Stop-loss triggered - not trading
2026-03-01 00:06:22,050 - bots.hybrid_bot - WARNING - Stop-loss triggered - not trading
2026-03-01 00:06:22,050 - bots.hybrid_bot - WARNING - Stop-loss triggered - not trading
2026-03-01 00:06:22,054 - bots.hybrid_bot - WARNING - Stop-loss triggered - not trading
2026-03-01 00:06:22,087 - bots.hybrid_bot - WARNING - Stop-loss triggered - not trading
2026-03-01 00:06:22,089 - bots.hybrid_bot - WARNING - Stop-loss triggered - not trading
2026-03-01 00:06:22,090 - bots.hybrid_bot - WARNING - Stop-loss triggered - not trading
2026-03-01 00:06:22,091 - bots.hybrid_bot - WARNING - Stop-loss triggered - not trading
2026-03-01 00:06:22,092 - bots.hybrid_bot - WARNING - Stop-loss triggered - not trading
2026-03-01 00:06:22,093 - bots.hybrid_bot - WARNING - Stop-loss triggered - not trading
2026-03-01 00:06:22,094 - bots.hybrid_bot - WARNING - Stop-loss triggered - not trading
2026-03-01 00:06:22,095 - bots.hybrid_bot - WARNING - Stop-loss triggered - not trading
2026-03-01 00:06:22,096 - bots.hybrid_bot - WARNING - Stop-loss triggered - not trading
2026-03-01 00:06:22,099 - bots.hybrid_bot - WARNING - Stop-loss triggered - not trading
2026-03-01 00:06:22,100 - bots.hybrid_bot - WARNING - Stop-loss triggered - not trading
2026-03-01 00:06:22,101 - bots.hybrid_bot - WARNING - Stop-loss triggered - not trading
2026-03-01 00:06:22,103 - bots.hybrid_bot - WARNING - Stop-loss triggered - not trading
2026-03-01 00:06:22,104 - bots.hybrid_bot - WARNING - Stop-loss triggered - not trading
2026-03-01 00:06:22,162 - bots.hybrid_bot - WARNING - Stop-loss triggered - not trading
2026-03-01 00:06:22,163 - bots.hybrid_bot - WARNING - Stop-loss triggered - not trading
2026-03-01 00:06:22,528 - bots.hybrid_bot - WARNING - Stop-loss triggered - not trading
2026-03-01 00:06:22,529 - bots.hybrid_bot - WARNING - Stop-loss triggered - not trading
2026-03-01 00:06:22,735 - bots.hybrid_bot - WARNING - Stop-loss triggered - not trading
2026-03-01 00:06:22,738 - bots.hybrid_bot - WARNING - Stop-loss triggered - not trading
2026-03-01 00:06:23,048 - bots.hybrid_bot - WARNING - Stop-loss triggered - not trading
2026-03-01 00:06:23,249 - bots.hybrid_bot - WARNING - Stop-loss triggered - not trading
2026-03-01 00:06:23,410 - bots.hybrid_bot - WARNING - Stop-loss triggered - not trading
2026-03-01 00:06:23,411 - bots.hybrid_bot - WARNING - Stop-loss triggered - not trading
2026-03-01 00:06:23,411 - bots.hybrid_bot - WARNING - Stop-loss triggered - not trading
2026-03-01 00:06:23,412 - bots.hybrid_bot - WARNING - Stop-loss triggered - not trading
2026-03-01 00:06:23,413 - bots.hybrid_bot - WARNING - Stop-loss triggered - not trading
2026-03-01 00:06:23,414 - bots.hybrid_bot - WARNING - Stop-loss triggered - not trading
2026-03-01 00:06:23,642 - bots.hybrid_bot - WARNING - Stop-loss triggered - not trading
2026-03-01 00:06:23,692 - bots.hybrid_bot - WARNING - Stop-loss triggered - not trading
2026-03-01 00:06:23,702 - bots.hybrid_bot - WARNING - Stop-loss triggered - not trading
2026-03-01 00:06:23,703 - bots.hybrid_bot - WARNING - Stop-loss triggered - not trading
2026-03-01 00:06:23,703 - bots.hybrid_bot - WARNING - Stop-loss triggered - not trading
2026-03-01 00:06:23,703 - bots.hybrid_bot - WARNING - Stop-loss triggered - not trading
2026-03-01 00:06:23,717 - bots.hybrid_bot - WARNING - Stop-loss triggered - not trading
2026-03-01 00:06:23,928 - bots.hybrid_bot - WARNING - Stop-loss triggered - not trading
2026-03-01 00:06:24,114 - bots.hybrid_bot - WARNING - Stop-loss triggered - not trading
2026-03-01 00:06:24,508 - bots.hybrid_bot - WARNING - Stop-loss triggered - not trading
2026-03-01 00:06:24,510 - bots.hybrid_bot - WARNING - Stop-loss triggered - not trading
2026-03-01 00:06:24,911 - bots.hybrid_bot - WARNING - Stop-loss triggered - not trading
2026-03-01 00:06:25,107 - bots.hybrid_bot - WARNING - Stop-loss triggered - not trading
2026-03-01 00:06:25,312 - bots.hybrid_bot - WARNING - Stop-loss triggered - not trading
2026-03-01 00:06:25,313 - bots.hybrid_bot - WARNING - Stop-loss triggered - not trading
2026-03-01 00:06:25,510 - bots.hybrid_bot - WARNING - Stop-loss triggered - not trading
2026-03-01 00:06:25,737 - bots.hybrid_bot - WARNING - Stop-loss triggered - not trading
2026-03-01 00:06:25,917 - bots.hybrid_bot - WARNING - Stop-loss triggered - not trading
2026-03-01 00:06:25,918 - bots.hybrid_bot - WARNING - Stop-loss triggered - not trading
2026-03-01 00:06:26,124 - bots.hybrid_bot - WARNING - Stop-loss triggered - not trading
2026-03-01 00:06:26,314 - bots.hybrid_bot - WARNING - Stop-loss triggered - not trading
2026-03-01 00:06:26,315 - bots.hybrid_bot - WARNING - Stop-loss triggered - not trading
2026-03-01 00:06:26,513 - bots.hybrid_bot - WARNING - Stop-loss triggered - not trading
2026-03-01 00:06:26,713 - bots.hybrid_bot - WARNING - Stop-loss triggered - not trading
2026-03-01 00:06:26,717 - bots.hybrid_bot - WARNING - Stop-loss triggered - not trading
2026-03-01 00:06:26,718 - bots.hybrid_bot - WARNING - Stop-loss triggered - not trading
2026-03-01 00:06:26,719 - bots.hybrid_bot - WARNING - Stop-loss triggered - not trading
2026-03-01 00:06:26,935 - bots.hybrid_bot - WARNING - Stop-loss triggered - not trading
2026-03-01 00:06:26,937 - bots.hybrid_bot - WARNING - Stop-loss triggered - not trading
2026-03-01 00:06:27,167 - bots.hybrid_bot - WARNING - Stop-loss triggered - not trading
2026-03-01 00:06:27,171 - bots.hybrid_bot - WARNING - Stop-loss triggered - not trading
2026-03-01 00:06:27,172 - bots.hybrid_bot - WARNING - Stop-loss triggered - not trading
2026-03-01 00:06:27,173 - bots.hybrid_bot - WARNING - Stop-loss triggered - not trading
2026-03-01 00:06:27,176 - bots.hybrid_bot - WARNING - Stop-loss triggered - not trading
2026-03-01 00:06:27,322 - bots.hybrid_bot - WARNING - Stop-loss triggered - not trading
2026-03-01 00:06:27,322 - bots.hybrid_bot - WARNING - Stop-loss triggered - not trading
2026-03-01 00:06:27,323 - bots.hybrid_bot - WARNING - Stop-loss triggered - not trading
2026-03-01 00:06:27,323 - bots.hybrid_bot - WARNING - Stop-loss triggered - not trading
2026-03-01 00:06:27,513 - bots.hybrid_bot - WARNING - Stop-loss triggered - not trading
2026-03-01 00:06:27,714 - bots.hybrid_bot - WARNING - Stop-loss triggered - not trading
2026-03-01 00:06:27,725 - bots.hybrid_bot - WARNING - Stop-loss triggered - not trading
2026-03-01 00:06:27,726 - bots.hybrid_bot - WARNING - Stop-loss triggered - not trading
2026-03-01 00:06:27,726 - bots.hybrid_bot - WARNING - Stop-loss triggered - not trading
2026-03-01 00:06:27,728 - bots.hybrid_bot - WARNING - Stop-loss triggered - not trading
2026-03-01 00:06:27,729 - bots.hybrid_bot - WARNING - Stop-loss triggered - not trading
2026-03-01 00:06:27,729 - bots.hybrid_bot - WARNING - Stop-loss triggered - not trading
2026-03-01 00:06:27,919 - bots.hybrid_bot - WARNING - Stop-loss triggered - not trading
2026-03-01 00:06:27,921 - bots.hybrid_bot - WARNING - Stop-loss triggered - not trading
2026-03-01 00:06:28,313 - bots.hybrid_bot - WARNING - Stop-loss triggered - not trading
2026-03-01 00:06:28,730 - bots.hybrid_bot - WARNING - Stop-loss triggered - not trading
2026-03-01 00:06:28,748 - bots.hybrid_bot - WARNING - Stop-loss triggered - not trading
2026-03-01 00:06:28,916 - bots.hybrid_bot - WARNING - Stop-loss triggered - not trading
2026-03-01 00:06:28,917 - bots.hybrid_bot - WARNING - Stop-loss triggered - not trading
2026-03-01 00:06:29,322 - bots.hybrid_bot - WARNING - Stop-loss triggered - not trading
2026-03-01 00:06:29,523 - bots.hybrid_bot - WARNING - Stop-loss triggered - not trading
2026-03-01 00:06:29,724 - bots.hybrid_bot - WARNING - Stop-loss triggered - not trading
2026-03-01 00:06:29,725 - bots.hybrid_bot - WARNING - Stop-loss triggered - not trading
2026-03-01 00:06:29,928 - bots.hybrid_bot - WARNING - Stop-loss triggered - not trading
2026-03-01 00:06:29,929 - bots.hybrid_bot - WARNING - Stop-loss triggered - not trading
2026-03-01 00:06:29,930 - bots.hybrid_bot - WARNING - Stop-loss triggered - not trading
2026-03-01 00:06:29,931 - bots.hybrid_bot - WARNING - Stop-loss triggered - not trading
2026-03-01 00:06:29,947 - bots.hybrid_bot - WARNING - Stop-loss triggered - not trading
2026-03-01 00:06:29,950 - bots.hybrid_bot - WARNING - Stop-loss triggered - not trading
2026-03-01 00:06:29,950 - bots.hybrid_bot - WARNING - Stop-loss triggered - not trading
2026-03-01 00:06:29,951 - bots.hybrid_bot - WARNING - Stop-loss triggered - not trading
2026-03-01 00:06:30,135 - bots.hybrid_bot - WARNING - Stop-loss triggered - not trading
2026-03-01 00:06:30,329 - bots.hybrid_bot - WARNING - Stop-loss triggered - not trading
2026-03-01 00:06:30,330 - bots.hybrid_bot - WARNING - Stop-loss triggered - not trading
2026-03-01 00:06:30,544 - bots.hybrid_bot - WARNING - Stop-loss triggered - not trading
2026-03-01 00:06:30,545 - bots.hybrid_bot - WARNING - Stop-loss triggered - not trading
2026-03-01 00:06:30,734 - bots.hybrid_bot - WARNING - Stop-loss triggered - not trading
2026-03-01 00:06:30,735 - bots.hybrid_bot - WARNING - Stop-loss triggered - not trading
2026-03-01 00:06:30,947 - bots.hybrid_bot - WARNING - Stop-loss triggered - not trading
2026-03-01 00:06:30,948 - bots.hybrid_bot - WARNING - Stop-loss triggered - not trading
2026-03-01 00:06:31,163 - bots.hybrid_bot - WARNING - Stop-loss triggered - not trading
2026-03-01 00:06:31,363 - bots.hybrid_bot - WARNING - Stop-loss triggered - not trading
2026-03-01 00:06:31,364 - bots.hybrid_bot - WARNING - Stop-loss triggered - not trading
2026-03-01 00:06:31,365 - bots.hybrid_bot - WARNING - Stop-loss triggered - not trading
2026-03-01 00:06:31,367 - bots.hybrid_bot - WARNING - Stop-loss triggered - not trading
2026-03-01 00:06:31,367 - bots.hybrid_bot - WARNING - Stop-loss triggered - not trading
2026-03-01 00:06:31,368 - bots.hybrid_bot - WARNING - Stop-loss triggered - not trading
2026-03-01 00:06:31,368 - bots.hybrid_bot - WARNING - Stop-loss triggered - not trading
2026-03-01 00:06:31,369 - bots.hybrid_bot - WARNING - Stop-loss triggered - not trading
2026-03-01 00:06:31,530 - bots.hybrid_bot - WARNING - Stop-loss triggered - not trading
2026-03-01 00:06:31,531 - bots.hybrid_bot - WARNING - Stop-loss triggered - not trading
2026-03-01 00:06:31,531 - bots.hybrid_bot - WARNING - Stop-loss triggered - not trading
2026-03-01 00:06:31,731 - bots.hybrid_bot - WARNING - Stop-loss triggered - not trading
2026-03-01 00:06:31,732 - bots.hybrid_bot - WARNING - Stop-loss triggered - not trading
2026-03-01 00:06:31,733 - bots.hybrid_bot - WARNING - Stop-loss triggered - not trading
2026-03-01 00:06:31,733 - bots.hybrid_bot - WARNING - Stop-loss triggered - not trading
2026-03-01 00:06:31,734 - bots.hybrid_bot - WARNING - Stop-loss triggered - not trading
2026-03-01 00:06:31,735 - bots.hybrid_bot - WARNING - Stop-loss triggered - not trading
2026-03-01 00:06:31,735 - bots.hybrid_bot - WARNING - Stop-loss triggered - not trading
2026-03-01 00:06:31,955 - bots.hybrid_bot - WARNING - Stop-loss triggered - not trading
2026-03-01 00:06:31,955 - bots.hybrid_bot - WARNING - Stop-loss triggered - not trading
2026-03-01 00:06:31,956 - bots.hybrid_bot - WARNING - Stop-loss triggered - not trading
2026-03-01 00:06:31,957 - bots.hybrid_bot - WARNING - Stop-loss triggered - not trading
2026-03-01 00:06:32,136 - bots.hybrid_bot - WARNING - Stop-loss triggered - not trading
2026-03-01 00:06:32,137 - bots.hybrid_bot - WARNING - Stop-loss triggered - not trading
2026-03-01 00:06:32,418 - bots.hybrid_bot - WARNING - Stop-loss triggered - not trading
2026-03-01 00:06:32,537 - bots.hybrid_bot - WARNING - Stop-loss triggered - not trading
2026-03-01 00:06:32,539 - bots.hybrid_bot - WARNING - Stop-loss triggered - not trading
2026-03-01 00:06:32,547 - bots.hybrid_bot - WARNING - Stop-loss triggered - not trading
2026-03-01 00:06:32,549 - bots.hybrid_bot - WARNING - Stop-loss triggered - not trading
2026-03-01 00:06:32,748 - bots.hybrid_bot - WARNING - Stop-loss triggered - not trading
2026-03-01 00:06:32,749 - bots.hybrid_bot - WARNING - Stop-loss triggered - not trading
2026-03-01 00:06:32,939 - bots.hybrid_bot - WARNING - Stop-loss triggered - not trading
2026-03-01 00:06:32,942 - bots.hybrid_bot - WARNING - Stop-loss triggered - not trading
2026-03-01 00:06:32,943 - bots.hybrid_bot - WARNING - Stop-loss triggered - not trading
2026-03-01 00:06:32,945 - bots.hybrid_bot - WARNING - Stop-loss triggered - not trading
2026-03-01 00:06:32,945 - bots.hybrid_bot - WARNING - Stop-loss triggered - not trading
2026-03-01 00:06:32,945 - bots.hybrid_bot - WARNING - Stop-loss triggered - not trading
2026-03-01 00:06:33,131 - bots.hybrid_bot - WARNING - Stop-loss triggered - not trading
2026-03-01 00:06:33,131 - bots.hybrid_bot - WARNING - Stop-loss triggered - not trading
2026-03-01 00:06:33,336 - bots.hybrid_bot - WARNING - Stop-loss triggered - not trading
2026-03-01 00:06:33,337 - bots.hybrid_bot - WARNING - Stop-loss triggered - not trading
2026-03-01 00:06:33,532 - bots.hybrid_bot - WARNING - Stop-loss triggered - not trading
2026-03-01 00:06:33,742 - bots.hybrid_bot - WARNING - Stop-loss triggered - not trading
2026-03-01 00:06:33,743 - bots.hybrid_bot - WARNING - Stop-loss triggered - not trading
2026-03-01 00:06:33,745 - bots.hybrid_bot - WARNING - Stop-loss triggered - not trading
2026-03-01 00:06:33,931 - bots.hybrid_bot - WARNING - Stop-loss triggered - not trading
2026-03-01 00:06:33,932 - bots.hybrid_bot - WARNING - Stop-loss triggered - not trading
2026-03-01 00:06:34,137 - bots.hybrid_bot - WARNING - Stop-loss triggered - not trading
2026-03-01 00:06:34,337 - bots.hybrid_bot - WARNING - Stop-loss triggered - not trading
2026-03-01 00:06:34,338 - bots.hybrid_bot - WARNING - Stop-loss triggered - not trading
2026-03-01 00:06:34,535 - bots.hybrid_bot - WARNING - Stop-loss triggered - not trading
2026-03-01 00:06:34,734 - bots.hybrid_bot - WARNING - Stop-loss triggered - not trading
2026-03-01 00:06:34,736 - bots.hybrid_bot - WARNING - Stop-loss triggered - not trading
2026-03-01 00:06:34,937 - bots.hybrid_bot - WARNING - Stop-loss triggered - not trading
2026-03-01 00:06:35,040 - bots.hybrid_bot - WARNING - Stop-loss triggered - not trading
2026-03-01 00:06:35,113 - bots.hybrid_bot - WARNING - Stop-loss triggered - not trading
2026-03-01 00:06:35,133 - bots.hybrid_bot - WARNING - Stop-loss triggered - not trading
2026-03-01 00:06:35,134 - bots.hybrid_bot - WARNING - Stop-loss triggered - not trading
2026-03-01 00:06:35,135 - bots.hybrid_bot - WARNING - Stop-loss triggered - not trading
2026-03-01 00:06:35,135 - bots.hybrid_bot - WARNING - Stop-loss triggered - not trading
2026-03-01 00:06:35,135 - bots.hybrid_bot - WARNING - Stop-loss triggered - not trading
2026-03-01 00:06:35,139 - bots.hybrid_bot - WARNING - Stop-loss triggered - not trading
2026-03-01 00:06:35,142 - bots.hybrid_bot - WARNING - Stop-loss triggered - not trading
2026-03-01 00:06:35,178 - bots.hybrid_bot - WARNING - Stop-loss triggered - not trading
2026-03-01 00:06:35,260 - bots.hybrid_bot - WARNING - Stop-loss triggered - not trading
2026-03-01 00:06:35,341 - bots.hybrid_bot - WARNING - Stop-loss triggered - not trading
2026-03-01 00:06:35,575 - bots.hybrid_bot - WARNING - Stop-loss triggered - not trading
2026-03-01 00:06:35,577 - bots.hybrid_bot - WARNING - Stop-loss triggered - not trading
2026-03-01 00:06:35,578 - bots.hybrid_bot - WARNING - Stop-loss triggered - not trading
2026-03-01 00:06:35,579 - bots.hybrid_bot - WARNING - Stop-loss triggered - not trading
2026-03-01 00:06:35,581 - bots.hybrid_bot - WARNING - Stop-loss triggered - not trading
2026-03-01 00:06:35,583 - bots.hybrid_bot - WARNING - Stop-loss triggered - not trading
2026-03-01 00:06:35,584 - bots.hybrid_bot - WARNING - Stop-loss triggered - not trading
2026-03-01 00:06:35,586 - bots.hybrid_bot - WARNING - Stop-loss triggered - not trading
2026-03-01 00:06:35,750 - bots.hybrid_bot - WARNING - Stop-loss triggered - not trading
2026-03-01 00:06:35,751 - bots.hybrid_bot - WARNING - Stop-loss triggered - not trading
2026-03-01 00:06:35,826 - bots.hybrid_bot - WARNING - Stop-loss triggered - not trading
2026-03-01 00:06:35,875 - bots.hybrid_bot - WARNING - Stop-loss triggered - not trading
2026-03-01 00:06:35,944 - bots.hybrid_bot - WARNING - Stop-loss triggered - not trading
2026-03-01 00:06:35,946 - bots.hybrid_bot - WARNING - Stop-loss triggered - not trading
2026-03-01 00:06:35,947 - bots.hybrid_bot - WARNING - Stop-loss triggered - not trading
2026-03-01 00:06:35,955 - bots.hybrid_bot - WARNING - Stop-loss triggered - not trading
2026-03-01 00:06:35,956 - bots.hybrid_bot - WARNING - Stop-loss triggered - not trading
2026-03-01 00:06:36,360 - bots.hybrid_bot - WARNING - Stop-loss triggered - not trading
2026-03-01 00:06:36,361 - bots.hybrid_bot - WARNING - Stop-loss triggered - not trading
2026-03-01 00:06:36,361 - bots.hybrid_bot - WARNING - Stop-loss triggered - not trading
2026-03-01 00:06:36,747 - bots.hybrid_bot - WARNING - Stop-loss triggered - not trading
2026-03-01 00:06:37,077 - bots.hybrid_bot - WARNING - Stop-loss triggered - not trading
2026-03-01 00:06:37,078 - bots.hybrid_bot - WARNING - Stop-loss triggered - not trading
2026-03-01 00:06:37,079 - bots.hybrid_bot - WARNING - Stop-loss triggered - not trading
2026-03-01 00:06:37,934 - bots.hybrid_bot - WARNING - Stop-loss triggered - not trading
2026-03-01 00:06:37,935 - bots.hybrid_bot - WARNING - Stop-loss triggered - not trading
2026-03-01 00:06:38,573 - bots.hybrid_bot - WARNING - Stop-loss triggered - not trading
2026-03-01 00:06:38,573 - bots.hybrid_bot - WARNING - Stop-loss triggered - not trading
2026-03-01 00:06:38,730 - bots.hybrid_bot - WARNING - Stop-loss triggered - not trading
2026-03-01 00:06:38,730 - bots.hybrid_bot - WARNING - Stop-loss triggered - not trading
2026-03-01 00:06:38,731 - bots.hybrid_bot - WARNING - Stop-loss triggered - not trading
2026-03-01 00:06:38,745 - bots.hybrid_bot - WARNING - Stop-loss triggered - not trading
2026-03-01 00:06:38,746 - bots.hybrid_bot - WARNING - Stop-loss triggered - not trading
2026-03-01 00:06:38,746 - bots.hybrid_bot - WARNING - Stop-loss triggered - not trading
2026-03-01 00:06:39,088 - bots.hybrid_bot - WARNING - Stop-loss triggered - not trading
2026-03-01 00:06:39,552 - bots.hybrid_bot - WARNING - Stop-loss triggered - not trading
2026-03-01 00:06:39,559 - bots.hybrid_bot - WARNING - Stop-loss triggered - not trading
2026-03-01 00:06:39,560 - bots.hybrid_bot - WARNING - Stop-loss triggered - not trading
2026-03-01 00:06:39,561 - bots.hybrid_bot - WARNING - Stop-loss triggered - not trading
2026-03-01 00:06:39,562 - bots.hybrid_bot - WARNING - Stop-loss triggered - not trading
2026-03-01 00:06:39,562 - bots.hybrid_bot - WARNING - Stop-loss triggered - not trading
2026-03-01 00:06:39,564 - bots.hybrid_bot - WARNING - Stop-loss triggered - not trading
2026-03-01 00:06:39,839 - bots.hybrid_bot - WARNING - Stop-loss triggered - not trading
2026-03-01 00:06:39,840 - bots.hybrid_bot - WARNING - Stop-loss triggered - not trading
2026-03-01 00:06:39,841 - bots.hybrid_bot - WARNING - Stop-loss triggered - not trading
2026-03-01 00:06:39,841 - bots.hybrid_bot - WARNING - Stop-loss triggered - not trading
2026-03-01 00:06:39,848 - bots.hybrid_bot - WARNING - Stop-loss triggered - not trading
2026-03-01 00:06:39,850 - bots.hybrid_bot - WARNING - Stop-loss triggered - not trading
2026-03-01 00:06:39,851 - bots.hybrid_bot - WARNING - Stop-loss triggered - not trading
2026-03-01 00:06:39,957 - bots.hybrid_bot - WARNING - Stop-loss triggered - not trading
2026-03-01 00:06:40,491 - bots.hybrid_bot - WARNING - Stop-loss triggered - not trading
2026-03-01 00:06:40,493 - bots.hybrid_bot - WARNING - Stop-loss triggered - not trading
2026-03-01 00:06:40,656 - bots.hybrid_bot - WARNING - Stop-loss triggered - not trading
2026-03-01 00:06:40,965 - bots.hybrid_bot - WARNING - Stop-loss triggered - not trading
2026-03-01 00:06:40,988 - bots.hybrid_bot - WARNING - Stop-loss triggered - not trading
2026-03-01 00:06:41,083 - bots.hybrid_bot - WARNING - Stop-loss triggered - not trading
2026-03-01 00:06:41,109 - bots.hybrid_bot - WARNING - Stop-loss triggered - not trading
2026-03-01 00:06:41,115 - bots.hybrid_bot - WARNING - Stop-loss triggered - not trading
2026-03-01 00:06:41,131 - bots.hybrid_bot - WARNING - Stop-loss triggered - not trading
2026-03-01 00:06:41,131 - bots.hybrid_bot - WARNING - Stop-loss triggered - not trading
2026-03-01 00:06:41,131 - bots.hybrid_bot - WARNING - Stop-loss triggered - not trading
2026-03-01 00:06:41,138 - bots.hybrid_bot - WARNING - Stop-loss triggered - not trading
2026-03-01 00:06:41,151 - bots.hybrid_bot - WARNING - Stop-loss triggered - not trading
2026-03-01 00:06:41,158 - bots.hybrid_bot - WARNING - Stop-loss triggered - not trading
2026-03-01 00:06:41,173 - bots.hybrid_bot - WARNING - Stop-loss triggered - not trading
2026-03-01 00:06:41,184 - bots.hybrid_bot - WARNING - Stop-loss triggered - not trading
2026-03-01 00:06:41,187 - bots.hybrid_bot - WARNING - Stop-loss triggered - not trading
2026-03-01 00:06:41,346 - bots.hybrid_bot - WARNING - Stop-loss triggered - not trading
2026-03-01 00:06:41,356 - bots.hybrid_bot - WARNING - Stop-loss triggered - not trading
2026-03-01 00:06:41,360 - bots.hybrid_bot - WARNING - Stop-loss triggered - not trading
2026-03-01 00:06:41,543 - bots.hybrid_bot - WARNING - Stop-loss triggered - not trading
2026-03-01 00:06:41,544 - bots.hybrid_bot - WARNING - Stop-loss triggered - not trading
2026-03-01 00:06:41,745 - bots.hybrid_bot - WARNING - Stop-loss triggered - not trading
2026-03-01 00:06:41,747 - bots.hybrid_bot - WARNING - Stop-loss triggered - not trading
2026-03-01 00:06:41,747 - bots.hybrid_bot - WARNING - Stop-loss triggered - not trading
2026-03-01 00:06:41,954 - bots.hybrid_bot - WARNING - Stop-loss triggered - not trading
2026-03-01 00:06:41,961 - bots.hybrid_bot - WARNING - Stop-loss triggered - not trading
2026-03-01 00:06:42,278 - bots.hybrid_bot - WARNING - Stop-loss triggered - not trading
2026-03-01 00:06:42,281 - bots.hybrid_bot - WARNING - Stop-loss triggered - not trading
2026-03-01 00:06:42,403 - bots.hybrid_bot - WARNING - Stop-loss triggered - not trading
2026-03-01 00:06:42,404 - bots.hybrid_bot - WARNING - Stop-loss triggered - not trading
2026-03-01 00:06:42,753 - bots.hybrid_bot - WARNING - Stop-loss triggered - not trading
2026-03-01 00:06:42,755 - bots.hybrid_bot - WARNING - Stop-loss triggered - not trading
2026-03-01 00:06:43,151 - bots.hybrid_bot - WARNING - Stop-loss triggered - not trading
2026-03-01 00:06:43,151 - bots.hybrid_bot - WARNING - Stop-loss triggered - not trading
2026-03-01 00:06:43,151 - bots.hybrid_bot - WARNING - Stop-loss triggered - not trading
2026-03-01 00:06:43,152 - bots.hybrid_bot - WARNING - Stop-loss triggered - not trading
2026-03-01 00:06:43,153 - bots.hybrid_bot - WARNING - Stop-loss triggered - not trading
2026-03-01 00:06:43,153 - bots.hybrid_bot - WARNING - Stop-loss triggered - not trading
2026-03-01 00:06:43,155 - bots.hybrid_bot - WARNING - Stop-loss triggered - not trading
2026-03-01 00:06:43,371 - bots.hybrid_bot - WARNING - Stop-loss triggered - not trading
2026-03-01 00:06:43,372 - bots.hybrid_bot - WARNING - Stop-loss triggered - not trading
2026-03-01 00:06:43,565 - bots.hybrid_bot - WARNING - Stop-loss triggered - not trading
2026-03-01 00:06:43,566 - bots.hybrid_bot - WARNING - Stop-loss triggered - not trading
2026-03-01 00:06:43,568 - bots.hybrid_bot - WARNING - Stop-loss triggered - not trading
2026-03-01 00:06:43,569 - bots.hybrid_bot - WARNING - Stop-loss triggered - not trading
2026-03-01 00:06:43,569 - bots.hybrid_bot - WARNING - Stop-loss triggered - not trading
2026-03-01 00:06:43,569 - bots.hybrid_bot - WARNING - Stop-loss triggered - not trading
2026-03-01 00:06:43,571 - bots.hybrid_bot - WARNING - Stop-loss triggered - not trading
2026-03-01 00:06:43,748 - bots.hybrid_bot - WARNING - Stop-loss triggered - not trading
2026-03-01 00:06:43,950 - bots.hybrid_bot - WARNING - Stop-loss triggered - not trading
2026-03-01 00:06:44,146 - bots.hybrid_bot - WARNING - Stop-loss triggered - not trading
2026-03-01 00:06:44,148 - bots.hybrid_bot - WARNING - Stop-loss triggered - not trading
2026-03-01 00:06:44,353 - bots.hybrid_bot - WARNING - Stop-loss triggered - not trading
2026-03-01 00:06:44,353 - bots.hybrid_bot - WARNING - Stop-loss triggered - not trading
2026-03-01 00:06:44,751 - bots.hybrid_bot - WARNING - Stop-loss triggered - not trading
2026-03-01 00:06:44,752 - bots.hybrid_bot - WARNING - Stop-loss triggered - not trading
2026-03-01 00:06:45,380 - bots.hybrid_bot - WARNING - Stop-loss triggered - not trading
2026-03-01 00:06:45,383 - bots.hybrid_bot - WARNING - Stop-loss triggered - not trading
2026-03-01 00:06:45,559 - bots.hybrid_bot - WARNING - Stop-loss triggered - not trading
2026-03-01 00:06:45,759 - bots.hybrid_bot - WARNING - Stop-loss triggered - not trading
2026-03-01 00:06:45,760 - bots.hybrid_bot - WARNING - Stop-loss triggered - not trading
2026-03-01 00:06:46,762 - bots.hybrid_bot - WARNING - Stop-loss triggered - not trading
2026-03-01 00:06:46,766 - bots.hybrid_bot - WARNING - Stop-loss triggered - not trading
2026-03-01 00:06:46,954 - bots.hybrid_bot - WARNING - Stop-loss triggered - not trading
2026-03-01 00:06:47,154 - bots.hybrid_bot - WARNING - Stop-loss triggered - not trading
2026-03-01 00:06:47,155 - bots.hybrid_bot - WARNING - Stop-loss triggered - not trading
2026-03-01 00:06:47,156 - bots.hybrid_bot - WARNING - Stop-loss triggered - not trading
2026-03-01 00:06:47,156 - bots.hybrid_bot - WARNING - Stop-loss triggered - not trading
2026-03-01 00:06:47,157 - bots.hybrid_bot - WARNING - Stop-loss triggered - not trading
2026-03-01 00:06:47,179 - bots.hybrid_bot - WARNING - Stop-loss triggered - not trading
2026-03-01 00:06:47,180 - bots.hybrid_bot - WARNING - Stop-loss triggered - not trading
2026-03-01 00:06:47,350 - bots.hybrid_bot - WARNING - Stop-loss triggered - not trading
2026-03-01 00:06:47,553 - bots.hybrid_bot - WARNING - Stop-loss triggered - not trading
2026-03-01 00:06:47,564 - bots.hybrid_bot - WARNING - Stop-loss triggered - not trading
2026-03-01 00:06:47,567 - bots.hybrid_bot - WARNING - Stop-loss triggered - not trading
2026-03-01 00:06:47,568 - bots.hybrid_bot - WARNING - Stop-loss triggered - not trading
2026-03-01 00:06:47,569 - bots.hybrid_bot - WARNING - Stop-loss triggered - not trading
2026-03-01 00:06:47,578 - bots.hybrid_bot - WARNING - Stop-loss triggered - not trading
2026-03-01 00:06:47,754 - bots.hybrid_bot - WARNING - Stop-loss triggered - not trading
2026-03-01 00:06:47,755 - bots.hybrid_bot - WARNING - Stop-loss triggered - not trading
2026-03-01 00:06:48,158 - bots.hybrid_bot - WARNING - Stop-loss triggered - not trading
2026-03-01 00:06:48,806 - bots.hybrid_bot - WARNING - Stop-loss triggered - not trading
2026-03-01 00:06:48,808 - bots.hybrid_bot - WARNING - Stop-loss triggered - not trading
2026-03-01 00:06:48,830 - bots.hybrid_bot - WARNING - Stop-loss triggered - not trading
2026-03-01 00:06:49,357 - bots.hybrid_bot - WARNING - Stop-loss triggered - not trading
2026-03-01 00:06:49,560 - bots.hybrid_bot - WARNING - Stop-loss triggered - not trading
2026-03-01 00:06:49,757 - bots.hybrid_bot - WARNING - Stop-loss triggered - not trading
2026-03-01 00:06:49,758 - bots.hybrid_bot - WARNING - Stop-loss triggered - not trading
2026-03-01 00:06:49,776 - bots.hybrid_bot - WARNING - Stop-loss triggered - not trading
2026-03-01 00:06:49,957 - bots.hybrid_bot - WARNING - Stop-loss triggered - not trading
2026-03-01 00:06:50,362 - bots.hybrid_bot - WARNING - Stop-loss triggered - not trading
2026-03-01 00:06:50,567 - bots.hybrid_bot - WARNING - Stop-loss triggered - not trading
2026-03-01 00:06:50,804 - bots.hybrid_bot - WARNING - Stop-loss triggered - not trading
2026-03-01 00:06:50,805 - bots.hybrid_bot - WARNING - Stop-loss triggered - not trading
2026-03-01 00:06:50,805 - bots.hybrid_bot - WARNING - Stop-loss triggered - not trading
2026-03-01 00:06:50,810 - bots.hybrid_bot - WARNING - Stop-loss triggered - not trading
2026-03-01 00:06:50,828 - bots.hybrid_bot - WARNING - Stop-loss triggered - not trading
2026-03-01 00:06:50,831 - bots.hybrid_bot - WARNING - Stop-loss triggered - not trading
2026-03-01 00:06:50,832 - bots.hybrid_bot - WARNING - Stop-loss triggered - not trading
2026-03-01 00:06:50,960 - bots.hybrid_bot - WARNING - Stop-loss triggered - not trading
2026-03-01 00:06:51,161 - bots.hybrid_bot - WARNING - Stop-loss triggered - not trading
2026-03-01 00:06:51,162 - bots.hybrid_bot - WARNING - Stop-loss triggered - not trading
2026-03-01 00:06:51,163 - bots.hybrid_bot - WARNING - Stop-loss triggered - not trading
2026-03-01 00:06:51,164 - bots.hybrid_bot - WARNING - Stop-loss triggered - not trading
2026-03-01 00:06:51,164 - bots.hybrid_bot - WARNING - Stop-loss triggered - not trading
2026-03-01 00:06:51,186 - bots.hybrid_bot - WARNING - Stop-loss triggered - not trading
2026-03-01 00:06:51,187 - bots.hybrid_bot - WARNING - Stop-loss triggered - not trading
2026-03-01 00:06:51,621 - bots.hybrid_bot - WARNING - Stop-loss triggered - not trading
2026-03-01 00:06:51,622 - bots.hybrid_bot - WARNING - Stop-loss triggered - not trading
2026-03-01 00:06:51,778 - bots.hybrid_bot - WARNING - Stop-loss triggered - not trading
2026-03-01 00:06:52,165 - bots.hybrid_bot - WARNING - Stop-loss triggered - not trading
2026-03-01 00:06:52,364 - bots.hybrid_bot - WARNING - Stop-loss triggered - not trading
2026-03-01 00:06:52,585 - bots.hybrid_bot - WARNING - Stop-loss triggered - not trading
2026-03-01 00:06:52,766 - bots.hybrid_bot - WARNING - Stop-loss triggered - not trading
2026-03-01 00:06:52,964 - bots.hybrid_bot - WARNING - Stop-loss triggered - not trading
2026-03-01 00:06:52,969 - bots.hybrid_bot - WARNING - Stop-loss triggered - not trading
2026-03-01 00:06:53,179 - bots.hybrid_bot - WARNING - Stop-loss triggered - not trading
2026-03-01 00:06:53,180 - bots.hybrid_bot - WARNING - Stop-loss triggered - not trading
2026-03-01 00:06:53,397 - bots.hybrid_bot - WARNING - Stop-loss triggered - not trading
2026-03-01 00:06:53,397 - bots.hybrid_bot - WARNING - Stop-loss triggered - not trading
2026-03-01 00:06:53,398 - bots.hybrid_bot - WARNING - Stop-loss triggered - not trading
2026-03-01 00:06:53,767 - bots.hybrid_bot - WARNING - Stop-loss triggered - not trading
2026-03-01 00:06:53,772 - bots.hybrid_bot - WARNING - Stop-loss triggered - not trading
2026-03-01 00:06:54,439 - bots.hybrid_bot - WARNING - Stop-loss triggered - not trading
2026-03-01 00:06:54,521 - bots.hybrid_bot - WARNING - Stop-loss triggered - not trading
2026-03-01 00:06:54,604 - bots.hybrid_bot - WARNING - Stop-loss triggered - not trading
2026-03-01 00:06:54,605 - bots.hybrid_bot - WARNING - Stop-loss triggered - not trading
2026-03-01 00:06:54,607 - bots.hybrid_bot - WARNING - Stop-loss triggered - not trading
2026-03-01 00:06:54,609 - bots.hybrid_bot - WARNING - Stop-loss triggered - not trading
2026-03-01 00:06:54,656 - bots.hybrid_bot - WARNING - Stop-loss triggered - not trading
2026-03-01 00:06:54,657 - bots.hybrid_bot - WARNING - Stop-loss triggered - not trading
2026-03-01 00:06:54,658 - bots.hybrid_bot - WARNING - Stop-loss triggered - not trading
2026-03-01 00:06:54,659 - bots.hybrid_bot - WARNING - Stop-loss triggered - not trading
2026-03-01 00:06:54,770 - bots.hybrid_bot - WARNING - Stop-loss triggered - not trading
2026-03-01 00:06:54,771 - bots.hybrid_bot - WARNING - Stop-loss triggered - not trading
2026-03-01 00:06:54,772 - bots.hybrid_bot - WARNING - Stop-loss triggered - not trading
2026-03-01 00:06:54,798 - bots.hybrid_bot - WARNING - Stop-loss triggered - not trading
2026-03-01 00:06:54,862 - bots.hybrid_bot - WARNING - Stop-loss triggered - not trading
2026-03-01 00:06:54,975 - bots.hybrid_bot - WARNING - Stop-loss triggered - not trading
2026-03-01 00:06:54,981 - bots.hybrid_bot - WARNING - Stop-loss triggered - not trading
2026-03-01 00:06:54,982 - bots.hybrid_bot - WARNING - Stop-loss triggered - not trading
2026-03-01 00:06:54,982 - bots.hybrid_bot - WARNING - Stop-loss triggered - not trading
2026-03-01 00:06:54,983 - bots.hybrid_bot - WARNING - Stop-loss triggered - not trading
2026-03-01 00:06:54,983 - bots.hybrid_bot - WARNING - Stop-loss triggered - not trading
2026-03-01 00:06:55,022 - bots.hybrid_bot - WARNING - Stop-loss triggered - not trading
2026-03-01 00:06:55,024 - bots.hybrid_bot - WARNING - Stop-loss triggered - not trading
2026-03-01 00:06:55,103 - bots.hybrid_bot - WARNING - Stop-loss triggered - not trading
2026-03-01 00:06:55,179 - bots.hybrid_bot - WARNING - Stop-loss triggered - not trading
2026-03-01 00:06:55,180 - bots.hybrid_bot - WARNING - Stop-loss triggered - not trading
2026-03-01 00:06:55,181 - bots.hybrid_bot - WARNING - Stop-loss triggered - not trading
2026-03-01 00:06:55,206 - bots.hybrid_bot - WARNING - Stop-loss triggered - not trading
2026-03-01 00:06:55,289 - bots.hybrid_bot - WARNING - Stop-loss triggered - not trading
2026-03-01 00:06:55,367 - bots.hybrid_bot - WARNING - Stop-loss triggered - not trading
2026-03-01 00:06:55,371 - bots.hybrid_bot - WARNING - Stop-loss triggered - not trading
2026-03-01 00:06:55,854 - bots.hybrid_bot - WARNING - Stop-loss triggered - not trading
2026-03-01 00:06:55,856 - bots.hybrid_bot - WARNING - Stop-loss triggered - not trading
2026-03-01 00:06:56,184 - bots.hybrid_bot - WARNING - Stop-loss triggered - not trading
2026-03-01 00:06:56,400 - bots.hybrid_bot - WARNING - Stop-loss triggered - not trading
2026-03-01 00:06:56,698 - bots.hybrid_bot - WARNING - Stop-loss triggered - not trading
2026-03-01 00:06:56,915 - bots.hybrid_bot - WARNING - Stop-loss triggered - not trading
2026-03-01 00:06:56,915 - bots.hybrid_bot - WARNING - Stop-loss triggered - not trading
2026-03-01 00:06:56,915 - bots.hybrid_bot - WARNING - Stop-loss triggered - not trading
2026-03-01 00:06:56,916 - bots.hybrid_bot - WARNING - Stop-loss triggered - not trading
2026-03-01 00:06:57,020 - bots.hybrid_bot - WARNING - Stop-loss triggered - not trading
2026-03-01 00:06:57,020 - bots.hybrid_bot - WARNING - Stop-loss triggered - not trading
2026-03-01 00:06:57,024 - bots.hybrid_bot - WARNING - Stop-loss triggered - not trading
2026-03-01 00:06:57,027 - bots.hybrid_bot - WARNING - Stop-loss triggered - not trading
2026-03-01 00:06:57,377 - bots.hybrid_bot - WARNING - Stop-loss triggered - not trading
2026-03-01 00:06:57,378 - bots.hybrid_bot - WARNING - Stop-loss triggered - not trading
2026-03-01 00:06:57,379 - bots.hybrid_bot - WARNING - Stop-loss triggered - not trading
2026-03-01 00:06:57,585 - bots.hybrid_bot - WARNING - Stop-loss triggered - not trading
2026-03-01 00:06:57,586 - bots.hybrid_bot - WARNING - Stop-loss triggered - not trading
2026-03-01 00:06:57,922 - bots.hybrid_bot - WARNING - Stop-loss triggered - not trading
2026-03-01 00:06:57,922 - bots.hybrid_bot - WARNING - Stop-loss triggered - not trading
2026-03-01 00:06:57,924 - bots.hybrid_bot - WARNING - Stop-loss triggered - not trading
2026-03-01 00:06:57,942 - bots.hybrid_bot - WARNING - Stop-loss triggered - not trading
2026-03-01 00:06:58,244 - bots.hybrid_bot - WARNING - Stop-loss triggered - not trading
2026-03-01 00:06:58,318 - bots.hybrid_bot - WARNING - Stop-loss triggered - not trading
2026-03-01 00:06:58,496 - bots.hybrid_bot - WARNING - Stop-loss triggered - not trading
2026-03-01 00:06:58,510 - bots.hybrid_bot - WARNING - Stop-loss triggered - not trading
2026-03-01 00:06:58,639 - bots.hybrid_bot - WARNING - Stop-loss triggered - not trading
2026-03-01 00:06:58,641 - bots.hybrid_bot - WARNING - Stop-loss triggered - not trading
2026-03-01 00:06:58,644 - bots.hybrid_bot - WARNING - Stop-loss triggered - not trading
2026-03-01 00:06:58,644 - bots.hybrid_bot - WARNING - Stop-loss triggered - not trading
2026-03-01 00:06:58,644 - bots.hybrid_bot - WARNING - Stop-loss triggered - not trading
2026-03-01 00:06:58,649 - bots.hybrid_bot - WARNING - Stop-loss triggered - not trading
2026-03-01 00:06:58,656 - bots.hybrid_bot - WARNING - Stop-loss triggered - not trading
2026-03-01 00:06:58,790 - bots.hybrid_bot - WARNING - Stop-loss triggered - not trading
2026-03-01 00:06:58,790 - bots.hybrid_bot - WARNING - Stop-loss triggered - not trading
2026-03-01 00:06:58,792 - bots.hybrid_bot - WARNING - Stop-loss triggered - not trading
2026-03-01 00:06:58,793 - bots.hybrid_bot - WARNING - Stop-loss triggered - not trading
2026-03-01 00:06:58,996 - bots.hybrid_bot - WARNING - Stop-loss triggered - not trading
2026-03-01 00:06:58,996 - bots.hybrid_bot - WARNING - Stop-loss triggered - not trading
2026-03-01 00:06:58,997 - bots.hybrid_bot - WARNING - Stop-loss triggered - not trading
2026-03-01 00:06:58,997 - bots.hybrid_bot - WARNING - Stop-loss triggered - not trading
2026-03-01 00:06:58,999 - bots.hybrid_bot - WARNING - Stop-loss triggered - not trading
2026-03-01 00:06:59,577 - bots.hybrid_bot - WARNING - Stop-loss triggered - not trading
2026-03-01 00:06:59,778 - bots.hybrid_bot - WARNING - Stop-loss triggered - not trading
2026-03-01 00:06:59,977 - bots.hybrid_bot - WARNING - Stop-loss triggered - not trading
2026-03-01 00:07:00,385 - bots.hybrid_bot - WARNING - Stop-loss triggered - not trading
2026-03-01 00:07:00,442 - bots.hybrid_bot - WARNING - Stop-loss triggered - not trading
2026-03-01 00:07:00,582 - bots.hybrid_bot - WARNING - Stop-loss triggered - not trading
2026-03-01 00:07:00,583 - bots.hybrid_bot - WARNING - Stop-loss triggered - not trading
2026-03-01 00:12:06,659 - bots.hybrid_bot - INFO - Stopping...
2026-03-01 00:12:06,665 - bots.hybrid_bot - WARNING - Stop-loss triggered - not trading
2026-03-01 00:12:06,700 - bots.hybrid_bot - WARNING - Stop-loss triggered - not trading
2026-03-01 00:12:06,701 - bots.hybrid_bot - WARNING - Stop-loss triggered - not trading
2026-03-01 00:12:06,702 - bots.hybrid_bot - WARNING - Stop-loss triggered - not trading
2026-03-01 00:12:06,704 - bots.hybrid_bot - WARNING - Stop-loss triggered - not trading
2026-03-01 00:12:06,708 - bots.hybrid_bot - WARNING - Stop-loss triggered - not trading
2026-03-01 00:12:06,708 - bots.hybrid_bot - WARNING - Stop-loss triggered - not trading
2026-03-01 00:12:06,708 - bots.hybrid_bot - WARNING - Stop-loss triggered - not trading
2026-03-01 00:12:06,709 - bots.hybrid_bot - WARNING - Stop-loss triggered - not trading
2026-03-01 00:12:06,709 - bots.hybrid_bot - WARNING - Stop-loss triggered - not trading
2026-03-01 00:12:06,709 - bots.hybrid_bot - WARNING - Stop-loss triggered - not trading
2026-03-01 00:12:06,709 - bots.hybrid_bot - WARNING - Stop-loss triggered - not trading
2026-03-01 00:12:06,710 - bots.hybrid_bot - WARNING - Stop-loss triggered - not trading
2026-03-01 00:12:06,710 - bots.hybrid_bot - WARNING - Stop-loss triggered - not trading
2026-03-01 00:12:06,710 - bots.hybrid_bot - WARNING - Stop-loss triggered - not trading
2026-03-01 00:12:06,711 - bots.hybrid_bot - WARNING - Stop-loss triggered - not trading
2026-03-01 00:12:06,711 - bots.hybrid_bot - WARNING - Stop-loss triggered - not trading
2026-03-01 00:12:06,712 - bots.hybrid_bot - WARNING - Stop-loss triggered - not trading
2026-03-01 00:12:06,713 - bots.hybrid_bot - WARNING - Stop-loss triggered - not trading
2026-03-01 00:12:06,714 - bots.hybrid_bot - WARNING - Stop-loss triggered - not trading
2026-03-01 00:12:06,714 - bots.hybrid_bot - WARNING - Stop-loss triggered - not trading
2026-03-01 00:12:06,714 - bots.hybrid_bot - WARNING - Stop-loss triggered - not trading
2026-03-01 00:12:06,714 - bots.hybrid_bot - WARNING - Stop-loss triggered - not trading
2026-03-01 00:12:06,715 - bots.hybrid_bot - WARNING - Stop-loss triggered - not trading
2026-03-01 00:12:06,715 - bots.hybrid_bot - WARNING - Stop-loss triggered - not trading
2026-03-01 00:12:06,715 - bots.hybrid_bot - WARNING - Stop-loss triggered - not trading
2026-03-01 00:12:06,715 - bots.hybrid_bot - WARNING - Stop-loss triggered - not trading
2026-03-01 00:12:06,716 - bots.hybrid_bot - WARNING - Stop-loss triggered - not trading
2026-03-01 00:12:06,716 - bots.hybrid_bot - WARNING - Stop-loss triggered - not trading
2026-03-01 00:12:06,716 - bots.hybrid_bot - WARNING - Stop-loss triggered - not trading
2026-03-01 00:12:06,717 - bots.hybrid_bot - WARNING - Stop-loss triggered - not trading
2026-03-01 00:12:06,717 - bots.hybrid_bot - WARNING - Stop-loss triggered - not trading
2026-03-01 00:12:06,717 - bots.hybrid_bot - WARNING - Stop-loss triggered - not trading
2026-03-01 00:12:06,717 - bots.hybrid_bot - WARNING - Stop-loss triggered - not trading
2026-03-01 00:12:06,718 - bots.hybrid_bot - WARNING - Stop-loss triggered - not trading
2026-03-01 00:12:06,718 - bots.hybrid_bot - WARNING - Stop-loss triggered - not trading
2026-03-01 00:12:06,718 - bots.hybrid_bot - WARNING - Stop-loss triggered - not trading
2026-03-01 00:12:06,719 - bots.hybrid_bot - WARNING - Stop-loss triggered - not trading
2026-03-01 00:12:06,719 - bots.hybrid_bot - WARNING - Stop-loss triggered - not trading
2026-03-01 00:12:06,719 - bots.hybrid_bot - WARNING - Stop-loss triggered - not trading
2026-03-01 00:12:06,719 - bots.hybrid_bot - WARNING - Stop-loss triggered - not trading
2026-03-01 00:12:06,719 - bots.hybrid_bot - WARNING - Stop-loss triggered - not trading
2026-03-01 00:12:06,719 - bots.hybrid_bot - WARNING - Stop-loss triggered - not trading
2026-03-01 00:12:06,720 - bots.hybrid_bot - WARNING - Stop-loss triggered - not trading
2026-03-01 00:12:06,720 - bots.hybrid_bot - WARNING - Stop-loss triggered - not trading
2026-03-01 00:12:06,720 - bots.hybrid_bot - WARNING - Stop-loss triggered - not trading
2026-03-01 00:12:06,720 - bots.hybrid_bot - WARNING - Stop-loss triggered - not trading
2026-03-01 00:12:06,720 - bots.hybrid_bot - WARNING - Stop-loss triggered - not trading
2026-03-01 00:12:06,720 - bots.hybrid_bot - WARNING - Stop-loss triggered - not trading
2026-03-01 00:12:06,721 - bots.hybrid_bot - WARNING - Stop-loss triggered - not trading
2026-03-01 00:12:06,721 - bots.hybrid_bot - WARNING - Stop-loss triggered - not trading
2026-03-01 00:12:06,721 - bots.hybrid_bot - WARNING - Stop-loss triggered - not trading
2026-03-01 00:12:06,721 - bots.hybrid_bot - WARNING - Stop-loss triggered - not trading
2026-03-01 00:12:06,721 - bots.hybrid_bot - WARNING - Stop-loss triggered - not trading
2026-03-01 00:12:06,722 - bots.hybrid_bot - WARNING - Stop-loss triggered - not trading
2026-03-01 00:12:06,722 - bots.hybrid_bot - WARNING - Stop-loss triggered - not trading
2026-03-01 00:12:06,722 - bots.hybrid_bot - WARNING - Stop-loss triggered - not trading
2026-03-01 00:12:06,722 - bots.hybrid_bot - WARNING - Stop-loss triggered - not trading
2026-03-01 00:12:06,722 - bots.hybrid_bot - WARNING - Stop-loss triggered - not trading
2026-03-01 00:12:06,723 - bots.hybrid_bot - WARNING - Stop-loss triggered - not trading
2026-03-01 00:12:06,723 - bots.hybrid_bot - WARNING - Stop-loss triggered - not trading
2026-03-01 00:12:06,723 - bots.hybrid_bot - WARNING - Stop-loss triggered - not trading
2026-03-01 00:12:06,723 - bots.hybrid_bot - WARNING - Stop-loss triggered - not trading
2026-03-01 00:12:06,724 - bots.hybrid_bot - WARNING - Stop-loss triggered - not trading
2026-03-01 00:12:06,724 - bots.hybrid_bot - WARNING - Stop-loss triggered - not trading
2026-03-01 00:12:06,724 - bots.hybrid_bot - WARNING - Stop-loss triggered - not trading
2026-03-01 00:12:06,724 - bots.hybrid_bot - WARNING - Stop-loss triggered - not trading
2026-03-01 00:12:06,724 - bots.hybrid_bot - WARNING - Stop-loss triggered - not trading
2026-03-01 00:12:06,724 - bots.hybrid_bot - WARNING - Stop-loss triggered - not trading
2026-03-01 00:12:06,725 - bots.hybrid_bot - WARNING - Stop-loss triggered - not trading
2026-03-01 00:12:06,725 - bots.hybrid_bot - WARNING - Stop-loss triggered - not trading
2026-03-01 00:12:06,725 - bots.hybrid_bot - WARNING - Stop-loss triggered - not trading
2026-03-01 00:12:06,726 - bots.hybrid_bot - WARNING - Stop-loss triggered - not trading
2026-03-01 00:12:06,726 - bots.hybrid_bot - WARNING - Stop-loss triggered - not trading
2026-03-01 00:12:06,726 - bots.hybrid_bot - WARNING - Stop-loss triggered - not trading
2026-03-01 00:12:06,726 - bots.hybrid_bot - WARNING - Stop-loss triggered - not trading
2026-03-01 00:12:06,726 - bots.hybrid_bot - WARNING - Stop-loss triggered - not trading
2026-03-01 00:12:06,726 - bots.hybrid_bot - WARNING - Stop-loss triggered - not trading
2026-03-01 00:12:06,727 - bots.hybrid_bot - WARNING - Stop-loss triggered - not trading
2026-03-01 00:12:06,727 - bots.hybrid_bot - WARNING - Stop-loss triggered - not trading
2026-03-01 00:12:06,727 - bots.hybrid_bot - WARNING - Stop-loss triggered - not trading
2026-03-01 00:12:06,727 - bots.hybrid_bot - WARNING - Stop-loss triggered - not trading
2026-03-01 00:12:06,727 - bots.hybrid_bot - WARNING - Stop-loss triggered - not trading
2026-03-01 00:12:06,727 - bots.hybrid_bot - WARNING - Stop-loss triggered - not trading
2026-03-01 00:12:06,728 - bots.hybrid_bot - WARNING - Stop-loss triggered - not trading
2026-03-01 00:12:06,728 - bots.hybrid_bot - WARNING - Stop-loss triggered - not trading
2026-03-01 00:12:06,728 - bots.hybrid_bot - WARNING - Stop-loss triggered - not trading
2026-03-01 00:12:06,728 - bots.hybrid_bot - WARNING - Stop-loss triggered - not trading
2026-03-01 00:12:06,728 - bots.hybrid_bot - WARNING - Stop-loss triggered - not trading
2026-03-01 00:12:06,729 - bots.hybrid_bot - WARNING - Stop-loss triggered - not trading
2026-03-01 00:12:06,729 - bots.hybrid_bot - WARNING - Stop-loss triggered - not trading
2026-03-01 00:12:06,729 - bots.hybrid_bot - WARNING - Stop-loss triggered - not trading
2026-03-01 00:12:06,729 - bots.hybrid_bot - WARNING - Stop-loss triggered - not trading
2026-03-01 00:12:06,729 - bots.hybrid_bot - WARNING - Stop-loss triggered - not trading
2026-03-01 00:12:06,730 - bots.hybrid_bot - WARNING - Stop-loss triggered - not trading
2026-03-01 00:12:06,730 - bots.hybrid_bot - WARNING - Stop-loss triggered - not trading
2026-03-01 00:12:06,730 - bots.hybrid_bot - WARNING - Stop-loss triggered - not trading
2026-03-01 00:12:06,730 - bots.hybrid_bot - WARNING - Stop-loss triggered - not trading
2026-03-01 00:12:06,730 - bots.hybrid_bot - WARNING - Stop-loss triggered - not trading
2026-03-01 00:12:06,730 - bots.hybrid_bot - WARNING - Stop-loss triggered - not trading
2026-03-01 00:12:06,730 - bots.hybrid_bot - WARNING - Stop-loss triggered - not trading
2026-03-01 00:12:06,730 - bots.hybrid_bot - WARNING - Stop-loss triggered - not trading
2026-03-01 00:12:06,731 - bots.hybrid_bot - WARNING - Stop-loss triggered - not trading
2026-03-01 00:12:06,731 - bots.hybrid_bot - WARNING - Stop-loss triggered - not trading
2026-03-01 00:12:06,731 - bots.hybrid_bot - WARNING - Stop-loss triggered - not trading
2026-03-01 00:12:06,731 - bots.hybrid_bot - WARNING - Stop-loss triggered - not trading
2026-03-01 00:12:06,731 - bots.hybrid_bot - WARNING - Stop-loss triggered - not trading
2026-03-01 00:12:06,731 - bots.hybrid_bot - WARNING - Stop-loss triggered - not trading
2026-03-01 00:12:06,732 - bots.hybrid_bot - WARNING - Stop-loss triggered - not trading
2026-03-01 00:12:06,732 - bots.hybrid_bot - WARNING - Stop-loss triggered - not trading
2026-03-01 00:12:06,732 - bots.hybrid_bot - WARNING - Stop-loss triggered - not trading
2026-03-01 00:12:06,732 - bots.hybrid_bot - WARNING - Stop-loss triggered - not trading
2026-03-01 00:12:06,732 - bots.hybrid_bot - WARNING - Stop-loss triggered - not trading
2026-03-01 00:12:06,732 - bots.hybrid_bot - WARNING - Stop-loss triggered - not trading
2026-03-01 00:12:06,735 - bots.hybrid_bot - WARNING - Stop-loss triggered - not trading
2026-03-01 00:12:06,735 - bots.hybrid_bot - WARNING - Stop-loss triggered - not trading
2026-03-01 00:12:06,736 - bots.hybrid_bot - WARNING - Stop-loss triggered - not trading
2026-03-01 00:12:06,736 - bots.hybrid_bot - WARNING - Stop-loss triggered - not trading
2026-03-01 00:12:06,736 - bots.hybrid_bot - WARNING - Stop-loss triggered - not trading
2026-03-01 00:12:06,737 - bots.hybrid_bot - WARNING - Stop-loss triggered - not trading
2026-03-01 00:12:06,738 - bots.hybrid_bot - WARNING - Stop-loss triggered - not trading
2026-03-01 00:12:06,738 - bots.hybrid_bot - WARNING - Stop-loss triggered - not trading
2026-03-01 00:12:06,739 - bots.hybrid_bot - WARNING - Stop-loss triggered - not trading
2026-03-01 00:12:06,739 - bots.hybrid_bot - WARNING - Stop-loss triggered - not trading
2026-03-01 00:12:06,740 - bots.hybrid_bot - WARNING - Stop-loss triggered - not trading
2026-03-01 00:12:06,740 - bots.hybrid_bot - WARNING - Stop-loss triggered - not trading
2026-03-01 00:12:06,740 - bots.hybrid_bot - WARNING - Stop-loss triggered - not trading
2026-03-01 00:12:06,740 - bots.hybrid_bot - WARNING - Stop-loss triggered - not trading
2026-03-01 00:12:06,740 - bots.hybrid_bot - WARNING - Stop-loss triggered - not trading
2026-03-01 00:12:06,740 - bots.hybrid_bot - WARNING - Stop-loss triggered - not trading
2026-03-01 00:12:06,741 - bots.hybrid_bot - WARNING - Stop-loss triggered - not trading
2026-03-01 00:12:06,741 - bots.hybrid_bot - WARNING - Stop-loss triggered - not trading
2026-03-01 00:12:06,741 - bots.hybrid_bot - WARNING - Stop-loss triggered - not trading
2026-03-01 00:12:06,741 - bots.hybrid_bot - WARNING - Stop-loss triggered - not trading
2026-03-01 00:12:06,741 - bots.hybrid_bot - WARNING - Stop-loss triggered - not trading
2026-03-01 00:12:06,741 - bots.hybrid_bot - WARNING - Stop-loss triggered - not trading
2026-03-01 00:12:06,741 - bots.hybrid_bot - WARNING - Stop-loss triggered - not trading
2026-03-01 00:12:06,742 - bots.hybrid_bot - WARNING - Stop-loss triggered - not trading
2026-03-01 00:12:06,743 - bots.hybrid_bot - WARNING - Stop-loss triggered - not trading
2026-03-01 00:12:06,743 - bots.hybrid_bot - WARNING - Stop-loss triggered - not trading
2026-03-01 00:12:06,743 - bots.hybrid_bot - WARNING - Stop-loss triggered - not trading
2026-03-01 00:12:06,744 - bots.hybrid_bot - WARNING - Stop-loss triggered - not trading
2026-03-01 00:12:06,744 - bots.hybrid_bot - WARNING - Stop-loss triggered - not trading
2026-03-01 00:12:06,744 - bots.hybrid_bot - WARNING - Stop-loss triggered - not trading
2026-03-01 00:12:06,744 - bots.hybrid_bot - WARNING - Stop-loss triggered - not trading
2026-03-01 00:12:06,744 - bots.hybrid_bot - WARNING - Stop-loss triggered - not trading
2026-03-01 00:12:06,744 - bots.hybrid_bot - WARNING - Stop-loss triggered - not trading
2026-03-01 00:12:06,744 - bots.hybrid_bot - WARNING - Stop-loss triggered - not trading
2026-03-01 00:12:06,744 - bots.hybrid_bot - WARNING - Stop-loss triggered - not trading
2026-03-01 00:12:06,745 - bots.hybrid_bot - WARNING - Stop-loss triggered - not trading
2026-03-01 00:12:06,745 - bots.hybrid_bot - WARNING - Stop-loss triggered - not trading
2026-03-01 00:12:06,745 - bots.hybrid_bot - WARNING - Stop-loss triggered - not trading
2026-03-01 00:12:06,745 - bots.hybrid_bot - WARNING - Stop-loss triggered - not trading
2026-03-01 00:12:06,745 - bots.hybrid_bot - WARNING - Stop-loss triggered - not trading
2026-03-01 00:12:06,745 - bots.hybrid_bot - WARNING - Stop-loss triggered - not trading
2026-03-01 00:12:06,745 - bots.hybrid_bot - WARNING - Stop-loss triggered - not trading
2026-03-01 00:12:06,745 - bots.hybrid_bot - WARNING - Stop-loss triggered - not trading
2026-03-01 00:12:06,745 - bots.hybrid_bot - WARNING - Stop-loss triggered - not trading
2026-03-01 00:12:06,746 - bots.hybrid_bot - WARNING - Stop-loss triggered - not trading
2026-03-01 00:12:06,746 - bots.hybrid_bot - WARNING - Stop-loss triggered - not trading
2026-03-01 00:12:06,746 - bots.hybrid_bot - WARNING - Stop-loss triggered - not trading
2026-03-01 00:12:06,746 - bots.hybrid_bot - WARNING - Stop-loss triggered - not trading
2026-03-01 00:12:06,746 - bots.hybrid_bot - WARNING - Stop-loss triggered - not trading
2026-03-01 00:12:06,746 - bots.hybrid_bot - WARNING - Stop-loss triggered - not trading
2026-03-01 00:12:06,746 - bots.hybrid_bot - WARNING - Stop-loss triggered - not trading
2026-03-01 00:12:06,746 - bots.hybrid_bot - WARNING - Stop-loss triggered - not trading
2026-03-01 00:12:06,746 - bots.hybrid_bot - WARNING - Stop-loss triggered - not trading
2026-03-01 00:12:06,747 - bots.hybrid_bot - WARNING - Stop-loss triggered - not trading
2026-03-01 00:12:06,747 - bots.hybrid_bot - WARNING - Stop-loss triggered - not trading
2026-03-01 00:12:06,747 - bots.hybrid_bot - WARNING - Stop-loss triggered - not trading
2026-03-01 00:12:06,747 - bots.hybrid_bot - WARNING - Stop-loss triggered - not trading
2026-03-01 00:12:06,747 - bots.hybrid_bot - WARNING - Stop-loss triggered - not trading
2026-03-01 00:12:06,747 - bots.hybrid_bot - WARNING - Stop-loss triggered - not trading
2026-03-01 00:12:06,747 - bots.hybrid_bot - WARNING - Stop-loss triggered - not trading
2026-03-01 00:12:06,747 - bots.hybrid_bot - WARNING - Stop-loss triggered - not trading
2026-03-01 00:12:06,748 - bots.hybrid_bot - WARNING - Stop-loss triggered - not trading
2026-03-01 00:12:06,748 - bots.hybrid_bot - WARNING - Stop-loss triggered - not trading
2026-03-01 00:12:06,748 - bots.hybrid_bot - WARNING - Stop-loss triggered - not trading
2026-03-01 00:12:06,748 - bots.hybrid_bot - WARNING - Stop-loss triggered - not trading
2026-03-01 00:12:06,748 - bots.hybrid_bot - WARNING - Stop-loss triggered - not trading
2026-03-01 00:12:06,748 - bots.hybrid_bot - WARNING - Stop-loss triggered - not trading
2026-03-01 00:12:06,748 - bots.hybrid_bot - WARNING - Stop-loss triggered - not trading
2026-03-01 00:12:06,749 - bots.hybrid_bot - WARNING - Stop-loss triggered - not trading
2026-03-01 00:12:06,749 - bots.hybrid_bot - WARNING - Stop-loss triggered - not trading
2026-03-01 00:12:06,749 - bots.hybrid_bot - WARNING - Stop-loss triggered - not trading
2026-03-01 00:12:06,749 - bots.hybrid_bot - WARNING - Stop-loss triggered - not trading
2026-03-01 00:12:06,749 - bots.hybrid_bot - WARNING - Stop-loss triggered - not trading
2026-03-01 00:12:06,749 - bots.hybrid_bot - WARNING - Stop-loss triggered - not trading
2026-03-01 00:12:06,749 - bots.hybrid_bot - WARNING - Stop-loss triggered - not trading
2026-03-01 00:12:06,749 - bots.hybrid_bot - WARNING - Stop-loss triggered - not trading
2026-03-01 00:12:06,750 - bots.hybrid_bot - WARNING - Stop-loss triggered - not trading
2026-03-01 00:12:06,750 - bots.hybrid_bot - WARNING - Stop-loss triggered - not trading
2026-03-01 00:12:06,750 - bots.hybrid_bot - WARNING - Stop-loss triggered - not trading
2026-03-01 00:12:06,750 - bots.hybrid_bot - WARNING - Stop-loss triggered - not trading
2026-03-01 00:12:06,750 - bots.hybrid_bot - WARNING - Stop-loss triggered - not trading
2026-03-01 00:12:06,750 - bots.hybrid_bot - WARNING - Stop-loss triggered - not trading
2026-03-01 00:12:06,750 - bots.hybrid_bot - WARNING - Stop-loss triggered - not trading
2026-03-01 00:12:06,750 - bots.hybrid_bot - WARNING - Stop-loss triggered - not trading
2026-03-01 00:12:06,750 - bots.hybrid_bot - WARNING - Stop-loss triggered - not trading
2026-03-01 00:12:06,751 - bots.hybrid_bot - WARNING - Stop-loss triggered - not trading
2026-03-01 00:12:06,751 - bots.hybrid_bot - WARNING - Stop-loss triggered - not trading
2026-03-01 00:12:06,751 - bots.hybrid_bot - WARNING - Stop-loss triggered - not trading
2026-03-01 00:12:06,751 - bots.hybrid_bot - WARNING - Stop-loss triggered - not trading
2026-03-01 00:12:06,751 - bots.hybrid_bot - WARNING - Stop-loss triggered - not trading
2026-03-01 00:12:06,751 - bots.hybrid_bot - WARNING - Stop-loss triggered - not trading
2026-03-01 00:12:06,751 - bots.hybrid_bot - WARNING - Stop-loss triggered - not trading
2026-03-01 00:12:06,751 - bots.hybrid_bot - WARNING - Stop-loss triggered - not trading
2026-03-01 00:12:06,752 - bots.hybrid_bot - WARNING - Stop-loss triggered - not trading
2026-03-01 00:12:06,752 - bots.hybrid_bot - WARNING - Stop-loss triggered - not trading
2026-03-01 00:12:06,752 - bots.hybrid_bot - WARNING - Stop-loss triggered - not trading
2026-03-01 00:12:06,752 - bots.hybrid_bot - WARNING - Stop-loss triggered - not trading
2026-03-01 00:12:07,772 - execution.order_manager - INFO - Shutting down order manager
