2026-02-28 20:34:48,168 - risk.position_limits - INFO - Position limit set for TIDE_SPOT: long=100, short=-100, abs=100
2026-02-28 20:34:48,168 - risk.position_limits - INFO - Position limit set for TIDE_SWING: long=100, short=-100, abs=100
2026-02-28 20:34:48,168 - risk.position_limits - INFO - Position limit set for WX_SPOT: long=100, short=-100, abs=100
2026-02-28 20:34:48,168 - risk.position_limits - INFO - Position limit set for WX_SUM: long=100, short=-100, abs=100
2026-02-28 20:34:48,168 - risk.position_limits - INFO - Position limit set for LHR_COUNT: long=100, short=-100, abs=100
2026-02-28 20:34:48,168 - risk.position_limits - INFO - Position limit set for LHR_INDEX: long=100, short=-100, abs=100
2026-02-28 20:34:48,169 - risk.position_limits - INFO - Position limit set for LON_ETF: long=100, short=-100, abs=100
2026-02-28 20:34:48,169 - risk.position_limits - INFO - Position limit set for LON_FLY: long=100, short=-100, abs=100
2026-02-28 20:34:48,169 - risk.pnl_monitor - INFO - P&L monitor initialized with max loss: -10000
2026-02-28 20:34:48,169 - execution.order_manager - INFO - Order manager initialized: max_workers=10, rate_limit=1.0/s, risk_checks=True
2026-02-28 20:34:48,275 - risk.position_limits - INFO - ============================================================
2026-02-28 20:34:48,275 - risk.position_limits - INFO - POSITION SUMMARY
2026-02-28 20:34:48,275 - risk.position_limits - INFO - ============================================================
2026-02-28 20:34:48,275 - risk.position_limits - INFO - LHR_COUNT   :    +61  (limit:   -100 to   +100)
2026-02-28 20:34:48,275 - risk.position_limits - INFO - LHR_INDEX   :    +63  (limit:   -100 to   +100)
2026-02-28 20:34:48,275 - risk.position_limits - INFO - LON_ETF     :    -60  (limit:   -100 to   +100)
2026-02-28 20:34:48,276 - risk.position_limits - INFO - LON_FLY     :    -62  (limit:   -100 to   +100)
2026-02-28 20:34:48,276 - risk.position_limits - INFO - TIDE_SPOT   :    -62  (limit:   -100 to   +100)
2026-02-28 20:34:48,276 - risk.position_limits - INFO - TIDE_SWING  :     -6  (limit:   -100 to   +100)
2026-02-28 20:34:48,276 - risk.position_limits - INFO - WX_SPOT     :    -70  (limit:   -100 to   +100)
2026-02-28 20:34:48,276 - risk.position_limits - INFO - WX_SUM      :    +60  (limit:   -100 to   +100)
2026-02-28 20:34:48,276 - risk.position_limits - INFO - ------------------------------------------------------------
2026-02-28 20:34:48,276 - risk.position_limits - INFO - Total Exposure: 444 / 500
2026-02-28 20:34:48,276 - risk.position_limits - INFO - ============================================================
2026-02-28 20:34:48,276 - risk.pnl_monitor - INFO - ============================================================
2026-02-28 20:34:48,276 - risk.pnl_monitor - INFO - P&L SUMMARY
2026-02-28 20:34:48,276 - risk.pnl_monitor - INFO - ============================================================
2026-02-28 20:34:48,276 - risk.pnl_monitor - INFO - Total Realized P&L: +0.00
2026-02-28 20:34:48,276 - risk.pnl_monitor - INFO - ============================================================
2026-02-28 20:34:48,276 - utils.metrics - INFO - ============================================================
2026-02-28 20:34:48,276 - utils.metrics - INFO - PERFORMANCE SUMMARY
2026-02-28 20:34:48,276 - utils.metrics - INFO - ============================================================
2026-02-28 20:34:48,276 - utils.metrics - INFO - Total P&L:      +0.00
2026-02-28 20:34:48,276 - utils.metrics - INFO - Realized P&L:   +0.00
2026-02-28 20:34:48,276 - utils.metrics - INFO - Unrealized P&L: +0.00
2026-02-28 20:34:48,276 - utils.metrics - INFO - Max Drawdown:   0.00
2026-02-28 20:34:48,276 - utils.metrics - INFO - 
2026-02-28 20:34:48,276 - utils.metrics - INFO - Total Trades:   0
2026-02-28 20:34:48,276 - utils.metrics - INFO - Win Rate:       0.0%
2026-02-28 20:34:48,276 - utils.metrics - INFO - Avg Win:        +0.00
2026-02-28 20:34:48,276 - utils.metrics - INFO - Avg Loss:       +0.00
2026-02-28 20:34:48,276 - utils.metrics - INFO - Profit Factor:  0.00
2026-02-28 20:34:48,276 - utils.metrics - INFO - Sharpe Ratio:   0.00
2026-02-28 20:34:48,276 - utils.metrics - INFO - 
2026-02-28 20:34:48,276 - utils.metrics - INFO - Orders Sent:    0
2026-02-28 20:34:48,276 - utils.metrics - INFO - Orders Filled:  0
2026-02-28 20:34:48,276 - utils.metrics - INFO - Fill Rate:      0.0%
2026-02-28 20:34:48,277 - utils.metrics - INFO - 
2026-02-28 20:34:48,277 - utils.metrics - INFO - Elapsed Time:   0.00 hours
2026-02-28 20:34:48,277 - utils.metrics - INFO - P&L per Hour:   +0.00
2026-02-28 20:34:48,277 - utils.metrics - INFO - ============================================================
2026-02-28 20:34:50,546 - execution.smart_cancel - INFO - Cancelling order 804ff9d3: LON_ETF SELL 1@7534.0 - Fair value moved 11.2 ticks from order price
2026-02-28 20:34:50,546 - execution.smart_cancel - INFO - Cancelling order b9bd034f: LON_ETF BUY 8@7520.0 - Fair value moved 2.8 ticks from order price
2026-02-28 20:34:50,630 - execution.smart_cancel - INFO - Cancelled 2 stale orders
2026-02-28 20:34:53,845 - execution.smart_cancel - INFO - Cancelling order 6e4bdda2: TIDE_SPOT BUY 8@301.0 - Fair value moved 271.0 ticks from order price
2026-02-28 20:34:53,894 - execution.smart_cancel - INFO - Cancelled 1 stale orders
2026-02-28 20:34:53,986 - execution.smart_cancel - INFO - Cancelling order 5d228de2: WX_SPOT BUY 8@2486.0 - Fair value moved 1.8 ticks from order price
2026-02-28 20:34:54,031 - execution.smart_cancel - INFO - Cancelled 1 stale orders
2026-02-28 20:34:56,073 - risk.pnl_monitor - INFO - Trade: SELL 1x LON_ETF @ 9501.00, realized P&L: +0.00, position: -1
2026-02-28 20:34:56,074 - utils.metrics - INFO - Trade recorded: SELL 1x LON_ETF @ 9501.00, P&L: +0.00, Total P&L: +0.00
2026-02-28 20:34:56,076 - risk.pnl_monitor - INFO - Trade: SELL 1x TIDE_SPOT @ 2936.00, realized P&L: +0.00, position: -1
2026-02-28 20:34:56,076 - utils.metrics - INFO - Trade recorded: SELL 1x TIDE_SPOT @ 2936.00, P&L: +0.00, Total P&L: +0.00
2026-02-28 20:34:56,079 - risk.pnl_monitor - INFO - Trade: BUY 2x WX_SUM @ 3341.00, realized P&L: +0.00, position: +2
2026-02-28 20:34:56,080 - utils.metrics - INFO - Trade recorded: BUY 2x WX_SUM @ 3341.00, P&L: +0.00, Total P&L: +0.00
2026-02-28 20:35:02,518 - execution.smart_cancel - INFO - Cancelling order b5cdfaf6: WX_SUM SELL 8@3829.0 - Fair value moved 3.0 ticks from order price
2026-02-28 20:35:02,560 - execution.smart_cancel - INFO - Cancelled 1 stale orders
2026-02-28 20:35:03,633 - risk.pnl_monitor - INFO - Trade: BUY 1x LHR_COUNT @ 2600.00, realized P&L: +0.00, position: +1
2026-02-28 20:35:03,634 - utils.metrics - INFO - Trade recorded: BUY 1x LHR_COUNT @ 2600.00, P&L: +0.00, Total P&L: +0.00
2026-02-28 20:35:03,726 - execution.smart_cancel - INFO - Cancelling order db5e69a0: LHR_COUNT SELL 8@4734.0 - Fair value moved 2.0 ticks from order price
2026-02-28 20:35:03,792 - execution.smart_cancel - INFO - Cancelled 1 stale orders
2026-02-28 20:35:05,916 - execution.smart_cancel - INFO - Cancelling order 1674ae2a: LON_FLY BUY 8@497.0 - Fair value moved 96.5 ticks from order price
2026-02-28 20:35:05,957 - execution.smart_cancel - INFO - Cancelled 1 stale orders
2026-02-28 20:35:06,699 - risk.pnl_monitor - INFO - Trade: SELL 1x LON_FLY @ 4506.00, realized P&L: +0.00, position: -1
2026-02-28 20:35:06,700 - utils.metrics - INFO - Trade recorded: SELL 1x LON_FLY @ 4506.00, P&L: +0.00, Total P&L: +0.00
2026-02-28 20:35:37,563 - execution.smart_cancel - INFO - Cancelling order a9ecf7a3: WX_SPOT BUY 8@2533.0 - Fair value moved 1.8 ticks from order price
2026-02-28 20:35:37,609 - execution.smart_cancel - INFO - Cancelled 1 stale orders
2026-02-28 20:35:38,706 - risk.pnl_monitor - INFO - Trade: BUY 5x TIDE_SWING @ 516.00, realized P&L: +0.00, position: +5
2026-02-28 20:35:38,706 - utils.metrics - INFO - Trade recorded: BUY 5x TIDE_SWING @ 516.00, P&L: +0.00, Total P&L: +0.00
2026-02-28 20:35:48,341 - risk.position_limits - INFO - ============================================================
2026-02-28 20:35:48,342 - risk.position_limits - INFO - POSITION SUMMARY
2026-02-28 20:35:48,342 - risk.position_limits - INFO - ============================================================
2026-02-28 20:35:48,343 - risk.position_limits - INFO - LHR_COUNT   :    +62  (limit:   -100 to   +100)
2026-02-28 20:35:48,343 - risk.position_limits - INFO - LHR_INDEX   :    +63  (limit:   -100 to   +100)
2026-02-28 20:35:48,343 - risk.position_limits - INFO - LON_ETF     :    -61  (limit:   -100 to   +100)
2026-02-28 20:35:48,343 - risk.position_limits - INFO - LON_FLY     :    -63  (limit:   -100 to   +100)
2026-02-28 20:35:48,343 - risk.position_limits - INFO - TIDE_SPOT   :    -63  (limit:   -100 to   +100)
2026-02-28 20:35:48,343 - risk.position_limits - INFO - TIDE_SWING  :     -1  (limit:   -100 to   +100)
2026-02-28 20:35:48,343 - risk.position_limits - INFO - WX_SPOT     :    -70  (limit:   -100 to   +100)
2026-02-28 20:35:48,343 - risk.position_limits - INFO - WX_SUM      :    +62  (limit:   -100 to   +100)
2026-02-28 20:35:48,343 - risk.position_limits - INFO - ------------------------------------------------------------
2026-02-28 20:35:48,344 - risk.position_limits - INFO - Total Exposure: 445 / 500
2026-02-28 20:35:48,344 - risk.position_limits - INFO - ============================================================
2026-02-28 20:35:48,344 - risk.pnl_monitor - INFO - ============================================================
2026-02-28 20:35:48,344 - risk.pnl_monitor - INFO - P&L SUMMARY
2026-02-28 20:35:48,344 - risk.pnl_monitor - INFO - ============================================================
2026-02-28 20:35:48,344 - risk.pnl_monitor - INFO - Total Realized P&L: +0.00
2026-02-28 20:36:17,748 - execution.order_manager - INFO - Shutting down order manager
