2026-02-28 21:39:19,039 - risk.position_limits - INFO - Position limit set for TIDE_SPOT: long=100, short=-100, abs=100
2026-02-28 21:39:19,039 - risk.position_limits - INFO - Position limit set for TIDE_SWING: long=100, short=-100, abs=100
2026-02-28 21:39:19,039 - risk.position_limits - INFO - Position limit set for WX_SPOT: long=100, short=-100, abs=100
2026-02-28 21:39:19,039 - risk.position_limits - INFO - Position limit set for WX_SUM: long=100, short=-100, abs=100
2026-02-28 21:39:19,039 - risk.position_limits - INFO - Position limit set for LHR_COUNT: long=100, short=-100, abs=100
2026-02-28 21:39:19,039 - risk.position_limits - INFO - Position limit set for LHR_INDEX: long=100, short=-100, abs=100
2026-02-28 21:39:19,039 - risk.position_limits - INFO - Position limit set for LON_ETF: long=100, short=-100, abs=100
2026-02-28 21:39:19,040 - risk.position_limits - INFO - Position limit set for LON_FLY: long=100, short=-100, abs=100
2026-02-28 21:39:19,040 - risk.pnl_monitor - INFO - P&L monitor initialized with max loss: -10000
2026-02-28 21:39:19,040 - execution.order_manager - INFO - Order manager initialized: max_workers=10, rate_limit=1.0/s, risk_checks=True
2026-02-28 21:39:19,183 - risk.position_limits - INFO - ============================================================
2026-02-28 21:39:19,184 - risk.position_limits - INFO - POSITION SUMMARY
2026-02-28 21:39:19,184 - risk.position_limits - INFO - ============================================================
2026-02-28 21:39:19,184 - risk.position_limits - INFO - LHR_COUNT   :    +19  (limit:   -100 to   +100)
2026-02-28 21:39:19,184 - risk.position_limits - INFO - LHR_INDEX   :    +21  (limit:   -100 to   +100)
2026-02-28 21:39:19,184 - risk.position_limits - INFO - LON_ETF     :     +9  (limit:   -100 to   +100)
2026-02-28 21:39:19,184 - risk.position_limits - INFO - LON_FLY     :    -36  (limit:   -100 to   +100)
2026-02-28 21:39:19,184 - risk.position_limits - INFO - TIDE_SPOT   :    -51  (limit:   -100 to   +100)
2026-02-28 21:39:19,184 - risk.position_limits - INFO - TIDE_SWING  :     -8  (limit:   -100 to   +100)
2026-02-28 21:39:19,184 - risk.position_limits - INFO - WX_SPOT     :    -82  (limit:   -100 to   +100)
2026-02-28 21:39:19,185 - risk.position_limits - INFO - WX_SUM      :    +30  (limit:   -100 to   +100)
2026-02-28 21:39:19,185 - risk.position_limits - INFO - ------------------------------------------------------------
2026-02-28 21:39:19,185 - risk.position_limits - INFO - Total Exposure: 256 / 500
2026-02-28 21:39:19,185 - risk.position_limits - INFO - ============================================================
2026-02-28 21:39:19,185 - risk.pnl_monitor - INFO - ============================================================
2026-02-28 21:39:19,185 - risk.pnl_monitor - INFO - P&L SUMMARY
2026-02-28 21:39:19,185 - risk.pnl_monitor - INFO - ============================================================
2026-02-28 21:39:19,185 - risk.pnl_monitor - INFO - Total Realized P&L: +0.00
2026-02-28 21:39:19,185 - risk.pnl_monitor - INFO - ============================================================
2026-02-28 21:39:19,185 - utils.metrics - INFO - ============================================================
2026-02-28 21:39:19,185 - utils.metrics - INFO - PERFORMANCE SUMMARY
2026-02-28 21:39:19,185 - utils.metrics - INFO - ============================================================
2026-02-28 21:39:19,185 - utils.metrics - INFO - Total P&L:      +0.00
2026-02-28 21:39:19,185 - utils.metrics - INFO - Realized P&L:   +0.00
2026-02-28 21:39:19,185 - utils.metrics - INFO - Unrealized P&L: +0.00
2026-02-28 21:39:19,185 - utils.metrics - INFO - Max Drawdown:   0.00
2026-02-28 21:39:19,185 - utils.metrics - INFO - 
2026-02-28 21:39:19,185 - utils.metrics - INFO - Total Trades:   0
2026-02-28 21:39:19,185 - utils.metrics - INFO - Win Rate:       0.0%
2026-02-28 21:39:19,185 - utils.metrics - INFO - Avg Win:        +0.00
2026-02-28 21:39:19,186 - utils.metrics - INFO - Avg Loss:       +0.00
2026-02-28 21:39:19,186 - utils.metrics - INFO - Profit Factor:  0.00
2026-02-28 21:39:19,186 - utils.metrics - INFO - Sharpe Ratio:   0.00
2026-02-28 21:39:19,186 - utils.metrics - INFO - 
2026-02-28 21:39:19,186 - utils.metrics - INFO - Orders Sent:    0
2026-02-28 21:39:19,186 - utils.metrics - INFO - Orders Filled:  0
2026-02-28 21:39:19,186 - utils.metrics - INFO - Fill Rate:      0.0%
2026-02-28 21:39:19,186 - utils.metrics - INFO - 
2026-02-28 21:39:19,186 - utils.metrics - INFO - Elapsed Time:   0.00 hours
2026-02-28 21:39:19,186 - utils.metrics - INFO - P&L per Hour:   +0.00
2026-02-28 21:39:19,186 - utils.metrics - INFO - ============================================================
2026-02-28 21:39:30,270 - risk.pnl_monitor - INFO - Trade: BUY 2x LHR_COUNT @ 3137.00, realized P&L: +0.00, position: +2
2026-02-28 21:39:30,272 - utils.metrics - INFO - Trade recorded: BUY 2x LHR_COUNT @ 3137.00, P&L: +0.00, Total P&L: +0.00
2026-02-28 21:39:30,273 - risk.pnl_monitor - INFO - Trade: BUY 2x LHR_COUNT @ 3223.00, realized P&L: +0.00, position: +4
2026-02-28 21:39:30,273 - utils.metrics - INFO - Trade recorded: BUY 2x LHR_COUNT @ 3223.00, P&L: +0.00, Total P&L: +0.00
2026-02-28 21:39:33,409 - risk.pnl_monitor - INFO - Trade: SELL 3.0x LON_FLY @ 5221.00, realized P&L: +0.00, position: -3
2026-02-28 21:39:33,409 - utils.metrics - INFO - Trade recorded: SELL 3.0x LON_FLY @ 5221.00, P&L: +0.00, Total P&L: +0.00
2026-02-28 21:39:33,411 - risk.pnl_monitor - INFO - Trade: SELL 3.0x LON_FLY @ 5237.00, realized P&L: +0.00, position: -6
2026-02-28 21:39:33,412 - utils.metrics - INFO - Trade recorded: SELL 3.0x LON_FLY @ 5237.00, P&L: +0.00, Total P&L: +0.00
2026-02-28 21:39:33,414 - risk.pnl_monitor - INFO - Trade: BUY 1x LHR_COUNT @ 2898.00, realized P&L: +0.00, position: +5
2026-02-28 21:39:33,415 - utils.metrics - INFO - Trade recorded: BUY 1x LHR_COUNT @ 2898.00, P&L: +0.00, Total P&L: +0.00
2026-02-28 21:39:33,415 - risk.pnl_monitor - INFO - Trade: BUY 2x LHR_COUNT @ 3223.00, realized P&L: +0.00, position: +7
2026-02-28 21:39:33,415 - utils.metrics - INFO - Trade recorded: BUY 2x LHR_COUNT @ 3223.00, P&L: +0.00, Total P&L: +0.00
2026-02-28 21:39:36,718 - risk.pnl_monitor - INFO - Trade: BUY 3x LHR_COUNT @ 3223.00, realized P&L: +0.00, position: +10
2026-02-28 21:39:36,719 - utils.metrics - INFO - Trade recorded: BUY 3x LHR_COUNT @ 3223.00, P&L: +0.00, Total P&L: +0.00
2026-02-28 21:39:40,940 - risk.pnl_monitor - INFO - Trade: BUY 3x WX_SUM @ 3380.00, realized P&L: +0.00, position: +3
2026-02-28 21:39:40,941 - utils.metrics - INFO - Trade recorded: BUY 3x WX_SUM @ 3380.00, P&L: +0.00, Total P&L: +0.00
2026-02-28 21:39:54,242 - risk.pnl_monitor - INFO - Trade: BUY 4x LON_ETF @ 10131.00, realized P&L: +0.00, position: +4
2026-02-28 21:39:54,246 - utils.metrics - INFO - Trade recorded: BUY 4x LON_ETF @ 10131.00, P&L: +0.00, Total P&L: +0.00
2026-02-28 21:39:54,249 - risk.pnl_monitor - INFO - Trade: SELL 5x LON_ETF @ 10142.00, realized P&L: +44.00, position: -1
2026-02-28 21:39:54,249 - utils.metrics - INFO - Trade recorded: SELL 5x LON_ETF @ 10142.00, P&L: +44.00, Total P&L: +44.00
2026-02-28 21:39:54,478 - risk.pnl_monitor - INFO - Trade: SELL 2x LON_FLY @ 5307.00, realized P&L: +0.00, position: -8
2026-02-28 21:39:54,479 - utils.metrics - INFO - Trade recorded: SELL 2x LON_FLY @ 5307.00, P&L: +0.00, Total P&L: +44.00
2026-02-28 21:39:54,518 - risk.pnl_monitor - INFO - Trade: BUY 3x WX_SUM @ 3380.00, realized P&L: +0.00, position: +6
2026-02-28 21:39:54,523 - utils.metrics - INFO - Trade recorded: BUY 3x WX_SUM @ 3380.00, P&L: +0.00, Total P&L: +44.00
2026-02-28 21:39:54,532 - risk.pnl_monitor - INFO - Trade: SELL 5x LON_ETF @ 10008.00, realized P&L: +0.00, position: -6
2026-02-28 21:39:54,532 - utils.metrics - INFO - Trade recorded: SELL 5x LON_ETF @ 10008.00, P&L: +0.00, Total P&L: +44.00
2026-02-28 21:40:15,790 - risk.pnl_monitor - INFO - Trade: SELL 2.0x LON_FLY @ 5833.00, realized P&L: +0.00, position: -10
2026-02-28 21:40:15,791 - utils.metrics - INFO - Trade recorded: SELL 2.0x LON_FLY @ 5833.00, P&L: +0.00, Total P&L: +44.00
2026-02-28 21:40:15,799 - risk.pnl_monitor - INFO - Trade: BUY 3x LON_FLY @ 5820.00, realized P&L: -1363.80, position: -7
2026-02-28 21:40:15,799 - utils.metrics - INFO - Trade recorded: BUY 3x LON_FLY @ 5820.00, P&L: -1363.80, Total P&L: -1319.80
2026-02-28 21:40:15,802 - risk.pnl_monitor - INFO - Trade: BUY 3x WX_SUM @ 3380.00, realized P&L: +0.00, position: +9
2026-02-28 21:40:15,803 - utils.metrics - INFO - Trade recorded: BUY 3x WX_SUM @ 3380.00, P&L: +0.00, Total P&L: -1319.80
2026-02-28 21:40:15,804 - risk.pnl_monitor - INFO - Trade: BUY 3x LON_FLY @ 5820.00, realized P&L: -1363.80, position: -4
2026-02-28 21:40:15,804 - utils.metrics - INFO - Trade recorded: BUY 3x LON_FLY @ 5820.00, P&L: -1363.80, Total P&L: -2683.60
2026-02-28 21:40:15,810 - risk.pnl_monitor - INFO - Trade: SELL 2.0x LON_FLY @ 5544.00, realized P&L: +0.00, position: -6
2026-02-28 21:40:15,810 - utils.metrics - INFO - Trade recorded: SELL 2.0x LON_FLY @ 5544.00, P&L: +0.00, Total P&L: -2683.60
2026-02-28 21:40:15,812 - risk.pnl_monitor - INFO - Trade: BUY 1x LHR_INDEX @ 156.00, realized P&L: +0.00, position: +1
2026-02-28 21:40:15,812 - utils.metrics - INFO - Trade recorded: BUY 1x LHR_INDEX @ 156.00, P&L: +0.00, Total P&L: -2683.60
2026-02-28 21:40:15,812 - risk.pnl_monitor - INFO - Trade: BUY 1x LHR_INDEX @ 156.00, realized P&L: +0.00, position: +2
2026-02-28 21:40:15,812 - utils.metrics - INFO - Trade recorded: BUY 1x LHR_INDEX @ 156.00, P&L: +0.00, Total P&L: -2683.60
2026-02-28 21:40:15,812 - risk.pnl_monitor - INFO - Trade: BUY 1x LHR_INDEX @ 156.00, realized P&L: +0.00, position: +3
2026-02-28 21:40:15,812 - utils.metrics - INFO - Trade recorded: BUY 1x LHR_INDEX @ 156.00, P&L: +0.00, Total P&L: -2683.60
2026-02-28 21:40:15,815 - risk.pnl_monitor - INFO - Trade: BUY 2x LON_ETF @ 9612.00, realized P&L: +836.67, position: -4
2026-02-28 21:40:15,815 - utils.metrics - INFO - Trade recorded: BUY 2x LON_ETF @ 9612.00, P&L: +836.67, Total P&L: -1846.93
2026-02-28 21:40:15,816 - risk.pnl_monitor - INFO - Trade: BUY 3x WX_SUM @ 3380.00, realized P&L: +0.00, position: +12
2026-02-28 21:40:15,817 - utils.metrics - INFO - Trade recorded: BUY 3x WX_SUM @ 3380.00, P&L: +0.00, Total P&L: -1846.93
2026-02-28 21:40:15,832 - risk.pnl_monitor - INFO - Trade: BUY 2x LON_ETF @ 9612.00, realized P&L: +836.67, position: -2
2026-02-28 21:40:15,832 - utils.metrics - INFO - Trade recorded: BUY 2x LON_ETF @ 9612.00, P&L: +836.67, Total P&L: -1010.27
2026-02-28 21:40:15,849 - risk.pnl_monitor - INFO - Trade: SELL 2x LON_FLY @ 5394.00, realized P&L: +0.00, position: -8
2026-02-28 21:40:15,849 - utils.metrics - INFO - Trade recorded: SELL 2x LON_FLY @ 5394.00, P&L: +0.00, Total P&L: -1010.27
2026-02-28 21:40:20,122 - risk.position_limits - INFO - ============================================================
2026-02-28 21:40:20,123 - risk.position_limits - INFO - POSITION SUMMARY
2026-02-28 21:40:20,123 - risk.position_limits - INFO - ============================================================
2026-02-28 21:40:20,123 - risk.position_limits - INFO - LHR_COUNT   :    +32  (limit:   -100 to   +100)
2026-02-28 21:40:20,124 - risk.position_limits - INFO - LHR_INDEX   :    +24  (limit:   -100 to   +100)
2026-02-28 21:40:20,124 - risk.position_limits - INFO - LON_ETF     :     +7  (limit:   -100 to   +100)
2026-02-28 21:40:20,124 - risk.position_limits - INFO - LON_FLY     :    -42  (limit:   -100 to   +100)
2026-02-28 21:40:20,124 - risk.position_limits - INFO - TIDE_SPOT   :    -51  (limit:   -100 to   +100)
2026-02-28 21:40:20,124 - risk.position_limits - INFO - TIDE_SWING  :     -8  (limit:   -100 to   +100)
2026-02-28 21:40:20,124 - risk.position_limits - INFO - WX_SPOT     :    -82  (limit:   -100 to   +100)
2026-02-28 21:40:20,125 - risk.position_limits - INFO - WX_SUM      :    +42  (limit:   -100 to   +100)
2026-02-28 21:40:20,125 - risk.position_limits - INFO - ------------------------------------------------------------
2026-02-28 21:40:20,125 - risk.position_limits - INFO - Total Exposure: 288 / 500
2026-02-28 21:40:20,125 - risk.position_limits - INFO - ============================================================
2026-02-28 21:40:20,125 - risk.pnl_monitor - INFO - ============================================================
2026-02-28 21:40:20,126 - risk.pnl_monitor - INFO - P&L SUMMARY
2026-02-28 21:40:20,126 - risk.pnl_monitor - INFO - ============================================================
2026-02-28 21:40:20,126 - risk.pnl_monitor - INFO - Total Realized P&L: -1010.27
2026-02-28 21:43:02,915 - execution.order_manager - INFO - Shutting down order manager
