2026-02-28 23:22:31,968 - __main__ - INFO - ============================================================
2026-02-28 23:22:31,968 - __main__ - INFO - IMCity Trading Bot
2026-02-28 23:22:31,968 - __main__ - INFO - ============================================================
2026-02-28 23:22:31,968 - __main__ - INFO - Bot:      hybrid
2026-02-28 23:22:31,968 - __main__ - INFO - Exchange: challenge
2026-02-28 23:22:31,968 - __main__ - INFO - URL:      http://ec2-52-19-74-159.eu-west-1.compute.amazonaws.com/
2026-02-28 23:22:31,969 - __main__ - INFO - User:     Brestttt
2026-02-28 23:22:31,969 - __main__ - INFO - Width:    10.0
2026-02-28 23:22:31,969 - __main__ - INFO - Volume:   2
2026-02-28 23:22:31,969 - __main__ - INFO - ============================================================
2026-02-28 23:22:31,969 - risk.position_limits - INFO - Position limit set for TIDE_SPOT: long=100, short=-100, abs=100
2026-02-28 23:22:31,969 - risk.position_limits - INFO - Position limit set for TIDE_SWING: long=100, short=-100, abs=100
2026-02-28 23:22:31,969 - risk.position_limits - INFO - Position limit set for WX_SPOT: long=100, short=-100, abs=100
2026-02-28 23:22:31,970 - risk.position_limits - INFO - Position limit set for WX_SUM: long=100, short=-100, abs=100
2026-02-28 23:22:31,970 - risk.position_limits - INFO - Position limit set for LHR_COUNT: long=100, short=-100, abs=100
2026-02-28 23:22:31,970 - risk.position_limits - INFO - Position limit set for LHR_INDEX: long=100, short=-100, abs=100
2026-02-28 23:22:31,970 - risk.position_limits - INFO - Position limit set for LON_ETF: long=100, short=-100, abs=100
2026-02-28 23:22:31,970 - risk.position_limits - INFO - Position limit set for LON_FLY: long=100, short=-100, abs=100
2026-02-28 23:22:31,970 - risk.pnl_monitor - INFO - P&L monitor initialized with max loss: -10000
2026-02-28 23:22:31,970 - execution.order_manager - INFO - Order manager initialized: max_workers=10, rate_limit=1.0/s, risk_checks=True
2026-02-28 23:22:31,970 - bots.hybrid_bot - INFO - Starting SSE stream...
2026-02-28 23:22:32,058 - bots.hybrid_bot - INFO - ✓ SSE thread started
2026-02-28 23:22:32,058 - bots.hybrid_bot - INFO - Hybrid bot started
2026-02-28 23:22:32,059 - bots.hybrid_bot - INFO - Strategies: ['MarketMaker', 'ETFArbitrage']
2026-02-28 23:50:41,484 - risk.pnl_monitor - INFO - Trade: SELL 1x TIDE_SWING @ 508.00, realized P&L: +0.00, position: -1
2026-02-28 23:50:41,487 - bots.hybrid_bot - INFO - Stopping...
2026-02-28 23:50:41,611 - risk.pnl_monitor - INFO - Trade: SELL 2x TIDE_SWING @ 508.00, realized P&L: +0.00, position: -3
2026-02-28 23:50:41,628 - risk.pnl_monitor - INFO - Trade: SELL 1x TIDE_SWING @ 497.00, realized P&L: +0.00, position: -4
2026-02-28 23:50:41,668 - risk.pnl_monitor - INFO - Trade: BUY 1x LHR_COUNT @ 1415.00, realized P&L: +0.00, position: +1
2026-02-28 23:50:41,671 - risk.pnl_monitor - INFO - Trade: BUY 1x LHR_COUNT @ 1651.00, realized P&L: +0.00, position: +2
2026-02-28 23:50:41,672 - risk.pnl_monitor - INFO - Trade: BUY 1x LHR_COUNT @ 1948.00, realized P&L: +0.00, position: +3
2026-02-28 23:50:41,672 - risk.pnl_monitor - INFO - Trade: BUY 1x LHR_INDEX @ 122.00, realized P&L: +0.00, position: +1
2026-02-28 23:50:41,672 - risk.pnl_monitor - INFO - Trade: BUY 1x LHR_INDEX @ 129.00, realized P&L: +0.00, position: +2
2026-02-28 23:50:41,672 - risk.pnl_monitor - INFO - Trade: BUY 1x LHR_INDEX @ 154.00, realized P&L: +0.00, position: +3
2026-02-28 23:50:41,675 - risk.pnl_monitor - INFO - Trade: BUY 1x LON_ETF @ 8674.00, realized P&L: +0.00, position: +1
2026-02-28 23:50:41,676 - risk.pnl_monitor - INFO - Trade: BUY 3x LON_ETF @ 8925.00, realized P&L: +0.00, position: +4
2026-02-28 23:50:41,683 - risk.pnl_monitor - INFO - Trade: BUY 1x LON_FLY @ 3116.00, realized P&L: +0.00, position: +1
2026-02-28 23:50:41,692 - risk.pnl_monitor - INFO - Trade: BUY 1x LON_FLY @ 3296.00, realized P&L: +0.00, position: +2
2026-02-28 23:50:41,693 - risk.pnl_monitor - INFO - Trade: BUY 1x LON_FLY @ 3296.00, realized P&L: +0.00, position: +3
2026-02-28 23:50:41,693 - risk.pnl_monitor - INFO - Trade: BUY 1x LON_FLY @ 3339.00, realized P&L: +0.00, position: +4
2026-02-28 23:50:41,693 - risk.pnl_monitor - INFO - Trade: SELL 3x TIDE_SWING @ 507.00, realized P&L: +0.00, position: -7
2026-02-28 23:50:41,693 - risk.pnl_monitor - INFO - Trade: SELL 1x TIDE_SWING @ 497.00, realized P&L: +0.00, position: -8
2026-02-28 23:50:41,694 - risk.pnl_monitor - INFO - Trade: BUY 1x LHR_COUNT @ 2036.00, realized P&L: +0.00, position: +4
2026-02-28 23:50:41,694 - risk.pnl_monitor - INFO - Trade: BUY 1x LHR_COUNT @ 2220.00, realized P&L: +0.00, position: +5
2026-02-28 23:50:41,694 - risk.pnl_monitor - INFO - Trade: BUY 1x LHR_COUNT @ 2220.00, realized P&L: +0.00, position: +6
2026-02-28 23:50:41,694 - risk.pnl_monitor - INFO - Trade: BUY 1x LHR_INDEX @ 116.00, realized P&L: +0.00, position: +4
2026-02-28 23:50:41,694 - risk.pnl_monitor - INFO - Trade: BUY 1x LHR_INDEX @ 130.00, realized P&L: +0.00, position: +5
2026-02-28 23:50:41,695 - risk.pnl_monitor - INFO - Trade: BUY 1x LHR_INDEX @ 154.00, realized P&L: +0.00, position: +6
2026-02-28 23:50:41,695 - risk.pnl_monitor - INFO - Trade: BUY 4x LON_ETF @ 8970.00, realized P&L: +0.00, position: +8
2026-02-28 23:50:41,695 - risk.pnl_monitor - INFO - Trade: BUY 1x LON_FLY @ 3100.00, realized P&L: +0.00, position: +5
2026-02-28 23:50:41,695 - risk.pnl_monitor - INFO - Trade: BUY 1x LON_FLY @ 3101.00, realized P&L: +0.00, position: +6
2026-02-28 23:50:41,695 - risk.pnl_monitor - INFO - Trade: BUY 2x LON_FLY @ 3994.00, realized P&L: +0.00, position: +8
2026-02-28 23:50:41,696 - risk.pnl_monitor - INFO - Trade: BUY 1x LHR_COUNT @ 2221.00, realized P&L: +0.00, position: +7
2026-02-28 23:50:41,696 - risk.pnl_monitor - INFO - Trade: BUY 1x LHR_COUNT @ 2313.00, realized P&L: +0.00, position: +8
2026-02-28 23:50:41,699 - risk.pnl_monitor - INFO - Trade: BUY 1x LHR_INDEX @ 132.00, realized P&L: +0.00, position: +7
2026-02-28 23:50:41,699 - risk.pnl_monitor - INFO - Trade: BUY 1x LHR_INDEX @ 154.00, realized P&L: +0.00, position: +8
2026-02-28 23:50:41,700 - risk.pnl_monitor - INFO - Trade: BUY 1x LON_ETF @ 8970.00, realized P&L: +0.00, position: +9
2026-02-28 23:50:41,700 - risk.pnl_monitor - INFO - Trade: BUY 2.0x LON_ETF @ 9004.00, realized P&L: +0.00, position: +11
2026-02-28 23:50:41,701 - risk.pnl_monitor - INFO - Trade: BUY 1.0x LON_ETF @ 9004.00, realized P&L: +0.00, position: +12
2026-02-28 23:50:41,701 - risk.pnl_monitor - INFO - Trade: BUY 1x LON_FLY @ 3116.00, realized P&L: +0.00, position: +9
2026-02-28 23:50:41,701 - risk.pnl_monitor - INFO - Trade: BUY 1x LON_FLY @ 3526.00, realized P&L: +0.00, position: +10
2026-02-28 23:50:41,702 - risk.pnl_monitor - INFO - Trade: BUY 2x LON_FLY @ 3994.00, realized P&L: +0.00, position: +12
2026-02-28 23:50:46,110 - execution.order_manager - INFO - Shutting down order manager
