2026-02-28 21:54:06,753 - __main__ - INFO - ============================================================
2026-02-28 21:54:06,753 - __main__ - INFO - IMCity Trading Bot
2026-02-28 21:54:06,754 - __main__ - INFO - ============================================================
2026-02-28 21:54:06,754 - __main__ - INFO - Bot:      hybrid
2026-02-28 21:54:06,754 - __main__ - INFO - Exchange: challenge
2026-02-28 21:54:06,755 - __main__ - INFO - URL:      http://ec2-52-19-74-159.eu-west-1.compute.amazonaws.com/
2026-02-28 21:54:06,755 - __main__ - INFO - User:     Brestttt
2026-02-28 21:54:06,755 - __main__ - INFO - Width:    10.0
2026-02-28 21:54:06,755 - __main__ - INFO - Volume:   2
2026-02-28 21:54:06,755 - __main__ - INFO - ============================================================
2026-02-28 21:54:06,756 - execution.order_manager - INFO - Order manager initialized: max_workers=10, rate_limit=1.0/s, risk_checks=True
2026-02-28 21:54:06,756 - bots.hybrid_bot - INFO - Starting SSE stream...
2026-02-28 21:54:06,861 - bots.hybrid_bot - INFO - ✓ SSE thread started
2026-02-28 21:54:06,862 - bots.hybrid_bot - INFO - Hybrid bot started
2026-02-28 21:54:06,862 - bots.hybrid_bot - INFO - Strategies: ['MarketMaker', 'ETFArbitrage']
2026-02-28 21:54:36,933 - bots.hybrid_bot - WARNING - ⚠️  NO ORDERBOOKS RECEIVED IN LAST 30 SECONDS!
2026-02-28 21:54:36,935 - bots.hybrid_bot - WARNING -    SSE stream may not be working - check connection
2026-02-28 21:55:06,949 - bots.hybrid_bot - WARNING - ⚠️  NO ORDERBOOKS RECEIVED IN LAST 30 SECONDS!
2026-02-28 21:55:06,951 - bots.hybrid_bot - WARNING -    SSE stream may not be working - check connection
2026-02-28 21:55:37,031 - bots.hybrid_bot - WARNING - ⚠️  NO ORDERBOOKS RECEIVED IN LAST 30 SECONDS!
2026-02-28 21:55:37,035 - bots.hybrid_bot - WARNING -    SSE stream may not be working - check connection
2026-02-28 21:55:42,291 - bots.hybrid_bot - INFO - Stopping...
2026-02-28 21:55:47,135 - execution.order_manager - INFO - Shutting down order manager
