2026-02-28 21:23:35,162 - __main__ - INFO - ============================================================
2026-02-28 21:23:35,162 - __main__ - INFO - IMCity Trading Bot
2026-02-28 21:23:35,162 - __main__ - INFO - ============================================================
2026-02-28 21:23:35,162 - __main__ - INFO - Bot:      hybrid
2026-02-28 21:23:35,162 - __main__ - INFO - Exchange: challenge
2026-02-28 21:23:35,162 - __main__ - INFO - URL:      http://ec2-52-19-74-159.eu-west-1.compute.amazonaws.com/
2026-02-28 21:23:35,162 - __main__ - INFO - User:     Brestttt
2026-02-28 21:23:35,162 - __main__ - INFO - Width:    10.0
2026-02-28 21:23:35,162 - __main__ - INFO - Volume:   2
2026-02-28 21:23:35,162 - __main__ - INFO - ============================================================
2026-02-28 21:23:35,163 - bots.hybrid_bot - INFO - Starting SSE stream...
2026-02-28 21:23:35,232 - bots.hybrid_bot - INFO - ✓ SSE thread started
2026-02-28 21:23:35,233 - bots.hybrid_bot - INFO - Hybrid bot started
2026-02-28 21:23:35,233 - bots.hybrid_bot - INFO - Strategies: ['MarketMaker', 'ETFArbitrage']
2026-02-28 21:23:35,762 - data.flights - INFO - Flight data loaded from cache (avoided API call)
2026-02-28 21:23:35,768 - data.flights - INFO - Flight data loaded from cache (avoided API call)
2026-02-28 21:23:35,768 - data.flights - INFO - LHR_COUNT: 4765 (2333 arrivals + 2432 departures)
2026-02-28 21:23:35,768 - data.flights - INFO - Flight data loaded from cache (avoided API call)
2026-02-28 21:23:35,768 - data.flights - INFO - Flight data loaded from cache (avoided API call)
2026-02-28 21:23:35,773 - data.flights - INFO - LHR_INDEX: 1453.93 (across 44 intervals, total arr=2333, dep=2432)
2026-02-28 21:23:37,457 - data.flights - INFO - Flight data loaded from cache (avoided API call)
2026-02-28 21:23:37,458 - data.flights - INFO - Flight data loaded from cache (avoided API call)
2026-02-28 21:23:37,464 - data.flights - INFO - LHR_COUNT: 4765 (2333 arrivals + 2432 departures)
2026-02-28 21:23:37,464 - data.flights - INFO - Flight data loaded from cache (avoided API call)
2026-02-28 21:23:37,464 - data.flights - INFO - Flight data loaded from cache (avoided API call)
2026-02-28 21:23:37,482 - data.flights - INFO - LHR_INDEX: 1453.93 (across 44 intervals, total arr=2333, dep=2432)
2026-02-28 21:23:39,430 - data.flights - INFO - Flight data loaded from cache (avoided API call)
2026-02-28 21:23:39,430 - data.flights - INFO - Flight data loaded from cache (avoided API call)
2026-02-28 21:23:39,440 - data.flights - INFO - LHR_COUNT: 4765 (2333 arrivals + 2432 departures)
2026-02-28 21:23:39,440 - data.flights - INFO - Flight data loaded from cache (avoided API call)
2026-02-28 21:23:39,440 - data.flights - INFO - Flight data loaded from cache (avoided API call)
2026-02-28 21:23:39,457 - data.flights - INFO - LHR_INDEX: 1453.93 (across 44 intervals, total arr=2333, dep=2432)
2026-02-28 21:23:41,450 - data.flights - INFO - Flight data loaded from cache (avoided API call)
2026-02-28 21:23:41,450 - data.flights - INFO - Flight data loaded from cache (avoided API call)
2026-02-28 21:23:41,452 - data.flights - INFO - LHR_COUNT: 4765 (2333 arrivals + 2432 departures)
2026-02-28 21:23:41,452 - data.flights - INFO - Flight data loaded from cache (avoided API call)
2026-02-28 21:23:41,453 - data.flights - INFO - Flight data loaded from cache (avoided API call)
2026-02-28 21:23:41,464 - data.flights - INFO - LHR_INDEX: 1453.93 (across 44 intervals, total arr=2333, dep=2432)
2026-02-28 21:23:43,360 - data.flights - INFO - Flight data loaded from cache (avoided API call)
2026-02-28 21:23:43,361 - data.flights - INFO - Flight data loaded from cache (avoided API call)
2026-02-28 21:23:43,366 - data.flights - INFO - LHR_COUNT: 4765 (2333 arrivals + 2432 departures)
2026-02-28 21:23:43,367 - data.flights - INFO - Flight data loaded from cache (avoided API call)
2026-02-28 21:23:43,367 - data.flights - INFO - Flight data loaded from cache (avoided API call)
2026-02-28 21:23:43,382 - data.flights - INFO - LHR_INDEX: 1453.93 (across 44 intervals, total arr=2333, dep=2432)
2026-02-28 21:23:45,402 - data.flights - INFO - Flight data loaded from cache (avoided API call)
2026-02-28 21:23:45,403 - data.flights - INFO - Flight data loaded from cache (avoided API call)
2026-02-28 21:23:45,410 - data.flights - INFO - LHR_COUNT: 4765 (2333 arrivals + 2432 departures)
2026-02-28 21:23:45,410 - data.flights - INFO - Flight data loaded from cache (avoided API call)
2026-02-28 21:23:45,410 - data.flights - INFO - Flight data loaded from cache (avoided API call)
2026-02-28 21:23:45,419 - data.flights - INFO - LHR_INDEX: 1453.93 (across 44 intervals, total arr=2333, dep=2432)
2026-02-28 21:23:47,389 - data.flights - INFO - Flight data loaded from cache (avoided API call)
2026-02-28 21:23:47,389 - data.flights - INFO - Flight data loaded from cache (avoided API call)
2026-02-28 21:23:47,391 - data.flights - INFO - LHR_COUNT: 4765 (2333 arrivals + 2432 departures)
2026-02-28 21:23:47,391 - data.flights - INFO - Flight data loaded from cache (avoided API call)
2026-02-28 21:23:47,391 - data.flights - INFO - Flight data loaded from cache (avoided API call)
2026-02-28 21:23:47,399 - data.flights - INFO - LHR_INDEX: 1453.93 (across 44 intervals, total arr=2333, dep=2432)
2026-02-28 21:23:49,409 - data.flights - INFO - Flight data loaded from cache (avoided API call)
2026-02-28 21:23:49,409 - data.flights - INFO - Flight data loaded from cache (avoided API call)
2026-02-28 21:23:49,413 - data.flights - INFO - LHR_COUNT: 4765 (2333 arrivals + 2432 departures)
2026-02-28 21:23:49,413 - data.flights - INFO - Flight data loaded from cache (avoided API call)
2026-02-28 21:23:49,413 - data.flights - INFO - Flight data loaded from cache (avoided API call)
2026-02-28 21:23:49,420 - data.flights - INFO - LHR_INDEX: 1453.93 (across 44 intervals, total arr=2333, dep=2432)
2026-02-28 21:23:51,441 - data.flights - INFO - Flight data loaded from cache (avoided API call)
2026-02-28 21:23:51,443 - data.flights - INFO - Flight data loaded from cache (avoided API call)
2026-02-28 21:23:51,451 - data.flights - INFO - LHR_COUNT: 4765 (2333 arrivals + 2432 departures)
2026-02-28 21:23:51,452 - data.flights - INFO - Flight data loaded from cache (avoided API call)
2026-02-28 21:23:51,452 - data.flights - INFO - Flight data loaded from cache (avoided API call)
2026-02-28 21:23:51,485 - data.flights - INFO - LHR_INDEX: 1453.93 (across 44 intervals, total arr=2333, dep=2432)
2026-02-28 21:23:55,420 - data.flights - INFO - Flight data loaded from cache (avoided API call)
2026-02-28 21:23:55,421 - data.flights - INFO - Flight data loaded from cache (avoided API call)
2026-02-28 21:23:55,428 - data.flights - INFO - LHR_COUNT: 4765 (2333 arrivals + 2432 departures)
2026-02-28 21:23:55,428 - data.flights - INFO - Flight data loaded from cache (avoided API call)
2026-02-28 21:23:55,429 - data.flights - INFO - Flight data loaded from cache (avoided API call)
2026-02-28 21:23:55,438 - data.flights - INFO - LHR_INDEX: 1453.93 (across 44 intervals, total arr=2333, dep=2432)
2026-02-28 21:23:57,449 - data.flights - INFO - Flight data loaded from cache (avoided API call)
2026-02-28 21:23:57,449 - data.flights - INFO - Flight data loaded from cache (avoided API call)
2026-02-28 21:23:57,458 - data.flights - INFO - LHR_COUNT: 4765 (2333 arrivals + 2432 departures)
2026-02-28 21:23:57,459 - data.flights - INFO - Flight data loaded from cache (avoided API call)
2026-02-28 21:23:57,459 - data.flights - INFO - Flight data loaded from cache (avoided API call)
2026-02-28 21:23:57,468 - data.flights - INFO - LHR_INDEX: 1453.93 (across 44 intervals, total arr=2333, dep=2432)
2026-02-28 21:24:01,453 - data.flights - INFO - Flight data loaded from cache (avoided API call)
2026-02-28 21:24:01,453 - data.flights - INFO - Flight data loaded from cache (avoided API call)
2026-02-28 21:24:01,455 - data.flights - INFO - LHR_COUNT: 4765 (2333 arrivals + 2432 departures)
2026-02-28 21:24:01,455 - data.flights - INFO - Flight data loaded from cache (avoided API call)
2026-02-28 21:24:01,455 - data.flights - INFO - Flight data loaded from cache (avoided API call)
2026-02-28 21:24:01,463 - data.flights - INFO - LHR_INDEX: 1453.93 (across 44 intervals, total arr=2333, dep=2432)
2026-02-28 21:24:02,867 - data.flights - INFO - Flight data loaded from cache (avoided API call)
2026-02-28 21:24:02,867 - data.flights - INFO - Flight data loaded from cache (avoided API call)
2026-02-28 21:24:02,880 - data.flights - INFO - LHR_COUNT: 4765 (2333 arrivals + 2432 departures)
2026-02-28 21:24:02,880 - data.flights - INFO - Flight data loaded from cache (avoided API call)
2026-02-28 21:24:02,880 - data.flights - INFO - Flight data loaded from cache (avoided API call)
2026-02-28 21:24:02,894 - data.flights - INFO - LHR_INDEX: 1453.93 (across 44 intervals, total arr=2333, dep=2432)
2026-02-28 21:24:06,631 - data.flights - INFO - Flight data loaded from cache (avoided API call)
2026-02-28 21:24:06,632 - data.flights - INFO - Flight data loaded from cache (avoided API call)
2026-02-28 21:24:06,638 - data.flights - INFO - LHR_COUNT: 4765 (2333 arrivals + 2432 departures)
2026-02-28 21:24:06,639 - data.flights - INFO - Flight data loaded from cache (avoided API call)
2026-02-28 21:24:06,639 - data.flights - INFO - Flight data loaded from cache (avoided API call)
2026-02-28 21:24:06,647 - data.flights - INFO - LHR_INDEX: 1453.93 (across 44 intervals, total arr=2333, dep=2432)
2026-02-28 21:24:08,194 - data.flights - INFO - Flight data loaded from cache (avoided API call)
2026-02-28 21:24:08,194 - data.flights - INFO - Flight data loaded from cache (avoided API call)
2026-02-28 21:24:08,196 - data.flights - INFO - LHR_COUNT: 4765 (2333 arrivals + 2432 departures)
2026-02-28 21:24:08,196 - data.flights - INFO - Flight data loaded from cache (avoided API call)
2026-02-28 21:24:08,196 - data.flights - INFO - Flight data loaded from cache (avoided API call)
2026-02-28 21:24:08,209 - data.flights - INFO - LHR_INDEX: 1453.93 (across 44 intervals, total arr=2333, dep=2432)
2026-02-28 21:24:14,193 - data.flights - INFO - Flight data loaded from cache (avoided API call)
2026-02-28 21:24:14,194 - data.flights - INFO - Flight data loaded from cache (avoided API call)
2026-02-28 21:24:14,197 - data.flights - INFO - LHR_COUNT: 4765 (2333 arrivals + 2432 departures)
2026-02-28 21:24:14,198 - data.flights - INFO - Flight data loaded from cache (avoided API call)
2026-02-28 21:24:14,198 - data.flights - INFO - Flight data loaded from cache (avoided API call)
2026-02-28 21:24:14,210 - data.flights - INFO - LHR_INDEX: 1453.93 (across 44 intervals, total arr=2333, dep=2432)
2026-02-28 21:24:16,147 - data.flights - INFO - Flight data loaded from cache (avoided API call)
2026-02-28 21:24:16,147 - data.flights - INFO - Flight data loaded from cache (avoided API call)
2026-02-28 21:24:16,150 - data.flights - INFO - LHR_COUNT: 4765 (2333 arrivals + 2432 departures)
2026-02-28 21:24:16,150 - data.flights - INFO - Flight data loaded from cache (avoided API call)
2026-02-28 21:24:16,150 - data.flights - INFO - Flight data loaded from cache (avoided API call)
2026-02-28 21:24:16,159 - data.flights - INFO - LHR_INDEX: 1453.93 (across 44 intervals, total arr=2333, dep=2432)
2026-02-28 21:24:18,186 - data.flights - INFO - Flight data loaded from cache (avoided API call)
2026-02-28 21:24:18,186 - data.flights - INFO - Flight data loaded from cache (avoided API call)
2026-02-28 21:24:18,187 - data.flights - INFO - LHR_COUNT: 4765 (2333 arrivals + 2432 departures)
2026-02-28 21:24:18,187 - data.flights - INFO - Flight data loaded from cache (avoided API call)
2026-02-28 21:24:18,187 - data.flights - INFO - Flight data loaded from cache (avoided API call)
2026-02-28 21:24:18,194 - data.flights - INFO - LHR_INDEX: 1453.93 (across 44 intervals, total arr=2333, dep=2432)
2026-02-28 21:24:20,162 - data.flights - INFO - Flight data loaded from cache (avoided API call)
2026-02-28 21:24:20,162 - data.flights - INFO - Flight data loaded from cache (avoided API call)
2026-02-28 21:24:20,168 - data.flights - INFO - LHR_COUNT: 4765 (2333 arrivals + 2432 departures)
2026-02-28 21:24:20,169 - data.flights - INFO - Flight data loaded from cache (avoided API call)
2026-02-28 21:24:20,169 - data.flights - INFO - Flight data loaded from cache (avoided API call)
2026-02-28 21:24:20,181 - data.flights - INFO - LHR_INDEX: 1453.93 (across 44 intervals, total arr=2333, dep=2432)
2026-02-28 21:24:21,934 - data.flights - INFO - Flight data loaded from cache (avoided API call)
2026-02-28 21:24:21,934 - data.flights - INFO - Flight data loaded from cache (avoided API call)
2026-02-28 21:24:21,937 - data.flights - INFO - LHR_COUNT: 4765 (2333 arrivals + 2432 departures)
2026-02-28 21:24:21,943 - data.flights - INFO - Flight data loaded from cache (avoided API call)
2026-02-28 21:24:21,943 - data.flights - INFO - Flight data loaded from cache (avoided API call)
2026-02-28 21:24:21,954 - data.flights - INFO - LHR_INDEX: 1453.93 (across 44 intervals, total arr=2333, dep=2432)
2026-02-28 21:24:23,163 - data.flights - INFO - Flight data loaded from cache (avoided API call)
2026-02-28 21:24:23,164 - data.flights - INFO - Flight data loaded from cache (avoided API call)
2026-02-28 21:24:23,172 - data.flights - INFO - LHR_COUNT: 4765 (2333 arrivals + 2432 departures)
2026-02-28 21:24:23,172 - data.flights - INFO - Flight data loaded from cache (avoided API call)
2026-02-28 21:24:23,173 - data.flights - INFO - Flight data loaded from cache (avoided API call)
2026-02-28 21:24:23,189 - data.flights - INFO - LHR_INDEX: 1453.93 (across 44 intervals, total arr=2333, dep=2432)
2026-02-28 21:24:24,164 - data.flights - INFO - Flight data loaded from cache (avoided API call)
2026-02-28 21:24:24,164 - data.flights - INFO - Flight data loaded from cache (avoided API call)
2026-02-28 21:24:24,166 - data.flights - INFO - LHR_COUNT: 4765 (2333 arrivals + 2432 departures)
2026-02-28 21:24:24,166 - data.flights - INFO - Flight data loaded from cache (avoided API call)
2026-02-28 21:24:24,166 - data.flights - INFO - Flight data loaded from cache (avoided API call)
2026-02-28 21:24:24,172 - data.flights - INFO - LHR_INDEX: 1453.93 (across 44 intervals, total arr=2333, dep=2432)
2026-02-28 21:24:26,154 - data.flights - INFO - Flight data loaded from cache (avoided API call)
2026-02-28 21:24:26,155 - data.flights - INFO - Flight data loaded from cache (avoided API call)
2026-02-28 21:24:26,156 - data.flights - INFO - LHR_COUNT: 4765 (2333 arrivals + 2432 departures)
2026-02-28 21:24:26,156 - data.flights - INFO - Flight data loaded from cache (avoided API call)
2026-02-28 21:24:26,156 - data.flights - INFO - Flight data loaded from cache (avoided API call)
2026-02-28 21:24:26,163 - data.flights - INFO - LHR_INDEX: 1453.93 (across 44 intervals, total arr=2333, dep=2432)
2026-02-28 21:24:28,187 - data.flights - INFO - Flight data loaded from cache (avoided API call)
2026-02-28 21:24:28,188 - data.flights - INFO - Flight data loaded from cache (avoided API call)
2026-02-28 21:24:28,196 - data.flights - INFO - LHR_COUNT: 4765 (2333 arrivals + 2432 departures)
2026-02-28 21:24:28,196 - data.flights - INFO - Flight data loaded from cache (avoided API call)
2026-02-28 21:24:28,197 - data.flights - INFO - Flight data loaded from cache (avoided API call)
2026-02-28 21:24:28,219 - data.flights - INFO - LHR_INDEX: 1453.93 (across 44 intervals, total arr=2333, dep=2432)
2026-02-28 21:24:31,738 - data.flights - INFO - Flight data loaded from cache (avoided API call)
2026-02-28 21:24:31,739 - data.flights - INFO - Flight data loaded from cache (avoided API call)
2026-02-28 21:24:31,741 - data.flights - INFO - LHR_COUNT: 4765 (2333 arrivals + 2432 departures)
2026-02-28 21:24:31,741 - data.flights - INFO - Flight data loaded from cache (avoided API call)
2026-02-28 21:24:31,741 - data.flights - INFO - Flight data loaded from cache (avoided API call)
2026-02-28 21:24:31,752 - data.flights - INFO - LHR_INDEX: 1453.93 (across 44 intervals, total arr=2333, dep=2432)
2026-02-28 21:24:33,541 - data.flights - INFO - Flight data loaded from cache (avoided API call)
2026-02-28 21:24:33,542 - data.flights - INFO - Flight data loaded from cache (avoided API call)
2026-02-28 21:24:33,543 - data.flights - INFO - LHR_COUNT: 4765 (2333 arrivals + 2432 departures)
2026-02-28 21:24:33,543 - data.flights - INFO - Flight data loaded from cache (avoided API call)
2026-02-28 21:24:33,543 - data.flights - INFO - Flight data loaded from cache (avoided API call)
2026-02-28 21:24:33,550 - data.flights - INFO - LHR_INDEX: 1453.93 (across 44 intervals, total arr=2333, dep=2432)
2026-02-28 21:24:34,944 - data.flights - INFO - Flight data loaded from cache (avoided API call)
2026-02-28 21:24:34,944 - data.flights - INFO - Flight data loaded from cache (avoided API call)
2026-02-28 21:24:34,945 - data.flights - INFO - LHR_COUNT: 4765 (2333 arrivals + 2432 departures)
2026-02-28 21:24:34,945 - data.flights - INFO - Flight data loaded from cache (avoided API call)
2026-02-28 21:24:34,945 - data.flights - INFO - Flight data loaded from cache (avoided API call)
2026-02-28 21:24:34,949 - data.flights - INFO - LHR_INDEX: 1453.93 (across 44 intervals, total arr=2333, dep=2432)
2026-02-28 21:24:36,134 - data.flights - INFO - Flight data loaded from cache (avoided API call)
2026-02-28 21:24:36,134 - data.flights - INFO - Flight data loaded from cache (avoided API call)
2026-02-28 21:24:36,138 - data.flights - INFO - LHR_COUNT: 4765 (2333 arrivals + 2432 departures)
2026-02-28 21:24:36,138 - data.flights - INFO - Flight data loaded from cache (avoided API call)
2026-02-28 21:24:36,138 - data.flights - INFO - Flight data loaded from cache (avoided API call)
2026-02-28 21:24:36,150 - data.flights - INFO - LHR_INDEX: 1453.93 (across 44 intervals, total arr=2333, dep=2432)
2026-02-28 21:26:16,511 - bots.hybrid_bot - INFO - Stopping...
2026-02-28 21:26:16,742 - data.flights - INFO - Flight data loaded from cache (avoided API call)
2026-02-28 21:26:16,742 - data.flights - INFO - Flight data loaded from cache (avoided API call)
2026-02-28 21:26:16,744 - data.flights - INFO - LHR_COUNT: 4765 (2333 arrivals + 2432 departures)
2026-02-28 21:26:16,744 - data.flights - INFO - Flight data loaded from cache (avoided API call)
2026-02-28 21:26:16,744 - data.flights - INFO - Flight data loaded from cache (avoided API call)
2026-02-28 21:26:16,755 - data.flights - INFO - LHR_INDEX: 1453.93 (across 44 intervals, total arr=2333, dep=2432)
