2026-02-28 23:17:14,913 - __main__ - INFO - ============================================================
2026-02-28 23:17:14,913 - __main__ - INFO - IMCity Trading Bot
2026-02-28 23:17:14,913 - __main__ - INFO - ============================================================
2026-02-28 23:17:14,913 - __main__ - INFO - Bot:      hybrid
2026-02-28 23:17:14,913 - __main__ - INFO - Exchange: challenge
2026-02-28 23:17:14,913 - __main__ - INFO - URL:      http://ec2-52-19-74-159.eu-west-1.compute.amazonaws.com/
2026-02-28 23:17:14,913 - __main__ - INFO - User:     Brestttt
2026-02-28 23:17:14,913 - __main__ - INFO - Width:    10.0
2026-02-28 23:17:14,913 - __main__ - INFO - Volume:   2
2026-02-28 23:17:14,913 - __main__ - INFO - ============================================================
2026-02-28 23:17:14,913 - risk.position_limits - INFO - Position limit set for TIDE_SPOT: long=100, short=-100, abs=100
2026-02-28 23:17:14,913 - risk.position_limits - INFO - Position limit set for TIDE_SWING: long=100, short=-100, abs=100
2026-02-28 23:17:14,914 - risk.position_limits - INFO - Position limit set for WX_SPOT: long=100, short=-100, abs=100
2026-02-28 23:17:14,914 - risk.position_limits - INFO - Position limit set for WX_SUM: long=100, short=-100, abs=100
2026-02-28 23:17:14,914 - risk.position_limits - INFO - Position limit set for LHR_COUNT: long=100, short=-100, abs=100
2026-02-28 23:17:14,914 - risk.position_limits - INFO - Position limit set for LHR_INDEX: long=100, short=-100, abs=100
2026-02-28 23:17:14,914 - risk.position_limits - INFO - Position limit set for LON_ETF: long=100, short=-100, abs=100
2026-02-28 23:17:14,914 - risk.position_limits - INFO - Position limit set for LON_FLY: long=100, short=-100, abs=100
2026-02-28 23:17:14,914 - risk.pnl_monitor - INFO - P&L monitor initialized with max loss: -10000
2026-02-28 23:17:14,914 - execution.order_manager - INFO - Order manager initialized: max_workers=10, rate_limit=1.0/s, risk_checks=True
2026-02-28 23:17:14,914 - bots.hybrid_bot - INFO - Starting SSE stream...
2026-02-28 23:17:15,098 - bots.hybrid_bot - INFO - ✓ SSE thread started
2026-02-28 23:17:15,099 - bots.hybrid_bot - INFO - Hybrid bot started
2026-02-28 23:17:15,099 - bots.hybrid_bot - INFO - Strategies: ['MarketMaker', 'ETFArbitrage']
2026-02-28 23:19:27,331 - execution.order_manager - ERROR - Order exception: HTTPConnectionPool(host='ec2-52-19-74-159.eu-west-1.compute.amazonaws.com', port=80): Max retries exceeded with url: /api/order (Caused by ConnectTimeoutError(<urllib3.connection.HTTPConnection object at 0x120f4f020>, 'Connection to ec2-52-19-74-159.eu-west-1.compute.amazonaws.com timed out. (connect timeout=None)'))
2026-02-28 23:22:19,039 - bots.hybrid_bot - INFO - Stopping...
2026-02-28 23:22:24,801 - execution.order_manager - INFO - Shutting down order manager
