2026-02-28 20:17:13,140 - risk.position_limits - INFO - Position limit set for TIDE_SPOT: long=100, short=-100, abs=100
2026-02-28 20:17:13,140 - risk.position_limits - INFO - Position limit set for TIDE_SWING: long=100, short=-100, abs=100
2026-02-28 20:17:13,140 - risk.position_limits - INFO - Position limit set for WX_SPOT: long=100, short=-100, abs=100
2026-02-28 20:17:13,140 - risk.position_limits - INFO - Position limit set for WX_SUM: long=100, short=-100, abs=100
2026-02-28 20:17:13,140 - risk.position_limits - INFO - Position limit set for LHR_COUNT: long=100, short=-100, abs=100
2026-02-28 20:17:13,140 - risk.position_limits - INFO - Position limit set for LHR_INDEX: long=100, short=-100, abs=100
2026-02-28 20:17:13,140 - risk.position_limits - INFO - Position limit set for LON_ETF: long=100, short=-100, abs=100
2026-02-28 20:17:13,140 - risk.position_limits - INFO - Position limit set for LON_FLY: long=100, short=-100, abs=100
2026-02-28 20:17:13,140 - risk.pnl_monitor - INFO - P&L monitor initialized with max loss: -10000
2026-02-28 20:17:13,140 - execution.order_manager - INFO - Order manager initialized: max_workers=10, rate_limit=1.0/s, risk_checks=True
2026-02-28 20:17:13,246 - risk.position_limits - INFO - ============================================================
2026-02-28 20:17:13,247 - risk.position_limits - INFO - POSITION SUMMARY
2026-02-28 20:17:13,247 - risk.position_limits - INFO - ============================================================
2026-02-28 20:17:13,247 - risk.position_limits - INFO - LHR_COUNT   :    +67  (limit:   -100 to   +100)
2026-02-28 20:17:13,247 - risk.position_limits - INFO - LHR_INDEX   :    +60  (limit:   -100 to   +100)
2026-02-28 20:17:13,247 - risk.position_limits - INFO - LON_ETF     :    -63  (limit:   -100 to   +100)
2026-02-28 20:17:13,247 - risk.position_limits - INFO - LON_FLY     :    -58  (limit:   -100 to   +100)
2026-02-28 20:17:13,247 - risk.position_limits - INFO - TIDE_SPOT   :    -59  (limit:   -100 to   +100)
2026-02-28 20:17:13,247 - risk.position_limits - INFO - TIDE_SWING  :    -16  (limit:   -100 to   +100)
2026-02-28 20:17:13,247 - risk.position_limits - INFO - WX_SPOT     :    -50  (limit:   -100 to   +100)
2026-02-28 20:17:13,247 - risk.position_limits - INFO - WX_SUM      :    +56  (limit:   -100 to   +100)
2026-02-28 20:17:13,247 - risk.position_limits - INFO - ------------------------------------------------------------
2026-02-28 20:17:13,247 - risk.position_limits - INFO - Total Exposure: 429 / 500
2026-02-28 20:17:13,247 - risk.position_limits - INFO - ============================================================
2026-02-28 20:17:13,247 - risk.pnl_monitor - INFO - ============================================================
2026-02-28 20:17:13,247 - risk.pnl_monitor - INFO - P&L SUMMARY
2026-02-28 20:17:13,248 - risk.pnl_monitor - INFO - ============================================================
2026-02-28 20:17:13,248 - risk.pnl_monitor - INFO - Total Realized P&L: +0.00
2026-02-28 20:17:13,248 - risk.pnl_monitor - INFO - ============================================================
2026-02-28 20:17:13,248 - utils.metrics - INFO - ============================================================
2026-02-28 20:17:13,248 - utils.metrics - INFO - PERFORMANCE SUMMARY
2026-02-28 20:17:13,248 - utils.metrics - INFO - ============================================================
2026-02-28 20:17:13,248 - utils.metrics - INFO - Total P&L:      +0.00
2026-02-28 20:17:13,248 - utils.metrics - INFO - Realized P&L:   +0.00
2026-02-28 20:17:13,248 - utils.metrics - INFO - Unrealized P&L: +0.00
2026-02-28 20:17:13,248 - utils.metrics - INFO - Max Drawdown:   0.00
2026-02-28 20:17:13,248 - utils.metrics - INFO - 
2026-02-28 20:17:13,248 - utils.metrics - INFO - Total Trades:   0
2026-02-28 20:17:13,248 - utils.metrics - INFO - Win Rate:       0.0%
2026-02-28 20:17:13,248 - utils.metrics - INFO - Avg Win:        +0.00
2026-02-28 20:17:13,248 - utils.metrics - INFO - Avg Loss:       +0.00
2026-02-28 20:17:13,248 - utils.metrics - INFO - Profit Factor:  0.00
2026-02-28 20:17:13,248 - utils.metrics - INFO - Sharpe Ratio:   0.00
2026-02-28 20:17:13,248 - utils.metrics - INFO - 
2026-02-28 20:17:13,248 - utils.metrics - INFO - Orders Sent:    0
2026-02-28 20:17:13,248 - utils.metrics - INFO - Orders Filled:  0
2026-02-28 20:17:13,248 - utils.metrics - INFO - Fill Rate:      0.0%
2026-02-28 20:17:13,248 - utils.metrics - INFO - 
2026-02-28 20:17:13,248 - utils.metrics - INFO - Elapsed Time:   0.00 hours
2026-02-28 20:17:13,248 - utils.metrics - INFO - P&L per Hour:   +0.00
2026-02-28 20:17:13,248 - utils.metrics - INFO - ============================================================
2026-02-28 20:18:13,320 - risk.position_limits - INFO - ============================================================
2026-02-28 20:18:13,321 - risk.position_limits - INFO - POSITION SUMMARY
2026-02-28 20:18:13,322 - risk.position_limits - INFO - ============================================================
2026-02-28 20:18:13,322 - risk.position_limits - INFO - LHR_COUNT   :    +67  (limit:   -100 to   +100)
2026-02-28 20:18:13,322 - risk.position_limits - INFO - LHR_INDEX   :    +60  (limit:   -100 to   +100)
2026-02-28 20:18:13,322 - risk.position_limits - INFO - LON_ETF     :    -63  (limit:   -100 to   +100)
2026-02-28 20:18:13,322 - risk.position_limits - INFO - LON_FLY     :    -58  (limit:   -100 to   +100)
2026-02-28 20:18:13,322 - risk.position_limits - INFO - TIDE_SPOT   :    -59  (limit:   -100 to   +100)
2026-02-28 20:18:13,322 - risk.position_limits - INFO - TIDE_SWING  :    -16  (limit:   -100 to   +100)
2026-02-28 20:18:13,322 - risk.position_limits - INFO - WX_SPOT     :    -50  (limit:   -100 to   +100)
2026-02-28 20:18:13,322 - risk.position_limits - INFO - WX_SUM      :    +56  (limit:   -100 to   +100)
2026-02-28 20:18:13,322 - risk.position_limits - INFO - ------------------------------------------------------------
2026-02-28 20:18:13,322 - risk.position_limits - INFO - Total Exposure: 429 / 500
2026-02-28 20:18:13,323 - risk.position_limits - INFO - ============================================================
2026-02-28 20:18:13,323 - risk.pnl_monitor - INFO - ============================================================
2026-02-28 20:18:13,323 - risk.pnl_monitor - INFO - P&L SUMMARY
2026-02-28 20:18:13,323 - risk.pnl_monitor - INFO - ============================================================
2026-02-28 20:18:13,323 - risk.pnl_monitor - INFO - Total Realized P&L: +0.00
2026-02-28 20:18:13,323 - risk.pnl_monitor - INFO - ============================================================
2026-02-28 20:18:13,323 - utils.metrics - INFO - ============================================================
2026-02-28 20:18:13,323 - utils.metrics - INFO - PERFORMANCE SUMMARY
2026-02-28 20:18:13,324 - utils.metrics - INFO - ============================================================
2026-02-28 20:18:13,324 - utils.metrics - INFO - Total P&L:      +0.00
2026-02-28 20:18:13,324 - utils.metrics - INFO - Realized P&L:   +0.00
2026-02-28 20:18:13,324 - utils.metrics - INFO - Unrealized P&L: +0.00
2026-02-28 20:18:13,324 - utils.metrics - INFO - Max Drawdown:   0.00
2026-02-28 20:18:13,324 - utils.metrics - INFO - 
2026-02-28 20:18:13,325 - utils.metrics - INFO - Total Trades:   0
2026-02-28 20:18:13,326 - utils.metrics - INFO - Win Rate:       0.0%
2026-02-28 20:18:13,326 - utils.metrics - INFO - Avg Win:        +0.00
2026-02-28 20:18:13,328 - utils.metrics - INFO - Avg Loss:       +0.00
2026-02-28 20:18:13,328 - utils.metrics - INFO - Profit Factor:  0.00
2026-02-28 20:18:13,328 - utils.metrics - INFO - Sharpe Ratio:   0.00
2026-02-28 20:18:13,328 - utils.metrics - INFO - 
2026-02-28 20:18:13,328 - utils.metrics - INFO - Orders Sent:    0
2026-02-28 20:18:13,328 - utils.metrics - INFO - Orders Filled:  0
2026-02-28 20:18:13,328 - utils.metrics - INFO - Fill Rate:      0.0%
2026-02-28 20:18:13,328 - utils.metrics - INFO - 
2026-02-28 20:18:13,328 - utils.metrics - INFO - Elapsed Time:   0.02 hours
2026-02-28 20:18:13,328 - utils.metrics - INFO - P&L per Hour:   +0.00
2026-02-28 20:18:13,328 - utils.metrics - INFO - ============================================================
2026-02-28 20:19:13,396 - risk.position_limits - INFO - ============================================================
2026-02-28 20:19:13,397 - risk.position_limits - INFO - POSITION SUMMARY
2026-02-28 20:19:13,397 - risk.position_limits - INFO - ============================================================
2026-02-28 20:19:13,397 - risk.position_limits - INFO - LHR_COUNT   :    +67  (limit:   -100 to   +100)
2026-02-28 20:19:13,397 - risk.position_limits - INFO - LHR_INDEX   :    +60  (limit:   -100 to   +100)
2026-02-28 20:19:13,398 - risk.position_limits - INFO - LON_ETF     :    -63  (limit:   -100 to   +100)
2026-02-28 20:19:13,398 - risk.position_limits - INFO - LON_FLY     :    -58  (limit:   -100 to   +100)
2026-02-28 20:19:13,398 - risk.position_limits - INFO - TIDE_SPOT   :    -59  (limit:   -100 to   +100)
2026-02-28 20:19:13,398 - risk.position_limits - INFO - TIDE_SWING  :    -16  (limit:   -100 to   +100)
2026-02-28 20:19:13,398 - risk.position_limits - INFO - WX_SPOT     :    -50  (limit:   -100 to   +100)
2026-02-28 20:19:13,398 - risk.position_limits - INFO - WX_SUM      :    +56  (limit:   -100 to   +100)
2026-02-28 20:19:13,398 - risk.position_limits - INFO - ------------------------------------------------------------
2026-02-28 20:19:13,399 - risk.position_limits - INFO - Total Exposure: 429 / 500
2026-02-28 20:19:13,399 - risk.position_limits - INFO - ============================================================
2026-02-28 20:19:13,399 - risk.pnl_monitor - INFO - ============================================================
2026-02-28 20:19:13,399 - risk.pnl_monitor - INFO - P&L SUMMARY
2026-02-28 20:19:13,399 - risk.pnl_monitor - INFO - ============================================================
2026-02-28 20:19:13,399 - risk.pnl_monitor - INFO - Total Realized P&L: +0.00
2026-02-28 20:19:13,400 - risk.pnl_monitor - INFO - ============================================================
2026-02-28 20:19:13,400 - utils.metrics - INFO - ============================================================
2026-02-28 20:19:13,400 - utils.metrics - INFO - PERFORMANCE SUMMARY
2026-02-28 20:19:13,400 - utils.metrics - INFO - ============================================================
2026-02-28 20:19:13,400 - utils.metrics - INFO - Total P&L:      +0.00
2026-02-28 20:19:13,401 - utils.metrics - INFO - Realized P&L:   +0.00
2026-02-28 20:19:13,401 - utils.metrics - INFO - Unrealized P&L: +0.00
2026-02-28 20:19:13,401 - utils.metrics - INFO - Max Drawdown:   0.00
2026-02-28 20:19:13,401 - utils.metrics - INFO - 
2026-02-28 20:19:13,401 - utils.metrics - INFO - Total Trades:   0
2026-02-28 20:19:13,401 - utils.metrics - INFO - Win Rate:       0.0%
2026-02-28 20:19:13,401 - utils.metrics - INFO - Avg Win:        +0.00
2026-02-28 20:19:13,402 - utils.metrics - INFO - Avg Loss:       +0.00
2026-02-28 20:19:13,402 - utils.metrics - INFO - Profit Factor:  0.00
2026-02-28 20:19:13,402 - utils.metrics - INFO - Sharpe Ratio:   0.00
2026-02-28 20:19:13,402 - utils.metrics - INFO - 
2026-02-28 20:19:13,402 - utils.metrics - INFO - Orders Sent:    0
2026-02-28 20:19:13,402 - utils.metrics - INFO - Orders Filled:  0
2026-02-28 20:19:13,402 - utils.metrics - INFO - Fill Rate:      0.0%
2026-02-28 20:19:13,403 - utils.metrics - INFO - 
2026-02-28 20:19:13,403 - utils.metrics - INFO - Elapsed Time:   0.03 hours
2026-02-28 20:19:13,403 - utils.metrics - INFO - P&L per Hour:   +0.00
2026-02-28 20:19:13,403 - utils.metrics - INFO - ============================================================
2026-02-28 20:20:13,483 - risk.position_limits - INFO - ============================================================
2026-02-28 20:20:13,485 - risk.position_limits - INFO - POSITION SUMMARY
2026-02-28 20:20:13,485 - risk.position_limits - INFO - ============================================================
2026-02-28 20:20:13,485 - risk.position_limits - INFO - LHR_COUNT   :    +67  (limit:   -100 to   +100)
2026-02-28 20:20:13,485 - risk.position_limits - INFO - LHR_INDEX   :    +60  (limit:   -100 to   +100)
2026-02-28 20:20:13,485 - risk.position_limits - INFO - LON_ETF     :    -63  (limit:   -100 to   +100)
2026-02-28 20:20:13,485 - risk.position_limits - INFO - LON_FLY     :    -58  (limit:   -100 to   +100)
2026-02-28 20:20:13,485 - risk.position_limits - INFO - TIDE_SPOT   :    -59  (limit:   -100 to   +100)
2026-02-28 20:20:13,485 - risk.position_limits - INFO - TIDE_SWING  :    -16  (limit:   -100 to   +100)
2026-02-28 20:20:13,485 - risk.position_limits - INFO - WX_SPOT     :    -50  (limit:   -100 to   +100)
2026-02-28 20:20:13,486 - risk.position_limits - INFO - WX_SUM      :    +56  (limit:   -100 to   +100)
2026-02-28 20:20:13,486 - risk.position_limits - INFO - ------------------------------------------------------------
2026-02-28 20:20:13,486 - risk.position_limits - INFO - Total Exposure: 429 / 500
2026-02-28 20:20:13,486 - risk.position_limits - INFO - ============================================================
2026-02-28 20:20:13,486 - risk.pnl_monitor - INFO - ============================================================
2026-02-28 20:20:13,486 - risk.pnl_monitor - INFO - P&L SUMMARY
2026-02-28 20:20:13,486 - risk.pnl_monitor - INFO - ============================================================
2026-02-28 20:20:13,486 - risk.pnl_monitor - INFO - Total Realized P&L: +0.00
2026-02-28 20:21:19,876 - execution.order_manager - INFO - Shutting down order manager
