2026-03-01 00:41:29,388 - risk.position_limits - INFO - Position limit set for TIDE_SPOT: long=100, short=-100, abs=100
2026-03-01 00:41:29,388 - risk.position_limits - INFO - Position limit set for TIDE_SWING: long=100, short=-100, abs=100
2026-03-01 00:41:29,388 - risk.position_limits - INFO - Position limit set for WX_SPOT: long=100, short=-100, abs=100
2026-03-01 00:41:29,388 - risk.position_limits - INFO - Position limit set for WX_SUM: long=100, short=-100, abs=100
2026-03-01 00:41:29,388 - risk.position_limits - INFO - Position limit set for LHR_COUNT: long=100, short=-100, abs=100
2026-03-01 00:41:29,388 - risk.position_limits - INFO - Position limit set for LHR_INDEX: long=100, short=-100, abs=100
2026-03-01 00:41:29,388 - risk.position_limits - INFO - Position limit set for LON_ETF: long=100, short=-100, abs=100
2026-03-01 00:41:29,388 - risk.position_limits - INFO - Position limit set for LON_FLY: long=100, short=-100, abs=100
2026-03-01 00:41:29,388 - risk.pnl_monitor - INFO - P&L monitor initialized with max loss: -10000
2026-03-01 00:41:29,388 - execution.order_manager - INFO - Order manager initialized: max_workers=10, rate_limit=1.0/s, risk_checks=True, dry_run=True
2026-03-01 00:41:33,325 - execution.order_manager - INFO - [DRY RUN] Would send order: WX_SPOT BUY 5@3982.0
2026-03-01 00:41:33,325 - execution.order_manager - INFO - [DRY RUN] Would send order: WX_SPOT SELL 4@3994.0
2026-03-01 00:41:36,011 - execution.order_manager - INFO - [DRY RUN] Would send order: LHR_COUNT BUY 4@2649.0
2026-03-01 00:41:36,011 - execution.order_manager - INFO - [DRY RUN] Would send order: LHR_COUNT SELL 5@2660.0
2026-03-01 00:41:36,158 - execution.order_manager - INFO - [DRY RUN] Would send order: LHR_COUNT BUY 4@3640.0
2026-03-01 00:41:36,158 - execution.order_manager - INFO - [DRY RUN] Would send order: LHR_COUNT SELL 5@3651.0
2026-03-01 00:41:36,609 - execution.order_manager - INFO - [DRY RUN] Would send order: LHR_COUNT BUY 4@2649.0
2026-03-01 00:41:36,610 - execution.order_manager - INFO - [DRY RUN] Would send order: LHR_COUNT SELL 5@2660.0
2026-03-01 00:41:36,835 - execution.order_manager - INFO - [DRY RUN] Would send order: LHR_COUNT BUY 4@3641.0
2026-03-01 00:41:36,836 - execution.order_manager - INFO - [DRY RUN] Would send order: LHR_COUNT SELL 5@3652.0
2026-03-01 00:41:37,719 - execution.order_manager - INFO - [DRY RUN] Would send order: LON_ETF BUY 5@10016.0
2026-03-01 00:41:37,720 - execution.order_manager - INFO - [DRY RUN] Would send order: LON_ETF SELL 4@10027.0
2026-03-01 00:41:38,730 - execution.order_manager - INFO - [DRY RUN] Would send order: LHR_COUNT BUY 4@3993.0
2026-03-01 00:41:38,732 - execution.order_manager - INFO - [DRY RUN] Would send order: LHR_COUNT SELL 5@4004.0
2026-03-01 00:41:38,934 - execution.order_manager - INFO - [DRY RUN] Would send order: LON_ETF BUY 5@10296.0
2026-03-01 00:41:38,935 - execution.order_manager - INFO - [DRY RUN] Would send order: LON_ETF SELL 4@10308.0
2026-03-01 00:41:40,000 - strategies.market_maker - INFO - 🎯 SNIPER BUY: Taking liquidity for TIDE_SPOT @ 2532
2026-03-01 00:41:40,245 - execution.order_manager - INFO - [DRY RUN] Would send order: TIDE_SPOT BUY 10@2532
2026-03-01 00:41:40,245 - execution.order_manager - INFO - [DRY RUN] Would send order: TIDE_SPOT BUY 6@2696.0
2026-03-01 00:41:40,245 - execution.order_manager - INFO - [DRY RUN] Would send order: TIDE_SPOT SELL 3@2708.0
2026-03-01 00:41:40,408 - execution.order_manager - INFO - [DRY RUN] Would send order: TIDE_SWING BUY 5@519.0
2026-03-01 00:41:40,410 - execution.order_manager - INFO - [DRY RUN] Would send order: TIDE_SWING SELL 5@530.0
2026-03-01 00:41:40,734 - execution.order_manager - INFO - [DRY RUN] Would send order: WX_SUM BUY 3@3613.0
2026-03-01 00:41:40,735 - execution.order_manager - INFO - [DRY RUN] Would send order: WX_SUM SELL 6@3626.0
2026-03-01 00:41:40,881 - execution.order_manager - INFO - [DRY RUN] Would send order: LHR_COUNT BUY 4@3641.0
2026-03-01 00:41:40,881 - execution.order_manager - INFO - [DRY RUN] Would send order: LHR_COUNT SELL 5@3652.0
2026-03-01 00:41:41,074 - execution.order_manager - INFO - [DRY RUN] Would send order: LHR_INDEX SELL 5@713.0
2026-03-01 00:41:41,076 - execution.order_manager - INFO - [DRY RUN] Would send order: LHR_INDEX BUY 4@702.0
2026-03-01 00:41:41,366 - execution.order_manager - INFO - [DRY RUN] Would send order: LON_ETF BUY 5@10016.0
2026-03-01 00:41:41,366 - execution.order_manager - INFO - [DRY RUN] Would send order: LON_ETF SELL 4@10027.0
2026-03-01 00:41:41,526 - execution.order_manager - INFO - [DRY RUN] Would send order: LON_FLY BUY 4@7421.0
2026-03-01 00:41:41,526 - execution.order_manager - INFO - [DRY RUN] Would send order: LON_FLY SELL 5@7432.0
2026-03-01 00:41:49,816 - execution.order_manager - INFO - [DRY RUN] Would send order: LHR_COUNT BUY 4@2649.0
2026-03-01 00:41:49,817 - execution.order_manager - INFO - [DRY RUN] Would send order: LHR_COUNT SELL 5@2660.0
2026-03-01 00:41:50,781 - execution.order_manager - INFO - [DRY RUN] Would send order: LHR_COUNT BUY 4@4032.0
2026-03-01 00:41:50,784 - execution.order_manager - INFO - [DRY RUN] Would send order: LHR_COUNT SELL 5@4043.0
2026-03-01 00:41:51,247 - execution.order_manager - INFO - [DRY RUN] Would send order: LHR_COUNT BUY 4@2649.0
2026-03-01 00:41:51,248 - execution.order_manager - INFO - [DRY RUN] Would send order: LHR_COUNT SELL 5@2660.0
2026-03-01 00:41:51,860 - execution.order_manager - INFO - [DRY RUN] Would send order: LHR_COUNT BUY 4@4012.0
2026-03-01 00:41:51,863 - execution.order_manager - INFO - [DRY RUN] Would send order: LHR_COUNT SELL 5@4023.0
2026-03-01 00:41:53,425 - execution.order_manager - INFO - [DRY RUN] Would send order: LHR_COUNT BUY 4@2649.0
2026-03-01 00:41:53,427 - execution.order_manager - INFO - [DRY RUN] Would send order: LHR_COUNT SELL 5@2660.0
2026-03-01 00:41:54,056 - execution.order_manager - INFO - [DRY RUN] Would send order: LHR_COUNT BUY 4@3734.0
2026-03-01 00:41:54,056 - execution.order_manager - INFO - [DRY RUN] Would send order: LHR_COUNT SELL 5@3745.0
2026-03-01 00:41:55,066 - execution.order_manager - INFO - [DRY RUN] Would send order: LHR_COUNT BUY 4@4201.0
2026-03-01 00:41:55,069 - execution.order_manager - INFO - [DRY RUN] Would send order: LHR_COUNT SELL 5@4212.0
2026-03-01 00:41:56,347 - execution.order_manager - INFO - [DRY RUN] Would send order: LHR_COUNT BUY 4@4562.0
2026-03-01 00:41:56,347 - execution.order_manager - INFO - [DRY RUN] Would send order: LHR_COUNT SELL 5@4573.0
2026-03-01 00:41:57,094 - execution.order_manager - INFO - [DRY RUN] Would send order: LHR_COUNT BUY 4@2649.0
2026-03-01 00:41:57,094 - execution.order_manager - INFO - [DRY RUN] Would send order: LHR_COUNT SELL 5@2660.0
2026-03-01 00:41:57,651 - execution.order_manager - INFO - [DRY RUN] Would send order: LHR_COUNT BUY 4@2755.0
2026-03-01 00:41:57,653 - execution.order_manager - INFO - [DRY RUN] Would send order: LHR_COUNT SELL 5@2766.0
2026-03-01 00:41:58,238 - execution.order_manager - INFO - [DRY RUN] Would send order: LON_ETF SELL 4@10622.0
2026-03-01 00:41:58,239 - execution.order_manager - INFO - [DRY RUN] Would send order: LON_ETF BUY 5@10611.0
2026-03-01 00:41:58,699 - execution.order_manager - INFO - [DRY RUN] Would send order: LON_ETF BUY 5@10016.0
2026-03-01 00:41:58,700 - execution.order_manager - INFO - [DRY RUN] Would send order: LON_ETF SELL 4@10027.0
2026-03-01 00:41:59,483 - execution.order_manager - INFO - [DRY RUN] Would send order: LHR_COUNT BUY 4@2649.0
2026-03-01 00:41:59,493 - execution.order_manager - INFO - [DRY RUN] Would send order: LHR_COUNT SELL 5@2660.0
2026-03-01 00:41:59,494 - risk.pnl_monitor - INFO - Trade: SELL 1.0x LON_ETF @ 8643.00, realized P&L: +0.00, position: -1
2026-03-01 00:43:11,520 - execution.order_manager - INFO - [DRY RUN] Would send order: LHR_COUNT BUY 4@2977.0
2026-03-01 00:43:11,520 - execution.order_manager - INFO - [DRY RUN] Would send order: LHR_COUNT SELL 5@2988.0
2026-03-01 00:43:11,653 - execution.order_manager - INFO - [DRY RUN] Would send order: LHR_COUNT BUY 4@4296.0
2026-03-01 00:43:11,654 - execution.order_manager - INFO - [DRY RUN] Would send order: LHR_COUNT SELL 5@4307.0
2026-03-01 00:43:11,756 - execution.order_manager - INFO - [DRY RUN] Would send order: LON_ETF BUY 5@10580.0
2026-03-01 00:43:11,756 - execution.order_manager - INFO - [DRY RUN] Would send order: LON_ETF SELL 4@10592.0
2026-03-01 00:43:11,757 - execution.order_manager - INFO - Shutting down order manager
