2026-02-28 20:34:48,165 - __main__ - INFO - ============================================================
2026-02-28 20:34:48,168 - __main__ - INFO - IMCity Trading Bot
2026-02-28 20:34:48,168 - __main__ - INFO - ============================================================
2026-02-28 20:34:48,168 - __main__ - INFO - Bot:      hybrid
2026-02-28 20:34:48,168 - __main__ - INFO - Exchange: challenge
2026-02-28 20:34:48,168 - __main__ - INFO - URL:      http://ec2-52-19-74-159.eu-west-1.compute.amazonaws.com/
2026-02-28 20:34:48,168 - __main__ - INFO - User:     Brestttt
2026-02-28 20:34:48,168 - __main__ - INFO - Width:    5.0
2026-02-28 20:34:48,168 - __main__ - INFO - Volume:   5
2026-02-28 20:34:48,168 - __main__ - INFO - ============================================================
2026-02-28 20:34:48,169 - bots.hybrid_bot - INFO - Starting SSE stream...
2026-02-28 20:34:48,227 - bots.hybrid_bot - INFO - ✓ SSE thread started
2026-02-28 20:34:48,227 - bots.hybrid_bot - INFO - Hybrid bot started
2026-02-28 20:34:48,227 - bots.hybrid_bot - INFO - Strategies: ['MarketMaker', 'ETFArbitrage']
2026-02-28 20:34:49,297 - data.tides - INFO - TIDE_SWING calculated: 518.90 (from 96 intervals, mean change: 18.05 cm)
2026-02-28 20:34:49,305 - data.weather - INFO - WX_SUM estimate: 3826.01
2026-02-28 20:34:49,328 - data.flights - INFO - Flight data loaded from cache (avoided API call)
2026-02-28 20:34:49,336 - data.flights - INFO - Flight data loaded from cache (avoided API call)
2026-02-28 20:34:49,337 - data.flights - INFO - LHR_COUNT: 4732 (2323 arrivals + 2409 departures)
2026-02-28 20:34:49,337 - data.flights - INFO - Flight data loaded from cache (avoided API call)
2026-02-28 20:34:49,337 - data.flights - INFO - Flight data loaded from cache (avoided API call)
2026-02-28 20:34:49,346 - data.flights - INFO - LHR_INDEX: 1386.85 (across 43 intervals, total arr=2323, dep=2409)
2026-02-28 20:34:49,346 - pricing.fair_value - INFO - LON_ETF fair value: 7522.82 (TIDE: 303.00, WX: 2487.82, LHR: 4732.00)
2026-02-28 20:34:50,485 - data.tides - INFO - TIDE_SWING calculated: 518.90 (from 96 intervals, mean change: 18.05 cm)
2026-02-28 20:34:50,489 - data.weather - INFO - WX_SUM estimate: 3826.01
2026-02-28 20:34:50,489 - data.flights - INFO - Flight data loaded from cache (avoided API call)
2026-02-28 20:34:50,489 - data.flights - INFO - Flight data loaded from cache (avoided API call)
2026-02-28 20:34:50,496 - data.flights - INFO - LHR_COUNT: 4732 (2323 arrivals + 2409 departures)
2026-02-28 20:34:50,496 - data.flights - INFO - Flight data loaded from cache (avoided API call)
2026-02-28 20:34:50,496 - data.flights - INFO - Flight data loaded from cache (avoided API call)
2026-02-28 20:34:50,506 - data.flights - INFO - LHR_INDEX: 1386.85 (across 43 intervals, total arr=2323, dep=2409)
2026-02-28 20:34:50,506 - pricing.fair_value - INFO - LON_ETF fair value: 7522.82 (TIDE: 303.00, WX: 2487.82, LHR: 4732.00)
2026-02-28 20:34:53,717 - data.tides - INFO - TIDE_SWING calculated: 518.90 (from 96 intervals, mean change: 18.05 cm)
2026-02-28 20:34:53,723 - data.weather - INFO - WX_SUM estimate: 3826.01
2026-02-28 20:34:53,723 - data.flights - INFO - Flight data loaded from cache (avoided API call)
2026-02-28 20:34:53,723 - data.flights - INFO - Flight data loaded from cache (avoided API call)
2026-02-28 20:34:53,728 - data.flights - INFO - LHR_COUNT: 4732 (2323 arrivals + 2409 departures)
2026-02-28 20:34:53,728 - data.flights - INFO - Flight data loaded from cache (avoided API call)
2026-02-28 20:34:53,729 - data.flights - INFO - Flight data loaded from cache (avoided API call)
2026-02-28 20:34:53,756 - data.flights - INFO - LHR_INDEX: 1386.85 (across 43 intervals, total arr=2323, dep=2409)
2026-02-28 20:34:53,758 - pricing.fair_value - INFO - LON_ETF fair value: 7249.82 (TIDE: 30.00, WX: 2487.82, LHR: 4732.00)
2026-02-28 20:34:53,770 - data.tides - INFO - TIDE_SWING calculated: 518.90 (from 96 intervals, mean change: 18.05 cm)
2026-02-28 20:34:53,778 - data.weather - INFO - WX_SUM estimate: 3826.01
2026-02-28 20:34:53,779 - data.flights - INFO - Flight data loaded from cache (avoided API call)
2026-02-28 20:34:53,779 - data.flights - INFO - Flight data loaded from cache (avoided API call)
2026-02-28 20:34:53,779 - data.flights - INFO - LHR_COUNT: 4732 (2323 arrivals + 2409 departures)
2026-02-28 20:34:53,779 - data.flights - INFO - Flight data loaded from cache (avoided API call)
2026-02-28 20:34:53,779 - data.flights - INFO - Flight data loaded from cache (avoided API call)
2026-02-28 20:34:53,790 - data.flights - INFO - LHR_INDEX: 1386.85 (across 43 intervals, total arr=2323, dep=2409)
2026-02-28 20:34:53,790 - pricing.fair_value - INFO - LON_ETF fair value: 7249.82 (TIDE: 30.00, WX: 2487.82, LHR: 4732.00)
2026-02-28 20:34:56,012 - data.tides - INFO - TIDE_SWING calculated: 518.90 (from 96 intervals, mean change: 18.05 cm)
2026-02-28 20:34:56,024 - data.weather - INFO - WX_SUM estimate: 3826.01
2026-02-28 20:34:56,025 - data.flights - INFO - Flight data loaded from cache (avoided API call)
2026-02-28 20:34:56,025 - data.flights - INFO - Flight data loaded from cache (avoided API call)
2026-02-28 20:34:56,034 - data.flights - INFO - LHR_COUNT: 4732 (2323 arrivals + 2409 departures)
2026-02-28 20:34:56,035 - data.flights - INFO - Flight data loaded from cache (avoided API call)
2026-02-28 20:34:56,035 - data.flights - INFO - Flight data loaded from cache (avoided API call)
2026-02-28 20:34:56,067 - data.flights - INFO - LHR_INDEX: 1386.85 (across 43 intervals, total arr=2323, dep=2409)
2026-02-28 20:34:56,068 - pricing.fair_value - INFO - LON_ETF fair value: 7249.82 (TIDE: 30.00, WX: 2487.82, LHR: 4732.00)
2026-02-28 20:34:57,079 - data.tides - INFO - TIDE_SWING calculated: 518.90 (from 96 intervals, mean change: 18.05 cm)
2026-02-28 20:34:57,094 - data.weather - INFO - WX_SUM estimate: 3826.01
2026-02-28 20:34:57,094 - data.flights - INFO - Flight data loaded from cache (avoided API call)
2026-02-28 20:34:57,094 - data.flights - INFO - Flight data loaded from cache (avoided API call)
2026-02-28 20:34:57,101 - data.flights - INFO - LHR_COUNT: 4732 (2323 arrivals + 2409 departures)
2026-02-28 20:34:57,101 - data.flights - INFO - Flight data loaded from cache (avoided API call)
2026-02-28 20:34:57,101 - data.flights - INFO - Flight data loaded from cache (avoided API call)
2026-02-28 20:34:57,113 - data.flights - INFO - LHR_INDEX: 1386.85 (across 43 intervals, total arr=2323, dep=2409)
2026-02-28 20:34:57,113 - pricing.fair_value - INFO - LON_ETF fair value: 7249.82 (TIDE: 30.00, WX: 2487.82, LHR: 4732.00)
2026-02-28 20:34:58,059 - data.tides - INFO - TIDE_SWING calculated: 518.90 (from 96 intervals, mean change: 18.05 cm)
2026-02-28 20:34:58,065 - data.weather - INFO - WX_SUM estimate: 3826.01
2026-02-28 20:34:58,065 - data.flights - INFO - Flight data loaded from cache (avoided API call)
2026-02-28 20:34:58,066 - data.flights - INFO - Flight data loaded from cache (avoided API call)
2026-02-28 20:34:58,067 - data.flights - INFO - LHR_COUNT: 4732 (2323 arrivals + 2409 departures)
2026-02-28 20:34:58,067 - data.flights - INFO - Flight data loaded from cache (avoided API call)
2026-02-28 20:34:58,067 - data.flights - INFO - Flight data loaded from cache (avoided API call)
2026-02-28 20:34:58,075 - data.flights - INFO - LHR_INDEX: 1386.85 (across 43 intervals, total arr=2323, dep=2409)
2026-02-28 20:34:58,075 - pricing.fair_value - INFO - LON_ETF fair value: 7249.82 (TIDE: 30.00, WX: 2487.82, LHR: 4732.00)
2026-02-28 20:35:00,473 - data.tides - INFO - TIDE_SWING calculated: 518.90 (from 96 intervals, mean change: 18.05 cm)
2026-02-28 20:35:00,475 - data.weather - INFO - WX_SUM estimate: 3826.01
2026-02-28 20:35:00,475 - data.flights - INFO - Flight data loaded from cache (avoided API call)
2026-02-28 20:35:00,475 - data.flights - INFO - Flight data loaded from cache (avoided API call)
2026-02-28 20:35:00,477 - data.flights - INFO - LHR_COUNT: 4732 (2323 arrivals + 2409 departures)
2026-02-28 20:35:00,477 - data.flights - INFO - Flight data loaded from cache (avoided API call)
2026-02-28 20:35:00,477 - data.flights - INFO - Flight data loaded from cache (avoided API call)
2026-02-28 20:35:00,486 - data.flights - INFO - LHR_INDEX: 1386.85 (across 43 intervals, total arr=2323, dep=2409)
2026-02-28 20:35:00,486 - pricing.fair_value - INFO - LON_ETF fair value: 7249.82 (TIDE: 30.00, WX: 2487.82, LHR: 4732.00)
2026-02-28 20:35:02,074 - data.tides - INFO - TIDE_SWING calculated: 518.90 (from 96 intervals, mean change: 18.05 cm)
2026-02-28 20:35:02,084 - data.weather - INFO - WX_SUM estimate: 3826.01
2026-02-28 20:35:02,084 - data.flights - INFO - Flight data loaded from cache (avoided API call)
2026-02-28 20:35:02,085 - data.flights - INFO - Flight data loaded from cache (avoided API call)
2026-02-28 20:35:02,094 - data.flights - INFO - LHR_COUNT: 4732 (2323 arrivals + 2409 departures)
2026-02-28 20:35:02,095 - data.flights - INFO - Flight data loaded from cache (avoided API call)
2026-02-28 20:35:02,095 - data.flights - INFO - Flight data loaded from cache (avoided API call)
2026-02-28 20:35:02,133 - data.flights - INFO - LHR_INDEX: 1386.85 (across 43 intervals, total arr=2323, dep=2409)
2026-02-28 20:35:02,134 - pricing.fair_value - INFO - LON_ETF fair value: 7249.82 (TIDE: 30.00, WX: 2487.82, LHR: 4732.00)
2026-02-28 20:35:03,657 - data.tides - INFO - TIDE_SWING calculated: 518.90 (from 96 intervals, mean change: 18.05 cm)
2026-02-28 20:35:03,660 - data.weather - INFO - WX_SUM estimate: 3826.01
2026-02-28 20:35:03,660 - data.flights - INFO - Flight data loaded from cache (avoided API call)
2026-02-28 20:35:03,660 - data.flights - INFO - Flight data loaded from cache (avoided API call)
2026-02-28 20:35:03,662 - data.flights - INFO - LHR_COUNT: 4732 (2323 arrivals + 2409 departures)
2026-02-28 20:35:03,662 - data.flights - INFO - Flight data loaded from cache (avoided API call)
2026-02-28 20:35:03,662 - data.flights - INFO - Flight data loaded from cache (avoided API call)
2026-02-28 20:35:03,668 - data.flights - INFO - LHR_INDEX: 1386.85 (across 43 intervals, total arr=2323, dep=2409)
2026-02-28 20:35:03,668 - pricing.fair_value - INFO - LON_ETF fair value: 7249.82 (TIDE: 30.00, WX: 2487.82, LHR: 4732.00)
2026-02-28 20:35:05,649 - data.tides - INFO - TIDE_SWING calculated: 518.90 (from 96 intervals, mean change: 18.05 cm)
2026-02-28 20:35:05,810 - data.weather - INFO - WX_SUM estimate: 3826.01
2026-02-28 20:35:05,811 - data.flights - INFO - Flight data loaded from cache (avoided API call)
2026-02-28 20:35:05,812 - data.flights - INFO - Flight data loaded from cache (avoided API call)
2026-02-28 20:35:05,825 - data.flights - INFO - LHR_COUNT: 4732 (2323 arrivals + 2409 departures)
2026-02-28 20:35:05,825 - data.flights - INFO - Flight data loaded from cache (avoided API call)
2026-02-28 20:35:05,826 - data.flights - INFO - Flight data loaded from cache (avoided API call)
2026-02-28 20:35:05,870 - data.flights - INFO - LHR_INDEX: 1386.85 (across 43 intervals, total arr=2323, dep=2409)
2026-02-28 20:35:05,870 - pricing.fair_value - INFO - LON_ETF fair value: 7296.76 (TIDE: 30.00, WX: 2534.76, LHR: 4732.00)
2026-02-28 20:35:06,662 - data.tides - INFO - TIDE_SWING calculated: 518.90 (from 96 intervals, mean change: 18.05 cm)
2026-02-28 20:35:06,665 - data.weather - INFO - WX_SUM estimate: 3826.01
2026-02-28 20:35:06,665 - data.flights - INFO - Flight data loaded from cache (avoided API call)
2026-02-28 20:35:06,665 - data.flights - INFO - Flight data loaded from cache (avoided API call)
2026-02-28 20:35:06,673 - data.flights - INFO - LHR_COUNT: 4732 (2323 arrivals + 2409 departures)
2026-02-28 20:35:06,674 - data.flights - INFO - Flight data loaded from cache (avoided API call)
2026-02-28 20:35:06,674 - data.flights - INFO - Flight data loaded from cache (avoided API call)
2026-02-28 20:35:06,695 - data.flights - INFO - LHR_INDEX: 1386.85 (across 43 intervals, total arr=2323, dep=2409)
2026-02-28 20:35:06,696 - pricing.fair_value - INFO - LON_ETF fair value: 7296.76 (TIDE: 30.00, WX: 2534.76, LHR: 4732.00)
2026-02-28 20:35:07,878 - data.tides - INFO - TIDE_SWING calculated: 518.90 (from 96 intervals, mean change: 18.05 cm)
2026-02-28 20:35:08,033 - data.weather - INFO - WX_SUM estimate: 3847.99
2026-02-28 20:35:08,033 - data.flights - INFO - Flight data loaded from cache (avoided API call)
2026-02-28 20:35:08,034 - data.flights - INFO - Flight data loaded from cache (avoided API call)
2026-02-28 20:35:08,036 - data.flights - INFO - LHR_COUNT: 4732 (2323 arrivals + 2409 departures)
2026-02-28 20:35:08,037 - data.flights - INFO - Flight data loaded from cache (avoided API call)
2026-02-28 20:35:08,037 - data.flights - INFO - Flight data loaded from cache (avoided API call)
2026-02-28 20:35:08,057 - data.flights - INFO - LHR_INDEX: 1386.85 (across 43 intervals, total arr=2323, dep=2409)
2026-02-28 20:35:08,057 - pricing.fair_value - INFO - LON_ETF fair value: 7296.76 (TIDE: 30.00, WX: 2534.76, LHR: 4732.00)
2026-02-28 20:35:11,484 - data.tides - INFO - TIDE_SWING calculated: 518.90 (from 96 intervals, mean change: 18.05 cm)
2026-02-28 20:35:11,488 - data.weather - INFO - WX_SUM estimate: 3847.99
2026-02-28 20:35:11,488 - data.flights - INFO - Flight data loaded from cache (avoided API call)
2026-02-28 20:35:11,488 - data.flights - INFO - Flight data loaded from cache (avoided API call)
2026-02-28 20:35:11,490 - data.flights - INFO - LHR_COUNT: 4732 (2323 arrivals + 2409 departures)
2026-02-28 20:35:11,490 - data.flights - INFO - Flight data loaded from cache (avoided API call)
2026-02-28 20:35:11,491 - data.flights - INFO - Flight data loaded from cache (avoided API call)
2026-02-28 20:35:11,500 - data.flights - INFO - LHR_INDEX: 1386.85 (across 43 intervals, total arr=2323, dep=2409)
2026-02-28 20:35:11,500 - pricing.fair_value - INFO - LON_ETF fair value: 7296.76 (TIDE: 30.00, WX: 2534.76, LHR: 4732.00)
2026-02-28 20:35:13,117 - data.tides - INFO - TIDE_SWING calculated: 518.90 (from 96 intervals, mean change: 18.05 cm)
2026-02-28 20:35:13,126 - data.weather - INFO - WX_SUM estimate: 3847.99
2026-02-28 20:35:13,128 - data.flights - INFO - Flight data loaded from cache (avoided API call)
2026-02-28 20:35:13,129 - data.flights - INFO - Flight data loaded from cache (avoided API call)
2026-02-28 20:35:13,139 - data.flights - INFO - LHR_COUNT: 4732 (2323 arrivals + 2409 departures)
2026-02-28 20:35:13,139 - data.flights - INFO - Flight data loaded from cache (avoided API call)
2026-02-28 20:35:13,139 - data.flights - INFO - Flight data loaded from cache (avoided API call)
2026-02-28 20:35:13,173 - data.flights - INFO - LHR_INDEX: 1386.85 (across 43 intervals, total arr=2323, dep=2409)
2026-02-28 20:35:13,174 - pricing.fair_value - INFO - LON_ETF fair value: 7296.76 (TIDE: 30.00, WX: 2534.76, LHR: 4732.00)
2026-02-28 20:35:14,291 - data.tides - INFO - TIDE_SWING calculated: 518.90 (from 96 intervals, mean change: 18.05 cm)
2026-02-28 20:35:14,296 - data.weather - INFO - WX_SUM estimate: 3847.99
2026-02-28 20:35:14,296 - data.flights - INFO - Flight data loaded from cache (avoided API call)
2026-02-28 20:35:14,296 - data.flights - INFO - Flight data loaded from cache (avoided API call)
2026-02-28 20:35:14,298 - data.flights - INFO - LHR_COUNT: 4732 (2323 arrivals + 2409 departures)
2026-02-28 20:35:14,298 - data.flights - INFO - Flight data loaded from cache (avoided API call)
2026-02-28 20:35:14,298 - data.flights - INFO - Flight data loaded from cache (avoided API call)
2026-02-28 20:35:14,308 - data.flights - INFO - LHR_INDEX: 1386.85 (across 43 intervals, total arr=2323, dep=2409)
2026-02-28 20:35:14,309 - pricing.fair_value - INFO - LON_ETF fair value: 7296.76 (TIDE: 30.00, WX: 2534.76, LHR: 4732.00)
2026-02-28 20:35:15,525 - data.tides - INFO - TIDE_SWING calculated: 518.90 (from 96 intervals, mean change: 18.05 cm)
2026-02-28 20:35:15,534 - data.weather - INFO - WX_SUM estimate: 3847.99
2026-02-28 20:35:15,535 - data.flights - INFO - Flight data loaded from cache (avoided API call)
2026-02-28 20:35:15,535 - data.flights - INFO - Flight data loaded from cache (avoided API call)
2026-02-28 20:35:15,537 - data.flights - INFO - LHR_COUNT: 4732 (2323 arrivals + 2409 departures)
2026-02-28 20:35:15,538 - data.flights - INFO - Flight data loaded from cache (avoided API call)
2026-02-28 20:35:15,538 - data.flights - INFO - Flight data loaded from cache (avoided API call)
2026-02-28 20:35:15,550 - data.flights - INFO - LHR_INDEX: 1386.85 (across 43 intervals, total arr=2323, dep=2409)
2026-02-28 20:35:15,550 - pricing.fair_value - INFO - LON_ETF fair value: 7296.76 (TIDE: 30.00, WX: 2534.76, LHR: 4732.00)
2026-02-28 20:35:17,537 - data.tides - INFO - TIDE_SWING calculated: 520.80 (from 96 intervals, mean change: 18.07 cm)
2026-02-28 20:35:17,542 - data.weather - INFO - WX_SUM estimate: 3847.99
2026-02-28 20:35:17,543 - data.flights - INFO - Flight data loaded from cache (avoided API call)
2026-02-28 20:35:17,543 - data.flights - INFO - Flight data loaded from cache (avoided API call)
2026-02-28 20:35:17,544 - data.flights - INFO - LHR_COUNT: 4732 (2323 arrivals + 2409 departures)
2026-02-28 20:35:17,544 - data.flights - INFO - Flight data loaded from cache (avoided API call)
2026-02-28 20:35:17,544 - data.flights - INFO - Flight data loaded from cache (avoided API call)
2026-02-28 20:35:17,555 - data.flights - INFO - LHR_INDEX: 1386.85 (across 43 intervals, total arr=2323, dep=2409)
2026-02-28 20:35:17,555 - pricing.fair_value - INFO - LON_ETF fair value: 7296.76 (TIDE: 30.00, WX: 2534.76, LHR: 4732.00)
2026-02-28 20:35:18,501 - data.tides - INFO - TIDE_SWING calculated: 520.80 (from 96 intervals, mean change: 18.07 cm)
2026-02-28 20:35:18,509 - data.weather - INFO - WX_SUM estimate: 3847.99
2026-02-28 20:35:18,509 - data.flights - INFO - Flight data loaded from cache (avoided API call)
2026-02-28 20:35:18,509 - data.flights - INFO - Flight data loaded from cache (avoided API call)
2026-02-28 20:35:18,513 - data.flights - INFO - LHR_COUNT: 4732 (2323 arrivals + 2409 departures)
2026-02-28 20:35:18,513 - data.flights - INFO - Flight data loaded from cache (avoided API call)
2026-02-28 20:35:18,513 - data.flights - INFO - Flight data loaded from cache (avoided API call)
2026-02-28 20:35:18,525 - data.flights - INFO - LHR_INDEX: 1386.85 (across 43 intervals, total arr=2323, dep=2409)
2026-02-28 20:35:18,525 - pricing.fair_value - INFO - LON_ETF fair value: 7296.76 (TIDE: 30.00, WX: 2534.76, LHR: 4732.00)
2026-02-28 20:35:20,693 - data.tides - INFO - TIDE_SWING calculated: 520.80 (from 96 intervals, mean change: 18.07 cm)
2026-02-28 20:35:20,696 - data.weather - INFO - WX_SUM estimate: 3847.99
2026-02-28 20:35:20,696 - data.flights - INFO - Flight data loaded from cache (avoided API call)
2026-02-28 20:35:20,696 - data.flights - INFO - Flight data loaded from cache (avoided API call)
2026-02-28 20:35:20,700 - data.flights - INFO - LHR_COUNT: 4732 (2323 arrivals + 2409 departures)
2026-02-28 20:35:20,700 - data.flights - INFO - Flight data loaded from cache (avoided API call)
2026-02-28 20:35:20,700 - data.flights - INFO - Flight data loaded from cache (avoided API call)
2026-02-28 20:35:20,706 - data.flights - INFO - LHR_INDEX: 1386.85 (across 43 intervals, total arr=2323, dep=2409)
2026-02-28 20:35:20,706 - pricing.fair_value - INFO - LON_ETF fair value: 7296.76 (TIDE: 30.00, WX: 2534.76, LHR: 4732.00)
2026-02-28 20:35:22,333 - data.tides - INFO - TIDE_SWING calculated: 520.80 (from 96 intervals, mean change: 18.07 cm)
2026-02-28 20:35:22,339 - data.weather - INFO - WX_SUM estimate: 3847.99
2026-02-28 20:35:22,340 - data.flights - INFO - Flight data loaded from cache (avoided API call)
2026-02-28 20:35:22,340 - data.flights - INFO - Flight data loaded from cache (avoided API call)
2026-02-28 20:35:22,348 - data.flights - INFO - LHR_COUNT: 4732 (2323 arrivals + 2409 departures)
2026-02-28 20:35:22,349 - data.flights - INFO - Flight data loaded from cache (avoided API call)
2026-02-28 20:35:22,350 - data.flights - INFO - Flight data loaded from cache (avoided API call)
2026-02-28 20:35:22,371 - data.flights - INFO - LHR_INDEX: 1386.85 (across 43 intervals, total arr=2323, dep=2409)
2026-02-28 20:35:22,371 - pricing.fair_value - INFO - LON_ETF fair value: 7296.76 (TIDE: 30.00, WX: 2534.76, LHR: 4732.00)
2026-02-28 20:35:23,323 - data.tides - INFO - TIDE_SWING calculated: 520.80 (from 96 intervals, mean change: 18.07 cm)
2026-02-28 20:35:23,330 - data.weather - INFO - WX_SUM estimate: 3847.99
2026-02-28 20:35:23,331 - data.flights - INFO - Flight data loaded from cache (avoided API call)
2026-02-28 20:35:23,332 - data.flights - INFO - Flight data loaded from cache (avoided API call)
2026-02-28 20:35:23,337 - data.flights - INFO - LHR_COUNT: 4732 (2323 arrivals + 2409 departures)
2026-02-28 20:35:23,337 - data.flights - INFO - Flight data loaded from cache (avoided API call)
2026-02-28 20:35:23,337 - data.flights - INFO - Flight data loaded from cache (avoided API call)
2026-02-28 20:35:23,367 - data.flights - INFO - LHR_INDEX: 1386.85 (across 43 intervals, total arr=2323, dep=2409)
2026-02-28 20:35:23,367 - pricing.fair_value - INFO - LON_ETF fair value: 7296.76 (TIDE: 30.00, WX: 2534.76, LHR: 4732.00)
2026-02-28 20:35:25,712 - data.tides - INFO - TIDE_SWING calculated: 520.80 (from 96 intervals, mean change: 18.07 cm)
2026-02-28 20:35:25,716 - data.weather - INFO - WX_SUM estimate: 3847.99
2026-02-28 20:35:25,717 - data.flights - INFO - Flight data loaded from cache (avoided API call)
2026-02-28 20:35:25,717 - data.flights - INFO - Flight data loaded from cache (avoided API call)
2026-02-28 20:35:25,724 - data.flights - INFO - LHR_COUNT: 4732 (2323 arrivals + 2409 departures)
2026-02-28 20:35:25,724 - data.flights - INFO - Flight data loaded from cache (avoided API call)
2026-02-28 20:35:25,724 - data.flights - INFO - Flight data loaded from cache (avoided API call)
2026-02-28 20:35:25,737 - data.flights - INFO - LHR_INDEX: 1386.85 (across 43 intervals, total arr=2323, dep=2409)
2026-02-28 20:35:25,737 - pricing.fair_value - INFO - LON_ETF fair value: 7296.76 (TIDE: 30.00, WX: 2534.76, LHR: 4732.00)
2026-02-28 20:35:27,708 - data.tides - INFO - TIDE_SWING calculated: 520.80 (from 96 intervals, mean change: 18.07 cm)
2026-02-28 20:35:27,712 - data.weather - INFO - WX_SUM estimate: 3847.99
2026-02-28 20:35:27,712 - data.flights - INFO - Flight data loaded from cache (avoided API call)
2026-02-28 20:35:27,712 - data.flights - INFO - Flight data loaded from cache (avoided API call)
2026-02-28 20:35:27,715 - data.flights - INFO - LHR_COUNT: 4732 (2323 arrivals + 2409 departures)
2026-02-28 20:35:27,715 - data.flights - INFO - Flight data loaded from cache (avoided API call)
2026-02-28 20:35:27,715 - data.flights - INFO - Flight data loaded from cache (avoided API call)
2026-02-28 20:35:27,725 - data.flights - INFO - LHR_INDEX: 1386.85 (across 43 intervals, total arr=2323, dep=2409)
2026-02-28 20:35:27,726 - pricing.fair_value - INFO - LON_ETF fair value: 7296.76 (TIDE: 30.00, WX: 2534.76, LHR: 4732.00)
2026-02-28 20:35:28,912 - data.tides - INFO - TIDE_SWING calculated: 520.80 (from 96 intervals, mean change: 18.07 cm)
2026-02-28 20:35:28,917 - data.weather - INFO - WX_SUM estimate: 3847.99
2026-02-28 20:35:28,917 - data.flights - INFO - Flight data loaded from cache (avoided API call)
2026-02-28 20:35:28,917 - data.flights - INFO - Flight data loaded from cache (avoided API call)
2026-02-28 20:35:28,924 - data.flights - INFO - LHR_COUNT: 4732 (2323 arrivals + 2409 departures)
2026-02-28 20:35:28,924 - data.flights - INFO - Flight data loaded from cache (avoided API call)
2026-02-28 20:35:28,924 - data.flights - INFO - Flight data loaded from cache (avoided API call)
2026-02-28 20:35:28,941 - data.flights - INFO - LHR_INDEX: 1386.85 (across 43 intervals, total arr=2323, dep=2409)
2026-02-28 20:35:28,941 - pricing.fair_value - INFO - LON_ETF fair value: 7296.76 (TIDE: 30.00, WX: 2534.76, LHR: 4732.00)
2026-02-28 20:35:29,923 - data.tides - INFO - TIDE_SWING calculated: 520.80 (from 96 intervals, mean change: 18.07 cm)
2026-02-28 20:35:29,927 - data.weather - INFO - WX_SUM estimate: 3847.99
2026-02-28 20:35:29,927 - data.flights - INFO - Flight data loaded from cache (avoided API call)
2026-02-28 20:35:29,927 - data.flights - INFO - Flight data loaded from cache (avoided API call)
2026-02-28 20:35:29,930 - data.flights - INFO - LHR_COUNT: 4732 (2323 arrivals + 2409 departures)
2026-02-28 20:35:29,930 - data.flights - INFO - Flight data loaded from cache (avoided API call)
2026-02-28 20:35:29,930 - data.flights - INFO - Flight data loaded from cache (avoided API call)
2026-02-28 20:35:29,948 - data.flights - INFO - LHR_INDEX: 1386.85 (across 43 intervals, total arr=2323, dep=2409)
2026-02-28 20:35:29,948 - pricing.fair_value - INFO - LON_ETF fair value: 7296.76 (TIDE: 30.00, WX: 2534.76, LHR: 4732.00)
2026-02-28 20:35:30,898 - data.tides - INFO - TIDE_SWING calculated: 520.80 (from 96 intervals, mean change: 18.07 cm)
2026-02-28 20:35:30,901 - data.weather - INFO - WX_SUM estimate: 3847.99
2026-02-28 20:35:30,901 - data.flights - INFO - Flight data loaded from cache (avoided API call)
2026-02-28 20:35:30,901 - data.flights - INFO - Flight data loaded from cache (avoided API call)
2026-02-28 20:35:30,901 - data.flights - INFO - LHR_COUNT: 4732 (2323 arrivals + 2409 departures)
2026-02-28 20:35:30,901 - data.flights - INFO - Flight data loaded from cache (avoided API call)
2026-02-28 20:35:30,901 - data.flights - INFO - Flight data loaded from cache (avoided API call)
2026-02-28 20:35:30,909 - data.flights - INFO - LHR_INDEX: 1386.85 (across 43 intervals, total arr=2323, dep=2409)
2026-02-28 20:35:30,909 - pricing.fair_value - INFO - LON_ETF fair value: 7296.76 (TIDE: 30.00, WX: 2534.76, LHR: 4732.00)
2026-02-28 20:35:32,914 - data.tides - INFO - TIDE_SWING calculated: 520.80 (from 96 intervals, mean change: 18.07 cm)
2026-02-28 20:35:32,918 - data.weather - INFO - WX_SUM estimate: 3847.99
2026-02-28 20:35:32,918 - data.flights - INFO - Flight data loaded from cache (avoided API call)
2026-02-28 20:35:32,918 - data.flights - INFO - Flight data loaded from cache (avoided API call)
2026-02-28 20:35:32,922 - data.flights - INFO - LHR_COUNT: 4732 (2323 arrivals + 2409 departures)
2026-02-28 20:35:32,923 - data.flights - INFO - Flight data loaded from cache (avoided API call)
2026-02-28 20:35:32,923 - data.flights - INFO - Flight data loaded from cache (avoided API call)
2026-02-28 20:35:32,933 - data.flights - INFO - LHR_INDEX: 1386.85 (across 43 intervals, total arr=2323, dep=2409)
2026-02-28 20:35:32,933 - pricing.fair_value - INFO - LON_ETF fair value: 7296.76 (TIDE: 30.00, WX: 2534.76, LHR: 4732.00)
2026-02-28 20:35:34,104 - data.tides - INFO - TIDE_SWING calculated: 520.80 (from 96 intervals, mean change: 18.07 cm)
2026-02-28 20:35:34,109 - data.weather - INFO - WX_SUM estimate: 3847.99
2026-02-28 20:35:34,109 - data.flights - INFO - Flight data loaded from cache (avoided API call)
2026-02-28 20:35:34,109 - data.flights - INFO - Flight data loaded from cache (avoided API call)
2026-02-28 20:35:34,110 - data.flights - INFO - LHR_COUNT: 4732 (2323 arrivals + 2409 departures)
2026-02-28 20:35:34,110 - data.flights - INFO - Flight data loaded from cache (avoided API call)
2026-02-28 20:35:34,110 - data.flights - INFO - Flight data loaded from cache (avoided API call)
2026-02-28 20:35:34,119 - data.flights - INFO - LHR_INDEX: 1386.85 (across 43 intervals, total arr=2323, dep=2409)
2026-02-28 20:35:34,119 - pricing.fair_value - INFO - LON_ETF fair value: 7296.76 (TIDE: 30.00, WX: 2534.76, LHR: 4732.00)
2026-02-28 20:35:35,107 - data.tides - INFO - TIDE_SWING calculated: 520.80 (from 96 intervals, mean change: 18.07 cm)
2026-02-28 20:35:35,112 - data.weather - INFO - WX_SUM estimate: 3847.99
2026-02-28 20:35:35,112 - data.flights - INFO - Flight data loaded from cache (avoided API call)
2026-02-28 20:35:35,112 - data.flights - INFO - Flight data loaded from cache (avoided API call)
2026-02-28 20:35:35,112 - data.flights - INFO - LHR_COUNT: 4732 (2323 arrivals + 2409 departures)
2026-02-28 20:35:35,113 - data.flights - INFO - Flight data loaded from cache (avoided API call)
2026-02-28 20:35:35,113 - data.flights - INFO - Flight data loaded from cache (avoided API call)
2026-02-28 20:35:35,123 - data.flights - INFO - LHR_INDEX: 1386.85 (across 43 intervals, total arr=2323, dep=2409)
2026-02-28 20:35:35,123 - pricing.fair_value - INFO - LON_ETF fair value: 7296.76 (TIDE: 30.00, WX: 2534.76, LHR: 4732.00)
2026-02-28 20:35:36,715 - data.tides - INFO - TIDE_SWING calculated: 520.80 (from 96 intervals, mean change: 18.07 cm)
2026-02-28 20:35:36,723 - data.weather - INFO - WX_SUM estimate: 3847.99
2026-02-28 20:35:36,723 - data.flights - INFO - Flight data loaded from cache (avoided API call)
2026-02-28 20:35:36,723 - data.flights - INFO - Flight data loaded from cache (avoided API call)
2026-02-28 20:35:36,729 - data.flights - INFO - LHR_COUNT: 4732 (2323 arrivals + 2409 departures)
2026-02-28 20:35:36,729 - data.flights - INFO - Flight data loaded from cache (avoided API call)
2026-02-28 20:35:36,730 - data.flights - INFO - Flight data loaded from cache (avoided API call)
2026-02-28 20:35:36,736 - data.flights - INFO - LHR_INDEX: 1386.85 (across 43 intervals, total arr=2323, dep=2409)
2026-02-28 20:35:36,736 - pricing.fair_value - INFO - LON_ETF fair value: 7296.76 (TIDE: 30.00, WX: 2534.76, LHR: 4732.00)
2026-02-28 20:35:38,687 - data.tides - INFO - TIDE_SWING calculated: 520.80 (from 96 intervals, mean change: 18.07 cm)
2026-02-28 20:35:38,692 - data.weather - INFO - WX_SUM estimate: 3847.99
2026-02-28 20:35:38,692 - data.flights - INFO - Flight data loaded from cache (avoided API call)
2026-02-28 20:35:38,692 - data.flights - INFO - Flight data loaded from cache (avoided API call)
2026-02-28 20:35:38,694 - data.flights - INFO - LHR_COUNT: 4732 (2323 arrivals + 2409 departures)
2026-02-28 20:35:38,694 - data.flights - INFO - Flight data loaded from cache (avoided API call)
2026-02-28 20:35:38,694 - data.flights - INFO - Flight data loaded from cache (avoided API call)
2026-02-28 20:35:38,705 - data.flights - INFO - LHR_INDEX: 1386.85 (across 43 intervals, total arr=2323, dep=2409)
2026-02-28 20:35:38,705 - pricing.fair_value - INFO - LON_ETF fair value: 7296.76 (TIDE: 30.00, WX: 2534.76, LHR: 4732.00)
2026-02-28 20:35:39,954 - data.tides - INFO - TIDE_SWING calculated: 520.80 (from 96 intervals, mean change: 18.07 cm)
2026-02-28 20:35:39,959 - data.weather - INFO - WX_SUM estimate: 3847.99
2026-02-28 20:35:39,960 - data.flights - INFO - Flight data loaded from cache (avoided API call)
2026-02-28 20:35:39,960 - data.flights - INFO - Flight data loaded from cache (avoided API call)
2026-02-28 20:35:39,962 - data.flights - INFO - LHR_COUNT: 4732 (2323 arrivals + 2409 departures)
2026-02-28 20:35:39,962 - data.flights - INFO - Flight data loaded from cache (avoided API call)
2026-02-28 20:35:39,962 - data.flights - INFO - Flight data loaded from cache (avoided API call)
2026-02-28 20:35:39,967 - data.flights - INFO - LHR_INDEX: 1386.85 (across 43 intervals, total arr=2323, dep=2409)
2026-02-28 20:35:39,967 - pricing.fair_value - INFO - LON_ETF fair value: 7296.76 (TIDE: 30.00, WX: 2534.76, LHR: 4732.00)
2026-02-28 20:35:41,146 - data.tides - INFO - TIDE_SWING calculated: 520.80 (from 96 intervals, mean change: 18.07 cm)
2026-02-28 20:35:41,158 - data.weather - INFO - WX_SUM estimate: 3847.99
2026-02-28 20:35:41,158 - data.flights - INFO - Flight data loaded from cache (avoided API call)
2026-02-28 20:35:41,160 - data.flights - INFO - Flight data loaded from cache (avoided API call)
2026-02-28 20:35:41,164 - data.flights - INFO - LHR_COUNT: 4732 (2323 arrivals + 2409 departures)
2026-02-28 20:35:41,164 - data.flights - INFO - Flight data loaded from cache (avoided API call)
2026-02-28 20:35:41,164 - data.flights - INFO - Flight data loaded from cache (avoided API call)
2026-02-28 20:35:41,175 - data.flights - INFO - LHR_INDEX: 1386.85 (across 43 intervals, total arr=2323, dep=2409)
2026-02-28 20:35:41,175 - pricing.fair_value - INFO - LON_ETF fair value: 7296.76 (TIDE: 30.00, WX: 2534.76, LHR: 4732.00)
2026-02-28 20:35:42,518 - data.tides - INFO - TIDE_SWING calculated: 520.80 (from 96 intervals, mean change: 18.07 cm)
2026-02-28 20:35:42,522 - data.weather - INFO - WX_SUM estimate: 3847.99
2026-02-28 20:35:42,523 - data.flights - INFO - Flight data loaded from cache (avoided API call)
2026-02-28 20:35:42,523 - data.flights - INFO - Flight data loaded from cache (avoided API call)
2026-02-28 20:35:42,526 - data.flights - INFO - LHR_COUNT: 4732 (2323 arrivals + 2409 departures)
2026-02-28 20:35:42,527 - data.flights - INFO - Flight data loaded from cache (avoided API call)
2026-02-28 20:35:42,527 - data.flights - INFO - Flight data loaded from cache (avoided API call)
2026-02-28 20:35:42,536 - data.flights - INFO - LHR_INDEX: 1386.85 (across 43 intervals, total arr=2323, dep=2409)
2026-02-28 20:35:42,536 - pricing.fair_value - INFO - LON_ETF fair value: 7296.76 (TIDE: 30.00, WX: 2534.76, LHR: 4732.00)
2026-02-28 20:35:43,531 - data.tides - INFO - TIDE_SWING calculated: 520.80 (from 96 intervals, mean change: 18.07 cm)
2026-02-28 20:35:43,536 - data.weather - INFO - WX_SUM estimate: 3847.99
2026-02-28 20:35:43,536 - data.flights - INFO - Flight data loaded from cache (avoided API call)
2026-02-28 20:35:43,536 - data.flights - INFO - Flight data loaded from cache (avoided API call)
2026-02-28 20:35:43,539 - data.flights - INFO - LHR_COUNT: 4732 (2323 arrivals + 2409 departures)
2026-02-28 20:35:43,539 - data.flights - INFO - Flight data loaded from cache (avoided API call)
2026-02-28 20:35:43,539 - data.flights - INFO - Flight data loaded from cache (avoided API call)
2026-02-28 20:35:43,548 - data.flights - INFO - LHR_INDEX: 1386.85 (across 43 intervals, total arr=2323, dep=2409)
2026-02-28 20:35:43,548 - pricing.fair_value - INFO - LON_ETF fair value: 7296.76 (TIDE: 30.00, WX: 2534.76, LHR: 4732.00)
2026-02-28 20:35:44,520 - data.tides - INFO - TIDE_SWING calculated: 520.80 (from 96 intervals, mean change: 18.07 cm)
2026-02-28 20:35:44,524 - data.weather - INFO - WX_SUM estimate: 3847.99
2026-02-28 20:35:44,524 - data.flights - INFO - Flight data loaded from cache (avoided API call)
2026-02-28 20:35:44,525 - data.flights - INFO - Flight data loaded from cache (avoided API call)
2026-02-28 20:35:44,530 - data.flights - INFO - LHR_COUNT: 4732 (2323 arrivals + 2409 departures)
2026-02-28 20:35:44,530 - data.flights - INFO - Flight data loaded from cache (avoided API call)
2026-02-28 20:35:44,530 - data.flights - INFO - Flight data loaded from cache (avoided API call)
2026-02-28 20:35:44,539 - data.flights - INFO - LHR_INDEX: 1386.85 (across 43 intervals, total arr=2323, dep=2409)
2026-02-28 20:35:44,539 - pricing.fair_value - INFO - LON_ETF fair value: 7296.76 (TIDE: 30.00, WX: 2534.76, LHR: 4732.00)
2026-02-28 20:35:46,543 - data.tides - INFO - TIDE_SWING calculated: 520.80 (from 96 intervals, mean change: 18.07 cm)
2026-02-28 20:35:46,545 - data.weather - INFO - WX_SUM estimate: 3847.99
2026-02-28 20:35:46,545 - data.flights - INFO - Flight data loaded from cache (avoided API call)
2026-02-28 20:35:46,545 - data.flights - INFO - Flight data loaded from cache (avoided API call)
2026-02-28 20:35:46,547 - data.flights - INFO - LHR_COUNT: 4732 (2323 arrivals + 2409 departures)
2026-02-28 20:35:46,547 - data.flights - INFO - Flight data loaded from cache (avoided API call)
2026-02-28 20:35:46,547 - data.flights - INFO - Flight data loaded from cache (avoided API call)
2026-02-28 20:35:46,552 - data.flights - INFO - LHR_INDEX: 1386.85 (across 43 intervals, total arr=2323, dep=2409)
2026-02-28 20:35:46,552 - pricing.fair_value - INFO - LON_ETF fair value: 7296.76 (TIDE: 30.00, WX: 2534.76, LHR: 4732.00)
2026-02-28 20:35:47,729 - data.tides - INFO - TIDE_SWING calculated: 520.80 (from 96 intervals, mean change: 18.07 cm)
2026-02-28 20:35:47,732 - data.weather - INFO - WX_SUM estimate: 3847.99
2026-02-28 20:35:47,732 - data.flights - INFO - Flight data loaded from cache (avoided API call)
2026-02-28 20:35:47,732 - data.flights - INFO - Flight data loaded from cache (avoided API call)
2026-02-28 20:35:47,734 - data.flights - INFO - LHR_COUNT: 4732 (2323 arrivals + 2409 departures)
2026-02-28 20:35:47,734 - data.flights - INFO - Flight data loaded from cache (avoided API call)
2026-02-28 20:35:47,734 - data.flights - INFO - Flight data loaded from cache (avoided API call)
2026-02-28 20:35:47,741 - data.flights - INFO - LHR_INDEX: 1386.85 (across 43 intervals, total arr=2323, dep=2409)
2026-02-28 20:35:47,742 - pricing.fair_value - INFO - LON_ETF fair value: 7296.76 (TIDE: 30.00, WX: 2534.76, LHR: 4732.00)
2026-02-28 20:36:17,585 - bots.hybrid_bot - INFO - Stopping...
2026-02-28 20:36:17,624 - data.tides - INFO - TIDE_SWING calculated: 520.80 (from 96 intervals, mean change: 18.07 cm)
2026-02-28 20:36:17,640 - data.weather - INFO - WX_SUM estimate: 3847.99
2026-02-28 20:36:17,641 - data.flights - INFO - Flight data loaded from cache (avoided API call)
2026-02-28 20:36:17,642 - data.flights - INFO - Flight data loaded from cache (avoided API call)
2026-02-28 20:36:17,654 - data.flights - INFO - LHR_COUNT: 4732 (2323 arrivals + 2409 departures)
2026-02-28 20:36:17,654 - data.flights - INFO - Flight data loaded from cache (avoided API call)
2026-02-28 20:36:17,654 - data.flights - INFO - Flight data loaded from cache (avoided API call)
2026-02-28 20:36:17,663 - data.flights - INFO - LHR_INDEX: 1386.85 (across 43 intervals, total arr=2323, dep=2409)
2026-02-28 20:36:17,663 - pricing.fair_value - INFO - LON_ETF fair value: 7296.76 (TIDE: 30.00, WX: 2534.76, LHR: 4732.00)
