2026-02-28 20:39:07,163 - __main__ - INFO - ============================================================
2026-02-28 20:39:07,163 - __main__ - INFO - IMCity Trading Bot
2026-02-28 20:39:07,163 - __main__ - INFO - ============================================================
2026-02-28 20:39:07,163 - __main__ - INFO - Bot:      hybrid
2026-02-28 20:39:07,163 - __main__ - INFO - Exchange: challenge
2026-02-28 20:39:07,163 - __main__ - INFO - URL:      http://ec2-52-19-74-159.eu-west-1.compute.amazonaws.com/
2026-02-28 20:39:07,163 - __main__ - INFO - User:     Brestttt
2026-02-28 20:39:07,163 - __main__ - INFO - Width:    5.0
2026-02-28 20:39:07,163 - __main__ - INFO - Volume:   5
2026-02-28 20:39:07,163 - __main__ - INFO - ============================================================
2026-02-28 20:39:07,163 - bots.hybrid_bot - INFO - Starting SSE stream...
2026-02-28 20:39:07,219 - bots.hybrid_bot - INFO - ✓ SSE thread started
2026-02-28 20:39:07,219 - bots.hybrid_bot - INFO - Hybrid bot started
2026-02-28 20:39:07,219 - bots.hybrid_bot - INFO - Strategies: ['MarketMaker', 'ETFArbitrage']
2026-02-28 20:39:08,889 - data.tides - INFO - TIDE_SWING calculated: 520.80 (from 96 intervals, mean change: 18.07 cm)
2026-02-28 20:39:08,899 - data.weather - INFO - WX_SUM estimate: 3847.99
2026-02-28 20:39:08,955 - data.flights - INFO - Flight data loaded from cache (avoided API call)
2026-02-28 20:39:08,962 - data.flights - INFO - Flight data loaded from cache (avoided API call)
2026-02-28 20:39:08,962 - data.flights - INFO - LHR_COUNT: 4732 (2323 arrivals + 2409 departures)
2026-02-28 20:39:08,963 - data.flights - INFO - Flight data loaded from cache (avoided API call)
2026-02-28 20:39:08,963 - data.flights - INFO - Flight data loaded from cache (avoided API call)
2026-02-28 20:39:08,970 - data.flights - INFO - LHR_INDEX: 1386.85 (across 43 intervals, total arr=2323, dep=2409)
2026-02-28 20:39:08,970 - pricing.fair_value - INFO - LON_ETF fair value: 7296.76 (TIDE: 30.00, WX: 2534.76, LHR: 4732.00)
2026-02-28 20:39:10,175 - data.tides - INFO - TIDE_SWING calculated: 520.80 (from 96 intervals, mean change: 18.07 cm)
2026-02-28 20:39:10,183 - data.weather - INFO - WX_SUM estimate: 3847.99
2026-02-28 20:39:10,184 - data.flights - INFO - Flight data loaded from cache (avoided API call)
2026-02-28 20:39:10,184 - data.flights - INFO - Flight data loaded from cache (avoided API call)
2026-02-28 20:39:10,186 - data.flights - INFO - LHR_COUNT: 4732 (2323 arrivals + 2409 departures)
2026-02-28 20:39:10,186 - data.flights - INFO - Flight data loaded from cache (avoided API call)
2026-02-28 20:39:10,186 - data.flights - INFO - Flight data loaded from cache (avoided API call)
2026-02-28 20:39:10,199 - data.flights - INFO - LHR_INDEX: 1386.85 (across 43 intervals, total arr=2323, dep=2409)
2026-02-28 20:39:10,200 - pricing.fair_value - INFO - LON_ETF fair value: 7296.76 (TIDE: 30.00, WX: 2534.76, LHR: 4732.00)
2026-02-28 20:39:12,112 - data.tides - INFO - TIDE_SWING calculated: 520.80 (from 96 intervals, mean change: 18.07 cm)
2026-02-28 20:39:12,118 - data.weather - INFO - WX_SUM estimate: 3847.99
2026-02-28 20:39:12,118 - data.flights - INFO - Flight data loaded from cache (avoided API call)
2026-02-28 20:39:12,118 - data.flights - INFO - Flight data loaded from cache (avoided API call)
2026-02-28 20:39:12,120 - data.flights - INFO - LHR_COUNT: 4732 (2323 arrivals + 2409 departures)
2026-02-28 20:39:12,121 - data.flights - INFO - Flight data loaded from cache (avoided API call)
2026-02-28 20:39:12,121 - data.flights - INFO - Flight data loaded from cache (avoided API call)
2026-02-28 20:39:12,129 - data.flights - INFO - LHR_INDEX: 1386.85 (across 43 intervals, total arr=2323, dep=2409)
2026-02-28 20:39:12,131 - pricing.fair_value - INFO - LON_ETF fair value: 7296.76 (TIDE: 30.00, WX: 2534.76, LHR: 4732.00)
2026-02-28 20:39:15,138 - data.tides - INFO - TIDE_SWING calculated: 520.80 (from 96 intervals, mean change: 18.07 cm)
2026-02-28 20:39:15,144 - data.weather - INFO - WX_SUM estimate: 3847.99
2026-02-28 20:39:15,144 - data.flights - INFO - Flight data loaded from cache (avoided API call)
2026-02-28 20:39:15,144 - data.flights - INFO - Flight data loaded from cache (avoided API call)
2026-02-28 20:39:15,156 - data.flights - INFO - LHR_COUNT: 4732 (2323 arrivals + 2409 departures)
2026-02-28 20:39:15,156 - data.flights - INFO - Flight data loaded from cache (avoided API call)
2026-02-28 20:39:15,156 - data.flights - INFO - Flight data loaded from cache (avoided API call)
2026-02-28 20:39:15,172 - data.flights - INFO - LHR_INDEX: 1386.85 (across 43 intervals, total arr=2323, dep=2409)
2026-02-28 20:39:15,172 - pricing.fair_value - INFO - LON_ETF fair value: 7296.76 (TIDE: 30.00, WX: 2534.76, LHR: 4732.00)
2026-02-28 20:39:17,154 - data.tides - INFO - TIDE_SWING calculated: 520.80 (from 96 intervals, mean change: 18.07 cm)
2026-02-28 20:39:17,161 - data.weather - INFO - WX_SUM estimate: 3847.99
2026-02-28 20:39:17,161 - data.flights - INFO - Flight data loaded from cache (avoided API call)
2026-02-28 20:39:17,161 - data.flights - INFO - Flight data loaded from cache (avoided API call)
2026-02-28 20:39:17,165 - data.flights - INFO - LHR_COUNT: 4732 (2323 arrivals + 2409 departures)
2026-02-28 20:39:17,166 - data.flights - INFO - Flight data loaded from cache (avoided API call)
2026-02-28 20:39:17,166 - data.flights - INFO - Flight data loaded from cache (avoided API call)
2026-02-28 20:39:17,185 - data.flights - INFO - LHR_INDEX: 1386.85 (across 43 intervals, total arr=2323, dep=2409)
2026-02-28 20:39:17,185 - pricing.fair_value - INFO - LON_ETF fair value: 7296.76 (TIDE: 30.00, WX: 2534.76, LHR: 4732.00)
2026-02-28 20:39:19,195 - data.tides - INFO - TIDE_SWING calculated: 520.80 (from 96 intervals, mean change: 18.07 cm)
2026-02-28 20:39:19,214 - data.weather - INFO - WX_SUM estimate: 3847.99
2026-02-28 20:39:19,219 - data.flights - INFO - Flight data loaded from cache (avoided API call)
2026-02-28 20:39:19,221 - data.flights - INFO - Flight data loaded from cache (avoided API call)
2026-02-28 20:39:19,246 - data.flights - INFO - LHR_COUNT: 4732 (2323 arrivals + 2409 departures)
2026-02-28 20:39:19,247 - data.flights - INFO - Flight data loaded from cache (avoided API call)
2026-02-28 20:39:19,247 - data.flights - INFO - Flight data loaded from cache (avoided API call)
2026-02-28 20:39:19,274 - data.flights - INFO - LHR_INDEX: 1386.85 (across 43 intervals, total arr=2323, dep=2409)
2026-02-28 20:39:19,274 - pricing.fair_value - INFO - LON_ETF fair value: 7296.76 (TIDE: 30.00, WX: 2534.76, LHR: 4732.00)
2026-02-28 20:39:21,260 - data.tides - INFO - TIDE_SWING calculated: 520.80 (from 96 intervals, mean change: 18.07 cm)
2026-02-28 20:39:21,271 - data.weather - INFO - WX_SUM estimate: 3847.99
2026-02-28 20:39:21,272 - data.flights - INFO - Flight data loaded from cache (avoided API call)
2026-02-28 20:39:21,272 - data.flights - INFO - Flight data loaded from cache (avoided API call)
2026-02-28 20:39:21,276 - data.flights - INFO - LHR_COUNT: 4732 (2323 arrivals + 2409 departures)
2026-02-28 20:39:21,277 - data.flights - INFO - Flight data loaded from cache (avoided API call)
2026-02-28 20:39:21,277 - data.flights - INFO - Flight data loaded from cache (avoided API call)
2026-02-28 20:39:21,292 - data.flights - INFO - LHR_INDEX: 1386.85 (across 43 intervals, total arr=2323, dep=2409)
2026-02-28 20:39:21,292 - pricing.fair_value - INFO - LON_ETF fair value: 7296.76 (TIDE: 30.00, WX: 2534.76, LHR: 4732.00)
2026-02-28 20:39:22,246 - data.tides - INFO - TIDE_SWING calculated: 520.80 (from 96 intervals, mean change: 18.07 cm)
2026-02-28 20:39:22,251 - data.weather - INFO - WX_SUM estimate: 3847.99
2026-02-28 20:39:22,252 - data.flights - INFO - Flight data loaded from cache (avoided API call)
2026-02-28 20:39:22,252 - data.flights - INFO - Flight data loaded from cache (avoided API call)
2026-02-28 20:39:22,253 - data.flights - INFO - LHR_COUNT: 4732 (2323 arrivals + 2409 departures)
2026-02-28 20:39:22,253 - data.flights - INFO - Flight data loaded from cache (avoided API call)
2026-02-28 20:39:22,253 - data.flights - INFO - Flight data loaded from cache (avoided API call)
2026-02-28 20:39:22,259 - data.flights - INFO - LHR_INDEX: 1386.85 (across 43 intervals, total arr=2323, dep=2409)
2026-02-28 20:39:22,259 - pricing.fair_value - INFO - LON_ETF fair value: 7296.76 (TIDE: 30.00, WX: 2534.76, LHR: 4732.00)
2026-02-28 20:39:24,087 - data.tides - INFO - TIDE_SWING calculated: 520.80 (from 96 intervals, mean change: 18.07 cm)
2026-02-28 20:39:24,098 - data.weather - INFO - WX_SUM estimate: 3847.99
2026-02-28 20:39:24,098 - data.flights - INFO - Flight data loaded from cache (avoided API call)
2026-02-28 20:39:24,098 - data.flights - INFO - Flight data loaded from cache (avoided API call)
2026-02-28 20:39:24,106 - data.flights - INFO - LHR_COUNT: 4732 (2323 arrivals + 2409 departures)
2026-02-28 20:39:24,106 - data.flights - INFO - Flight data loaded from cache (avoided API call)
2026-02-28 20:39:24,106 - data.flights - INFO - Flight data loaded from cache (avoided API call)
2026-02-28 20:39:24,123 - data.flights - INFO - LHR_INDEX: 1386.85 (across 43 intervals, total arr=2323, dep=2409)
2026-02-28 20:39:24,123 - pricing.fair_value - INFO - LON_ETF fair value: 7296.76 (TIDE: 30.00, WX: 2534.76, LHR: 4732.00)
2026-02-28 20:39:25,402 - data.tides - INFO - TIDE_SWING calculated: 520.80 (from 96 intervals, mean change: 18.07 cm)
2026-02-28 20:39:25,413 - data.weather - INFO - WX_SUM estimate: 3847.99
2026-02-28 20:39:25,414 - data.flights - INFO - Flight data loaded from cache (avoided API call)
2026-02-28 20:39:25,417 - data.flights - INFO - Flight data loaded from cache (avoided API call)
2026-02-28 20:39:25,429 - data.flights - INFO - LHR_COUNT: 4732 (2323 arrivals + 2409 departures)
2026-02-28 20:39:25,429 - data.flights - INFO - Flight data loaded from cache (avoided API call)
2026-02-28 20:39:25,429 - data.flights - INFO - Flight data loaded from cache (avoided API call)
2026-02-28 20:39:25,456 - data.flights - INFO - LHR_INDEX: 1386.85 (across 43 intervals, total arr=2323, dep=2409)
2026-02-28 20:39:25,456 - pricing.fair_value - INFO - LON_ETF fair value: 7296.76 (TIDE: 30.00, WX: 2534.76, LHR: 4732.00)
2026-02-28 20:39:26,462 - data.tides - INFO - TIDE_SWING calculated: 520.80 (from 96 intervals, mean change: 18.07 cm)
2026-02-28 20:39:26,472 - data.weather - INFO - WX_SUM estimate: 3847.99
2026-02-28 20:39:26,472 - data.flights - INFO - Flight data loaded from cache (avoided API call)
2026-02-28 20:39:26,472 - data.flights - INFO - Flight data loaded from cache (avoided API call)
2026-02-28 20:39:26,476 - data.flights - INFO - LHR_COUNT: 4732 (2323 arrivals + 2409 departures)
2026-02-28 20:39:26,476 - data.flights - INFO - Flight data loaded from cache (avoided API call)
2026-02-28 20:39:26,477 - data.flights - INFO - Flight data loaded from cache (avoided API call)
2026-02-28 20:39:26,493 - data.flights - INFO - LHR_INDEX: 1386.85 (across 43 intervals, total arr=2323, dep=2409)
2026-02-28 20:39:26,494 - pricing.fair_value - INFO - LON_ETF fair value: 7296.76 (TIDE: 30.00, WX: 2534.76, LHR: 4732.00)
2026-02-28 20:39:27,901 - data.tides - INFO - TIDE_SWING calculated: 520.80 (from 96 intervals, mean change: 18.07 cm)
2026-02-28 20:39:27,917 - data.weather - INFO - WX_SUM estimate: 3847.99
2026-02-28 20:39:27,920 - data.flights - INFO - Flight data loaded from cache (avoided API call)
2026-02-28 20:39:27,920 - data.flights - INFO - Flight data loaded from cache (avoided API call)
2026-02-28 20:39:27,954 - data.flights - INFO - LHR_COUNT: 4732 (2323 arrivals + 2409 departures)
2026-02-28 20:39:27,955 - data.flights - INFO - Flight data loaded from cache (avoided API call)
2026-02-28 20:39:27,955 - data.flights - INFO - Flight data loaded from cache (avoided API call)
2026-02-28 20:39:27,983 - data.flights - INFO - LHR_INDEX: 1386.85 (across 43 intervals, total arr=2323, dep=2409)
2026-02-28 20:39:27,984 - pricing.fair_value - INFO - LON_ETF fair value: 7296.76 (TIDE: 30.00, WX: 2534.76, LHR: 4732.00)
2026-02-28 20:39:29,055 - data.tides - INFO - TIDE_SWING calculated: 520.80 (from 96 intervals, mean change: 18.07 cm)
2026-02-28 20:39:29,057 - data.weather - INFO - WX_SUM estimate: 3847.99
2026-02-28 20:39:29,058 - data.flights - INFO - Flight data loaded from cache (avoided API call)
2026-02-28 20:39:29,058 - data.flights - INFO - Flight data loaded from cache (avoided API call)
2026-02-28 20:39:29,066 - data.flights - INFO - LHR_COUNT: 4732 (2323 arrivals + 2409 departures)
2026-02-28 20:39:29,066 - data.flights - INFO - Flight data loaded from cache (avoided API call)
2026-02-28 20:39:29,066 - data.flights - INFO - Flight data loaded from cache (avoided API call)
2026-02-28 20:39:29,074 - data.flights - INFO - LHR_INDEX: 1386.85 (across 43 intervals, total arr=2323, dep=2409)
2026-02-28 20:39:29,074 - pricing.fair_value - INFO - LON_ETF fair value: 7296.76 (TIDE: 30.00, WX: 2534.76, LHR: 4732.00)
2026-02-28 20:39:30,063 - data.tides - INFO - TIDE_SWING calculated: 520.80 (from 96 intervals, mean change: 18.07 cm)
2026-02-28 20:39:30,071 - data.weather - INFO - WX_SUM estimate: 3847.99
2026-02-28 20:39:30,071 - data.flights - INFO - Flight data loaded from cache (avoided API call)
2026-02-28 20:39:30,071 - data.flights - INFO - Flight data loaded from cache (avoided API call)
2026-02-28 20:39:30,076 - data.flights - INFO - LHR_COUNT: 4732 (2323 arrivals + 2409 departures)
2026-02-28 20:39:30,077 - data.flights - INFO - Flight data loaded from cache (avoided API call)
2026-02-28 20:39:30,077 - data.flights - INFO - Flight data loaded from cache (avoided API call)
2026-02-28 20:39:30,084 - data.flights - INFO - LHR_INDEX: 1386.85 (across 43 intervals, total arr=2323, dep=2409)
2026-02-28 20:39:30,084 - pricing.fair_value - INFO - LON_ETF fair value: 7296.76 (TIDE: 30.00, WX: 2534.76, LHR: 4732.00)
2026-02-28 20:39:31,684 - data.tides - INFO - TIDE_SWING calculated: 520.80 (from 96 intervals, mean change: 18.07 cm)
2026-02-28 20:39:31,689 - data.weather - INFO - WX_SUM estimate: 3847.99
2026-02-28 20:39:31,689 - data.flights - INFO - Flight data loaded from cache (avoided API call)
2026-02-28 20:39:31,689 - data.flights - INFO - Flight data loaded from cache (avoided API call)
2026-02-28 20:39:31,693 - data.flights - INFO - LHR_COUNT: 4732 (2323 arrivals + 2409 departures)
2026-02-28 20:39:31,694 - data.flights - INFO - Flight data loaded from cache (avoided API call)
2026-02-28 20:39:31,694 - data.flights - INFO - Flight data loaded from cache (avoided API call)
2026-02-28 20:39:31,706 - data.flights - INFO - LHR_INDEX: 1386.85 (across 43 intervals, total arr=2323, dep=2409)
2026-02-28 20:39:31,706 - pricing.fair_value - INFO - LON_ETF fair value: 7296.76 (TIDE: 30.00, WX: 2534.76, LHR: 4732.00)
2026-02-28 20:39:32,879 - data.tides - INFO - TIDE_SWING calculated: 520.80 (from 96 intervals, mean change: 18.07 cm)
2026-02-28 20:39:32,887 - data.weather - INFO - WX_SUM estimate: 3847.99
2026-02-28 20:39:32,888 - data.flights - INFO - Flight data loaded from cache (avoided API call)
2026-02-28 20:39:32,888 - data.flights - INFO - Flight data loaded from cache (avoided API call)
2026-02-28 20:39:32,890 - data.flights - INFO - LHR_COUNT: 4732 (2323 arrivals + 2409 departures)
2026-02-28 20:39:32,890 - data.flights - INFO - Flight data loaded from cache (avoided API call)
2026-02-28 20:39:32,890 - data.flights - INFO - Flight data loaded from cache (avoided API call)
2026-02-28 20:39:32,909 - data.flights - INFO - LHR_INDEX: 1386.85 (across 43 intervals, total arr=2323, dep=2409)
2026-02-28 20:39:32,910 - pricing.fair_value - INFO - LON_ETF fair value: 7296.76 (TIDE: 30.00, WX: 2534.76, LHR: 4732.00)
2026-02-28 20:39:34,085 - data.tides - INFO - TIDE_SWING calculated: 520.80 (from 96 intervals, mean change: 18.07 cm)
2026-02-28 20:39:34,093 - data.weather - INFO - WX_SUM estimate: 3847.99
2026-02-28 20:39:34,094 - data.flights - INFO - Flight data loaded from cache (avoided API call)
2026-02-28 20:39:34,094 - data.flights - INFO - Flight data loaded from cache (avoided API call)
2026-02-28 20:39:34,095 - data.flights - INFO - LHR_COUNT: 4732 (2323 arrivals + 2409 departures)
2026-02-28 20:39:34,096 - data.flights - INFO - Flight data loaded from cache (avoided API call)
2026-02-28 20:39:34,096 - data.flights - INFO - Flight data loaded from cache (avoided API call)
2026-02-28 20:39:34,112 - data.flights - INFO - LHR_INDEX: 1386.85 (across 43 intervals, total arr=2323, dep=2409)
2026-02-28 20:39:34,113 - pricing.fair_value - INFO - LON_ETF fair value: 7296.76 (TIDE: 30.00, WX: 2534.76, LHR: 4732.00)
2026-02-28 20:39:35,463 - data.tides - INFO - TIDE_SWING calculated: 520.80 (from 96 intervals, mean change: 18.07 cm)
2026-02-28 20:39:35,466 - data.weather - INFO - WX_SUM estimate: 3847.99
2026-02-28 20:39:35,466 - data.flights - INFO - Flight data loaded from cache (avoided API call)
2026-02-28 20:39:35,466 - data.flights - INFO - Flight data loaded from cache (avoided API call)
2026-02-28 20:39:35,472 - data.flights - INFO - LHR_COUNT: 4732 (2323 arrivals + 2409 departures)
2026-02-28 20:39:35,472 - data.flights - INFO - Flight data loaded from cache (avoided API call)
2026-02-28 20:39:35,472 - data.flights - INFO - Flight data loaded from cache (avoided API call)
2026-02-28 20:39:35,477 - data.flights - INFO - LHR_INDEX: 1386.85 (across 43 intervals, total arr=2323, dep=2409)
2026-02-28 20:39:35,477 - pricing.fair_value - INFO - LON_ETF fair value: 7296.76 (TIDE: 30.00, WX: 2534.76, LHR: 4732.00)
2026-02-28 20:39:36,691 - data.tides - INFO - TIDE_SWING calculated: 520.80 (from 96 intervals, mean change: 18.07 cm)
2026-02-28 20:39:36,700 - data.weather - INFO - WX_SUM estimate: 3847.99
2026-02-28 20:39:36,701 - data.flights - INFO - Flight data loaded from cache (avoided API call)
2026-02-28 20:39:36,701 - data.flights - INFO - Flight data loaded from cache (avoided API call)
2026-02-28 20:39:36,706 - data.flights - INFO - LHR_COUNT: 4732 (2323 arrivals + 2409 departures)
2026-02-28 20:39:36,707 - data.flights - INFO - Flight data loaded from cache (avoided API call)
2026-02-28 20:39:36,707 - data.flights - INFO - Flight data loaded from cache (avoided API call)
2026-02-28 20:39:36,722 - data.flights - INFO - LHR_INDEX: 1386.85 (across 43 intervals, total arr=2323, dep=2409)
2026-02-28 20:39:36,723 - pricing.fair_value - INFO - LON_ETF fair value: 7296.76 (TIDE: 30.00, WX: 2534.76, LHR: 4732.00)
2026-02-28 20:39:38,072 - data.tides - INFO - TIDE_SWING calculated: 520.80 (from 96 intervals, mean change: 18.07 cm)
2026-02-28 20:39:38,078 - data.weather - INFO - WX_SUM estimate: 3847.99
2026-02-28 20:39:38,079 - data.flights - INFO - Flight data loaded from cache (avoided API call)
2026-02-28 20:39:38,079 - data.flights - INFO - Flight data loaded from cache (avoided API call)
2026-02-28 20:39:38,084 - data.flights - INFO - LHR_COUNT: 4732 (2323 arrivals + 2409 departures)
2026-02-28 20:39:38,084 - data.flights - INFO - Flight data loaded from cache (avoided API call)
2026-02-28 20:39:38,084 - data.flights - INFO - Flight data loaded from cache (avoided API call)
2026-02-28 20:39:38,125 - data.flights - INFO - LHR_INDEX: 1386.85 (across 43 intervals, total arr=2323, dep=2409)
2026-02-28 20:39:38,126 - pricing.fair_value - INFO - LON_ETF fair value: 7296.76 (TIDE: 30.00, WX: 2534.76, LHR: 4732.00)
2026-02-28 20:40:06,553 - bots.hybrid_bot - INFO - Stopping...
