2026-03-01 00:03:26,476 - __main__ - INFO - ============================================================
2026-03-01 00:03:26,476 - __main__ - INFO - IMCity Trading Bot
2026-03-01 00:03:26,476 - __main__ - INFO - ============================================================
2026-03-01 00:03:26,476 - __main__ - INFO - Bot:      hybrid
2026-03-01 00:03:26,476 - __main__ - INFO - Exchange: challenge
2026-03-01 00:03:26,476 - __main__ - INFO - URL:      http://ec2-52-19-74-159.eu-west-1.compute.amazonaws.com/
2026-03-01 00:03:26,476 - __main__ - INFO - User:     Brestttt
2026-03-01 00:03:26,476 - __main__ - INFO - Width:    10.0
2026-03-01 00:03:26,476 - __main__ - INFO - Volume:   2
2026-03-01 00:03:26,476 - __main__ - INFO - ============================================================
2026-03-01 00:03:26,477 - bots.hybrid_bot - INFO - Starting SSE stream...
2026-03-01 00:03:26,562 - bots.hybrid_bot - INFO - ✓ SSE thread started
2026-03-01 00:03:26,563 - bots.hybrid_bot - INFO - Hybrid bot started
2026-03-01 00:03:26,563 - bots.hybrid_bot - INFO - Strategies: ['MarketMaker', 'ETFArbitrage']
2026-03-01 00:03:41,261 - bots.hybrid_bot - ERROR - Manual trade poll failed: Trade.__init__() got an unexpected keyword argument 'aggressor'
2026-03-01 00:03:54,340 - bots.hybrid_bot - ERROR - Manual trade poll failed: Trade.__init__() got an unexpected keyword argument 'aggressor'
2026-03-01 00:04:12,513 - bots.hybrid_bot - ERROR - Manual trade poll failed: Trade.__init__() got an unexpected keyword argument 'aggressor'
2026-03-01 00:04:36,154 - bots.hybrid_bot - ERROR - Manual trade poll failed: Trade.__init__() got an unexpected keyword argument 'aggressor'
2026-03-01 00:04:52,036 - bots.hybrid_bot - ERROR - Manual trade poll failed: Trade.__init__() got an unexpected keyword argument 'aggressor'
2026-03-01 00:05:33,925 - bots.hybrid_bot - INFO - Stopping...
