2026-02-28 21:17:56,199 - __main__ - INFO - ============================================================
2026-02-28 21:17:56,199 - __main__ - INFO - IMCity Trading Bot
2026-02-28 21:17:56,199 - __main__ - INFO - ============================================================
2026-02-28 21:17:56,199 - __main__ - INFO - Bot:      hybrid
2026-02-28 21:17:56,199 - __main__ - INFO - Exchange: challenge
2026-02-28 21:17:56,199 - __main__ - INFO - URL:      http://ec2-52-19-74-159.eu-west-1.compute.amazonaws.com/
2026-02-28 21:17:56,199 - __main__ - INFO - User:     Brestttt
2026-02-28 21:17:56,199 - __main__ - INFO - Width:    10.0
2026-02-28 21:17:56,200 - __main__ - INFO - Volume:   2
2026-02-28 21:17:56,200 - __main__ - INFO - ============================================================
2026-02-28 21:17:56,202 - bots.hybrid_bot - INFO - Starting SSE stream...
2026-02-28 21:17:56,328 - bots.hybrid_bot - INFO - ✓ SSE thread started
2026-02-28 21:17:56,329 - bots.hybrid_bot - INFO - Hybrid bot started
2026-02-28 21:17:56,330 - bots.hybrid_bot - INFO - Strategies: ['MarketMaker', 'ETFArbitrage']
2026-02-28 21:18:26,382 - bots.hybrid_bot - WARNING - ⚠️  NO ORDERBOOKS RECEIVED IN LAST 30 SECONDS!
2026-02-28 21:18:26,384 - bots.hybrid_bot - WARNING -    SSE stream may not be working - check connection
2026-02-28 21:18:54,986 - data.tides - INFO - TIDE_SWING calculated: 529.50 (from 96 intervals, mean change: 18.19 cm)
2026-02-28 21:18:55,452 - data.weather - INFO - WX_SUM estimate: 3891.54
2026-02-28 21:18:55,547 - data.flights - INFO - Flight data loaded from cache (avoided API call)
2026-02-28 21:18:55,557 - data.flights - INFO - Flight data loaded from cache (avoided API call)
2026-02-28 21:18:55,558 - data.flights - INFO - LHR_COUNT: 4732 (2323 arrivals + 2409 departures)
2026-02-28 21:18:55,558 - data.flights - INFO - Flight data loaded from cache (avoided API call)
2026-02-28 21:18:55,558 - data.flights - INFO - Flight data loaded from cache (avoided API call)
2026-02-28 21:18:55,598 - data.flights - INFO - LHR_INDEX: 1386.85 (across 43 intervals, total arr=2323, dep=2409)
2026-02-28 21:18:55,599 - pricing.fair_value - INFO - LON_ETF fair value: 8317.60 (TIDE: 848.00, WX: 2737.60, LHR: 4732.00)
2026-02-28 21:18:55,694 - data.tides - INFO - TIDE_SWING calculated: 529.50 (from 96 intervals, mean change: 18.19 cm)
2026-02-28 21:18:55,703 - data.weather - INFO - WX_SUM estimate: 3891.54
2026-02-28 21:18:55,703 - data.flights - INFO - Flight data loaded from cache (avoided API call)
2026-02-28 21:18:55,703 - data.flights - INFO - Flight data loaded from cache (avoided API call)
2026-02-28 21:18:55,704 - data.flights - INFO - LHR_COUNT: 4732 (2323 arrivals + 2409 departures)
2026-02-28 21:18:55,704 - data.flights - INFO - Flight data loaded from cache (avoided API call)
2026-02-28 21:18:55,704 - data.flights - INFO - Flight data loaded from cache (avoided API call)
2026-02-28 21:18:55,710 - data.flights - INFO - LHR_INDEX: 1386.85 (across 43 intervals, total arr=2323, dep=2409)
2026-02-28 21:18:55,710 - pricing.fair_value - INFO - LON_ETF fair value: 8317.60 (TIDE: 848.00, WX: 2737.60, LHR: 4732.00)
2026-02-28 21:18:56,888 - data.tides - INFO - TIDE_SWING calculated: 529.50 (from 96 intervals, mean change: 18.19 cm)
2026-02-28 21:18:56,895 - data.weather - INFO - WX_SUM estimate: 3891.54
2026-02-28 21:18:56,916 - data.flights - INFO - Flight data loaded from cache (avoided API call)
2026-02-28 21:18:56,916 - data.flights - INFO - Flight data loaded from cache (avoided API call)
2026-02-28 21:18:56,920 - data.flights - INFO - LHR_COUNT: 4732 (2323 arrivals + 2409 departures)
2026-02-28 21:18:56,921 - data.flights - INFO - Flight data loaded from cache (avoided API call)
2026-02-28 21:18:56,921 - data.flights - INFO - Flight data loaded from cache (avoided API call)
2026-02-28 21:18:56,937 - data.flights - INFO - LHR_INDEX: 1386.85 (across 43 intervals, total arr=2323, dep=2409)
2026-02-28 21:18:56,937 - pricing.fair_value - INFO - LON_ETF fair value: 8317.60 (TIDE: 848.00, WX: 2737.60, LHR: 4732.00)
2026-02-28 21:19:24,579 - bots.hybrid_bot - INFO - Stopping...
2026-02-28 21:19:24,683 - data.tides - INFO - TIDE_SWING calculated: 529.50 (from 96 intervals, mean change: 18.19 cm)
2026-02-28 21:19:24,687 - data.weather - INFO - WX_SUM estimate: 3891.54
2026-02-28 21:19:24,687 - data.flights - INFO - Flight data loaded from cache (avoided API call)
2026-02-28 21:19:24,688 - data.flights - INFO - Flight data loaded from cache (avoided API call)
2026-02-28 21:19:24,698 - data.flights - INFO - LHR_COUNT: 4732 (2323 arrivals + 2409 departures)
2026-02-28 21:19:24,698 - data.flights - INFO - Flight data loaded from cache (avoided API call)
2026-02-28 21:19:24,698 - data.flights - INFO - Flight data loaded from cache (avoided API call)
2026-02-28 21:19:24,723 - data.flights - INFO - LHR_INDEX: 1386.85 (across 43 intervals, total arr=2323, dep=2409)
2026-02-28 21:19:24,725 - pricing.fair_value - INFO - LON_ETF fair value: 8317.60 (TIDE: 848.00, WX: 2737.60, LHR: 4732.00)
