2026-03-01 01:40:29,633 - risk.pnl_monitor - INFO - P&L monitor initialized with max loss: -100000
2026-03-01 01:40:29,634 - __main__ - INFO - 🔄 Syncing from exchange...
2026-03-01 01:40:29,783 - __main__ - INFO - Exchange positions: {'LHR_COUNT': 50, 'LON_FLY': 50, 'LHR_INDEX': 51, 'TIDE_SWING': -22, 'WX_SUM': 50, 'TIDE_SPOT': -59, 'WX_SPOT': -82, 'LON_ETF': 51}
2026-03-01 01:40:29,783 - __main__ - INFO - ✅ Positions synced
2026-03-01 01:40:30,141 - __main__ - INFO - Exchange P&L: {'user': 'Brestttt', 'totalProfit': -21576.0, 'details': [{'product': 'LHR_COUNT', 'profit': -12898.0}, {'product': 'LON_FLY', 'profit': 92910.0}, {'product': 'LHR_INDEX', 'profit': -19544.0}, {'product': 'TIDE_SWING', 'profit': 4973.0}, {'product': 'WX_SUM', 'profit': 1193.0}, {'product': 'TIDE_SPOT', 'profit': -51165.0}, {'product': 'WX_SPOT', 'profit': -3325.0}, {'product': 'LON_ETF', 'profit': -33720.0}]}
2026-03-01 01:40:30,142 - __main__ - INFO - Realized P&L from exchange: 0
2026-03-01 01:40:31,467 - __main__ - INFO - Loaded 26199 recent trades
2026-03-01 01:41:37,026 - __main__ - INFO - Order sent: LHR_COUNT SELL 4@3072.0
2026-03-01 01:41:37,648 - __main__ - INFO - Order sent: LON_FLY SELL 4@5393.0
2026-03-01 01:41:38,059 - __main__ - INFO - Order sent: LHR_INDEX SELL 4@746.0
2026-03-01 01:41:38,801 - __main__ - INFO - Order sent: TIDE_SWING BUY 3@517.0
2026-03-01 01:41:39,231 - __main__ - INFO - Order sent: TIDE_SWING SELL 2@541.0
2026-03-01 01:41:39,592 - __main__ - INFO - Order sent: WX_SUM SELL 4@3634.0
2026-03-01 01:41:39,948 - __main__ - INFO - Order sent: TIDE_SPOT BUY 4@2494.0
2026-03-01 01:41:40,513 - __main__ - INFO - Order sent: WX_SPOT BUY 5@4024.0
2026-03-01 01:41:41,130 - __main__ - INFO - Order sent: LON_ETF SELL 4@9577.0
2026-03-01 01:41:41,643 - __main__ - INFO - Order sent: LON_FLY SELL 4@5377.0
2026-03-01 01:41:42,627 - __main__ - INFO - Order sent: TIDE_SPOT BUY 4@2490.0
2026-03-01 01:41:43,449 - __main__ - INFO - Order sent: LON_ETF SELL 4@9583.0
2026-03-01 01:41:44,183 - __main__ - INFO - Order sent: LHR_COUNT SELL 4@3071.0
2026-03-01 01:41:44,595 - __main__ - INFO - Order sent: WX_SUM SELL 4@3635.0
2026-03-01 01:41:44,958 - __main__ - INFO - Order sent: LON_FLY SELL 4@5346.0
2026-03-01 01:41:45,460 - __main__ - INFO - Order sent: WX_SPOT BUY 5@4023.0
2026-03-01 01:41:45,837 - __main__ - INFO - Order sent: TIDE_SPOT BUY 4@2494.0
2026-03-01 01:41:46,269 - __main__ - INFO - Order sent: LON_ETF SELL 4@9588.0
2026-03-01 01:41:47,152 - __main__ - INFO - Order sent: LHR_COUNT SELL 4@3072.0
2026-03-01 01:41:47,603 - __main__ - INFO - Order sent: LON_FLY SELL 4@5377.0
2026-03-01 01:41:48,132 - __main__ - INFO - Order sent: TIDE_SPOT BUY 4@2492.0
2026-03-01 01:41:48,878 - __main__ - INFO - Order sent: WX_SPOT BUY 5@4024.0
2026-03-01 01:41:49,403 - __main__ - INFO - Order sent: LON_ETF SELL 4@9589.0
2026-03-01 01:41:50,338 - __main__ - INFO - Order sent: LHR_INDEX SELL 4@746.0
2026-03-01 01:41:50,982 - __main__ - INFO - Order sent: LON_FLY SELL 4@5392.0
2026-03-01 01:41:51,751 - __main__ - INFO - Order sent: LON_ETF SELL 4@9586.0
2026-03-01 01:41:52,199 - __main__ - INFO - Order sent: WX_SUM SELL 4@3636.0
2026-03-01 01:41:52,628 - __main__ - INFO - Order sent: TIDE_SPOT BUY 4@2494.0
2026-03-01 01:41:53,333 - __main__ - INFO - Order sent: TIDE_SWING BUY 3@517.0
2026-03-01 01:41:53,443 - __main__ - INFO - Order sent: TIDE_SWING SELL 2@540.0
2026-03-01 01:41:53,792 - __main__ - INFO - Order sent: LON_FLY SELL 4@5346.0
2026-03-01 01:41:54,235 - __main__ - INFO - Order sent: WX_SUM SELL 4@3635.0
2026-03-01 01:41:54,453 - __main__ - INFO - Order sent: TIDE_SPOT BUY 4@2491.0
2026-03-01 01:41:54,902 - __main__ - INFO - Order sent: LHR_COUNT SELL 4@3073.0
2026-03-01 01:41:55,282 - __main__ - INFO - Order sent: LON_ETF SELL 4@9587.0
2026-03-01 01:41:57,268 - __main__ - INFO - Order sent: WX_SUM SELL 4@3637.0
2026-03-01 01:41:57,522 - __main__ - INFO - Order sent: LON_ETF SELL 4@9586.0
2026-03-01 01:41:57,911 - __main__ - INFO - Order sent: LON_FLY SELL 4@5338.0
2026-03-01 01:41:59,740 - __main__ - INFO - Order sent: LHR_COUNT SELL 4@3072.0
2026-03-01 01:42:00,530 - __main__ - INFO - Order sent: LON_FLY SELL 4@5347.0
2026-03-01 01:42:01,074 - __main__ - INFO - Order sent: LON_ETF SELL 4@9585.0
2026-03-01 01:42:03,390 - __main__ - INFO - Order sent: TIDE_SPOT BUY 4@2494.0
2026-03-01 01:42:03,854 - __main__ - INFO - Order sent: LON_FLY SELL 4@5380.0
2026-03-01 01:42:05,659 - __main__ - INFO - Order sent: LHR_COUNT SELL 4@3073.0
2026-03-01 01:42:05,909 - __main__ - INFO - Order sent: TIDE_SPOT BUY 4@2491.0
2026-03-01 01:42:06,439 - __main__ - INFO - Order sent: LON_FLY SELL 4@5331.0
2026-03-01 01:42:07,089 - __main__ - INFO - Order sent: WX_SUM SELL 4@3640.0
2026-03-01 01:42:08,170 - __main__ - INFO - Order sent: LHR_COUNT SELL 4@3072.0
2026-03-01 01:42:09,592 - __main__ - INFO - Order sent: LON_FLY SELL 4@5347.0
2026-03-01 01:42:10,260 - __main__ - INFO - Order sent: WX_SUM SELL 4@3638.0
2026-03-01 01:42:11,133 - __main__ - INFO - Order sent: TIDE_SPOT BUY 4@2492.0
2026-03-01 01:42:11,575 - __main__ - INFO - Order sent: LHR_INDEX SELL 4@746.0
2026-03-01 01:42:11,999 - __main__ - INFO - Order sent: LON_FLY SELL 4@5341.0
2026-03-01 01:42:12,472 - __main__ - INFO - Order sent: WX_SUM SELL 4@3641.0
2026-03-01 01:42:12,835 - __main__ - INFO - Order sent: LON_ETF SELL 4@9583.0
2026-03-01 01:42:13,522 - __main__ - INFO - Order sent: LHR_COUNT SELL 4@3073.0
2026-03-01 01:42:14,314 - __main__ - INFO - Order sent: LHR_INDEX SELL 4@745.0
2026-03-01 01:42:14,917 - __main__ - INFO - Order sent: WX_SUM SELL 4@3640.0
2026-03-01 01:42:15,618 - __main__ - INFO - Order sent: LHR_COUNT SELL 4@3072.0
2026-03-01 01:42:16,264 - __main__ - INFO - Order sent: LON_FLY SELL 4@5485.0
2026-03-01 01:42:17,092 - __main__ - INFO - Order sent: LON_ETF SELL 4@9577.0
2026-03-01 01:42:17,538 - __main__ - INFO - Order sent: WX_SUM SELL 4@3645.0
2026-03-01 01:42:18,611 - __main__ - INFO - Order sent: TIDE_SPOT BUY 4@2491.0
2026-03-01 01:42:19,288 - __main__ - INFO - Order sent: LHR_COUNT SELL 4@3073.0
2026-03-01 01:42:19,686 - __main__ - INFO - Order sent: LON_FLY SELL 4@5342.0
2026-03-01 01:42:20,479 - __main__ - INFO - Order sent: WX_SUM SELL 4@3644.0
2026-03-01 01:42:21,386 - __main__ - INFO - Order sent: TIDE_SPOT BUY 4@2492.0
2026-03-01 01:42:22,218 - __main__ - INFO - Order sent: LON_ETF SELL 4@9579.0
2026-03-01 01:42:23,494 - __main__ - INFO - Order sent: LON_FLY SELL 4@5347.0
2026-03-01 01:42:24,374 - __main__ - INFO - Order sent: WX_SUM SELL 4@3641.0
2026-03-01 01:42:25,219 - __main__ - INFO - Order sent: TIDE_SPOT BUY 4@2502.0
2026-03-01 01:42:25,964 - __main__ - INFO - Order sent: LHR_COUNT SELL 4@3072.0
2026-03-01 01:42:26,534 - __main__ - INFO - Order sent: WX_SUM SELL 4@3645.0
2026-03-01 01:42:27,397 - __main__ - INFO - Order sent: TIDE_SPOT BUY 4@2491.0
2026-03-01 01:42:27,771 - __main__ - INFO - Order sent: LON_FLY SELL 4@5332.0
2026-03-01 01:42:28,407 - __main__ - INFO - Order sent: LON_ETF SELL 4@9576.0
2026-03-01 01:42:29,251 - __main__ - INFO - Order sent: TIDE_SWING BUY 3@518.0
2026-03-01 01:42:29,551 - __main__ - INFO - Order sent: TIDE_SWING SELL 2@541.0
2026-03-01 01:42:30,123 - __main__ - INFO - Order sent: TIDE_SPOT BUY 4@2503.0
2026-03-01 01:42:30,973 - __main__ - INFO - Order sent: LON_ETF SELL 4@9564.0
2026-03-01 01:42:31,518 - __main__ - INFO - Order sent: LON_FLY SELL 4@5322.0
2026-03-01 01:42:32,464 - __main__ - INFO - Order sent: LHR_INDEX SELL 4@746.0
2026-03-01 01:42:33,311 - __main__ - INFO - Order sent: TIDE_SPOT BUY 4@2494.0
2026-03-01 01:42:33,707 - __main__ - INFO - Order sent: LON_ETF SELL 4@9567.0
2026-03-01 01:42:34,288 - __main__ - INFO - Order sent: LON_FLY SELL 4@5332.0
2026-03-01 01:42:35,026 - __main__ - INFO - Order sent: TIDE_SWING BUY 3@517.0
2026-03-01 01:42:35,325 - __main__ - INFO - Order sent: TIDE_SWING SELL 2@540.0
2026-03-01 01:42:36,067 - __main__ - INFO - Order sent: WX_SUM SELL 4@3641.0
2026-03-01 01:42:36,988 - __main__ - INFO - Order sent: TIDE_SPOT BUY 4@2493.0
2026-03-01 01:42:37,646 - __main__ - INFO - Order sent: LON_FLY SELL 4@5380.0
2026-03-01 01:42:38,245 - __main__ - INFO - Order sent: WX_SUM SELL 4@3644.0
2026-03-01 01:42:39,225 - __main__ - INFO - Order sent: TIDE_SPOT BUY 4@2491.0
2026-03-01 01:42:40,609 - __main__ - INFO - Order sent: LHR_COUNT SELL 4@3071.0
2026-03-01 01:42:41,714 - __main__ - INFO - Order sent: LON_FLY SELL 4@5327.0
2026-03-01 01:42:43,186 - __main__ - INFO - Order sent: TIDE_SPOT BUY 4@2490.0
2026-03-01 01:42:44,080 - __main__ - INFO - Order sent: LHR_COUNT SELL 4@3071.0
2026-03-01 01:42:44,855 - __main__ - INFO - Order sent: LHR_INDEX SELL 4@745.0
2026-03-01 01:42:45,914 - __main__ - INFO - Order sent: LON_ETF SELL 4@9587.0
2026-03-01 01:42:46,962 - __main__ - INFO - Order sent: LHR_COUNT SELL 4@3072.0
2026-03-01 01:42:47,982 - __main__ - INFO - Order sent: TIDE_SPOT BUY 4@2492.0
2026-03-01 01:42:49,039 - __main__ - INFO - Order sent: LON_ETF SELL 4@9587.0
2026-03-01 01:42:50,264 - __main__ - INFO - Order sent: LON_FLY SELL 4@5328.0
2026-03-01 01:42:51,557 - __main__ - INFO - Order sent: TIDE_SPOT BUY 4@2489.0
2026-03-01 01:42:52,319 - __main__ - INFO - Order sent: LON_FLY SELL 4@5311.0
2026-03-01 01:42:53,100 - __main__ - INFO - Order sent: TIDE_SPOT BUY 4@2496.0
2026-03-01 01:42:53,984 - __main__ - INFO - Order sent: LON_ETF SELL 4@9567.0
2026-03-01 01:42:54,827 - __main__ - INFO - Order sent: LON_FLY SELL 4@5335.0
2026-03-01 01:42:55,526 - __main__ - INFO - Order sent: TIDE_SPOT BUY 4@2492.0
2026-03-01 01:42:56,109 - __main__ - INFO - Order sent: LON_ETF SELL 4@9580.0
2026-03-01 01:42:56,805 - __main__ - INFO - Order sent: LON_FLY SELL 4@5327.0
2026-03-01 01:42:57,323 - __main__ - INFO - Order sent: TIDE_SPOT BUY 4@2493.0
2026-03-01 01:42:58,332 - __main__ - INFO - Order sent: LHR_COUNT SELL 4@3071.0
2026-03-01 01:42:58,930 - __main__ - INFO - Order sent: LON_FLY SELL 4@5337.0
2026-03-01 01:42:59,689 - __main__ - INFO - Order sent: TIDE_SPOT BUY 4@2492.0
2026-03-01 01:43:00,601 - __main__ - INFO - Order sent: LON_ETF SELL 4@9559.0
2026-03-01 01:43:01,390 - __main__ - INFO - Order sent: WX_SPOT BUY 5@4023.0
2026-03-01 01:43:01,815 - __main__ - INFO - Order sent: LON_FLY SELL 4@5338.0
2026-03-01 01:43:02,422 - __main__ - INFO - Order sent: TIDE_SPOT BUY 4@2496.0
2026-03-01 01:43:02,889 - __main__ - INFO - Order sent: LHR_COUNT SELL 4@3070.0
2026-03-01 01:43:03,904 - __main__ - INFO - Order sent: WX_SPOT BUY 5@4022.0
2026-03-01 01:43:04,665 - __main__ - INFO - Order sent: TIDE_SPOT BUY 4@2494.0
2026-03-01 01:43:04,902 - __main__ - INFO - Order sent: LHR_COUNT SELL 4@3069.0
2026-03-01 01:43:05,242 - __main__ - INFO - Order sent: LON_FLY SELL 4@5329.0
2026-03-01 01:43:05,791 - __main__ - INFO - Order sent: LON_ETF SELL 4@9561.0
2026-03-01 01:43:06,899 - __main__ - INFO - Order sent: TIDE_SWING BUY 3@518.0
2026-03-01 01:43:07,424 - __main__ - INFO - Order sent: TIDE_SWING SELL 2@541.0
2026-03-01 01:43:08,235 - __main__ - INFO - Order sent: LON_FLY SELL 4@5342.0
2026-03-01 01:43:08,837 - __main__ - INFO - Order sent: TIDE_SWING BUY 3@516.0
2026-03-01 01:43:09,155 - __main__ - INFO - Order sent: TIDE_SWING SELL 2@540.0
2026-03-01 01:43:10,003 - __main__ - INFO - Order sent: TIDE_SPOT BUY 4@2493.0
2026-03-01 01:43:10,753 - __main__ - INFO - Order sent: LHR_COUNT SELL 4@3071.0
2026-03-01 01:43:11,297 - __main__ - INFO - Order sent: LON_ETF SELL 4@9567.0
2026-03-01 01:43:11,578 - __main__ - INFO - Order sent: LON_FLY SELL 4@5328.0
2026-03-01 01:43:12,417 - __main__ - INFO - Order sent: TIDE_SPOT BUY 4@2494.0
2026-03-01 01:43:13,054 - __main__ - INFO - Order sent: LHR_COUNT SELL 4@3072.0
2026-03-01 01:43:13,381 - __main__ - INFO - Order sent: LON_ETF SELL 4@9568.0
2026-03-01 01:43:13,816 - __main__ - INFO - Order sent: LON_FLY SELL 4@5354.0
2026-03-01 01:43:14,158 - __main__ - INFO - Order sent: TIDE_SPOT BUY 4@2493.0
2026-03-01 01:43:14,520 - __main__ - INFO - Order sent: WX_SPOT BUY 5@4023.0
2026-03-01 01:43:14,879 - __main__ - INFO - Order sent: LHR_COUNT SELL 4@3072.0
2026-03-01 01:43:19,353 - __main__ - INFO - Order sent: LON_FLY SELL 4@5341.0
2026-03-01 01:43:20,108 - __main__ - INFO - Order sent: WX_SPOT BUY 5@4023.0
2026-03-01 01:43:20,632 - __main__ - INFO - Order sent: TIDE_SPOT BUY 4@2494.0
2026-03-01 01:43:20,964 - __main__ - INFO - Order sent: LHR_COUNT SELL 4@3072.0
2026-03-01 01:43:21,679 - __main__ - INFO - Order sent: LON_FLY SELL 4@5321.0
2026-03-01 01:43:22,094 - __main__ - INFO - Order sent: WX_SPOT BUY 5@4024.0
2026-03-01 01:43:22,634 - __main__ - INFO - Order sent: LON_ETF SELL 4@9568.0
2026-03-01 01:43:23,440 - __main__ - INFO - Order sent: TIDE_SPOT BUY 4@2493.0
2026-03-01 01:43:24,111 - __main__ - INFO - Order sent: LON_FLY SELL 4@5339.0
2026-03-01 01:43:24,624 - __main__ - INFO - Order sent: WX_SPOT BUY 5@4023.0
2026-03-01 01:43:25,362 - __main__ - INFO - Order sent: LON_ETF SELL 4@9568.0
2026-03-01 01:43:26,015 - __main__ - INFO - Order sent: LHR_COUNT SELL 4@3072.0
2026-03-01 01:43:26,463 - __main__ - INFO - Order sent: LON_FLY SELL 4@5325.0
2026-03-01 01:43:26,753 - __main__ - INFO - Order sent: WX_SPOT BUY 5@4024.0
2026-03-01 01:43:27,218 - __main__ - INFO - Order sent: TIDE_SPOT BUY 4@2492.0
2026-03-01 01:43:27,818 - __main__ - INFO - Order sent: LON_ETF SELL 4@9561.0
2026-03-01 01:43:29,552 - __main__ - INFO - Order sent: LHR_COUNT SELL 4@3072.0
2026-03-01 01:43:30,593 - __main__ - INFO - Order sent: LON_FLY SELL 4@5297.0
2026-03-01 01:43:30,814 - __main__ - INFO - Order sent: TIDE_SPOT BUY 4@2493.0
2026-03-01 01:43:31,342 - __main__ - INFO - Order sent: LHR_COUNT SELL 4@3072.0
2026-03-01 01:43:31,643 - __main__ - INFO - Order sent: LON_ETF SELL 4@9568.0
2026-03-01 01:43:31,998 - __main__ - INFO - Order sent: LON_FLY SELL 4@5338.0
2026-03-01 01:43:33,788 - __main__ - INFO - Order sent: TIDE_SPOT BUY 4@2492.0
2026-03-01 01:43:34,268 - __main__ - INFO - Order sent: LON_ETF SELL 4@9569.0
2026-03-01 01:43:34,790 - __main__ - INFO - Order sent: LON_FLY SELL 4@5359.0
2026-03-01 01:43:35,399 - __main__ - INFO - Order sent: LHR_COUNT SELL 4@3072.0
2026-03-01 01:43:35,709 - __main__ - INFO - Order sent: TIDE_SPOT BUY 4@2493.0
2026-03-01 01:43:36,360 - __main__ - INFO - Order sent: TIDE_SWING BUY 3@518.0
2026-03-01 01:43:36,625 - __main__ - INFO - Order sent: TIDE_SWING SELL 2@541.0
2026-03-01 01:43:37,757 - __main__ - INFO - Order sent: LON_FLY SELL 4@5341.0
2026-03-01 01:43:38,615 - __main__ - INFO - Order sent: TIDE_SWING BUY 3@517.0
2026-03-01 01:43:38,743 - __main__ - INFO - Order sent: TIDE_SWING SELL 2@540.0
2026-03-01 01:43:39,272 - __main__ - INFO - Order sent: TIDE_SPOT BUY 4@2492.0
2026-03-01 01:43:39,758 - __main__ - INFO - Order sent: LHR_COUNT SELL 4@3071.0
2026-03-01 01:43:40,120 - __main__ - INFO - Order sent: LON_ETF SELL 4@9579.0
2026-03-01 01:43:40,564 - __main__ - INFO - Order sent: LON_FLY SELL 4@5372.0
2026-03-01 01:43:41,131 - __main__ - INFO - Order sent: WX_SUM SELL 4@3643.0
2026-03-01 01:43:41,604 - __main__ - INFO - Order sent: TIDE_SPOT BUY 4@2493.0
2026-03-01 01:43:42,125 - __main__ - INFO - Order sent: LHR_COUNT SELL 4@3072.0
2026-03-01 01:43:42,829 - __main__ - INFO - Order sent: LON_ETF SELL 4@9582.0
2026-03-01 01:43:43,527 - __main__ - INFO - Order sent: LON_FLY SELL 4@5320.0
2026-03-01 01:43:44,239 - __main__ - INFO - Order sent: TIDE_SPOT BUY 4@2499.0
2026-03-01 01:43:44,792 - __main__ - INFO - Order sent: LON_ETF SELL 4@9579.0
2026-03-01 01:43:45,171 - __main__ - INFO - Order sent: LON_FLY SELL 4@5343.0
2026-03-01 01:43:45,668 - __main__ - INFO - Order sent: LHR_COUNT SELL 4@3071.0
2026-03-01 01:43:46,663 - __main__ - INFO - Order sent: TIDE_SPOT BUY 4@2494.0
2026-03-01 01:43:47,493 - __main__ - INFO - Order sent: LON_ETF SELL 4@9569.0
2026-03-01 01:43:48,081 - __main__ - INFO - Order sent: LON_FLY SELL 4@5342.0
2026-03-01 01:43:49,381 - __main__ - INFO - Order sent: LHR_COUNT SELL 4@3070.0
2026-03-01 01:43:50,667 - __main__ - INFO - Order sent: WX_SPOT BUY 5@4023.0
2026-03-01 01:43:51,666 - __main__ - INFO - Order sent: LON_ETF SELL 4@9569.0
2026-03-01 01:43:52,363 - __main__ - INFO - Order sent: LON_FLY SELL 4@5369.0
2026-03-01 01:43:53,017 - __main__ - INFO - Order sent: TIDE_SPOT BUY 4@2495.0
2026-03-01 01:43:53,776 - __main__ - INFO - Order sent: LHR_COUNT SELL 4@3069.0
2026-03-01 01:43:54,466 - __main__ - INFO - Order sent: LON_FLY SELL 4@5303.0
2026-03-01 01:43:55,080 - __main__ - INFO - Order sent: TIDE_SPOT BUY 4@2492.0
2026-03-01 01:43:55,797 - __main__ - INFO - Order sent: LON_ETF SELL 4@9567.0
2026-03-01 01:43:56,290 - __main__ - INFO - Order sent: LON_FLY SELL 4@5348.0
2026-03-01 01:43:57,188 - __main__ - INFO - Order sent: TIDE_SPOT BUY 4@2493.0
2026-03-01 01:43:57,581 - __main__ - INFO - Order sent: LON_ETF SELL 4@9568.0
2026-03-01 01:43:58,584 - __main__ - INFO - Order sent: LON_FLY SELL 4@5255.0
2026-03-01 01:43:59,433 - __main__ - INFO - Order sent: LHR_COUNT SELL 4@3069.0
2026-03-01 01:44:00,227 - __main__ - INFO - Order sent: WX_SPOT BUY 5@4022.0
2026-03-01 01:44:01,017 - __main__ - INFO - Order sent: LON_FLY SELL 4@5314.0
2026-03-01 01:44:02,317 - __main__ - INFO - Order sent: WX_SPOT BUY 5@4023.0
2026-03-01 01:44:02,837 - __main__ - INFO - Order sent: LON_FLY SELL 4@5274.0
2026-03-01 01:44:05,239 - __main__ - INFO - Order sent: LON_FLY SELL 4@5331.0
2026-03-01 01:44:06,775 - __main__ - INFO - Order sent: WX_SPOT BUY 5@4022.0
2026-03-01 01:44:07,451 - __main__ - INFO - Order sent: LON_FLY SELL 4@5285.0
2026-03-01 01:44:08,344 - __main__ - INFO - Order sent: LHR_COUNT SELL 4@3069.0
2026-03-01 01:44:09,100 - __main__ - INFO - Order sent: TIDE_SPOT BUY 4@2500.0
2026-03-01 01:44:09,441 - __main__ - INFO - Order sent: WX_SPOT BUY 5@4023.0
2026-03-01 01:44:09,916 - __main__ - INFO - Order sent: LON_FLY SELL 4@5327.0
2026-03-01 01:44:10,483 - __main__ - INFO - Order sent: LHR_COUNT SELL 4@3070.0
2026-03-01 01:44:10,974 - __main__ - INFO - Order sent: LON_ETF SELL 4@9578.0
2026-03-01 01:44:11,306 - __main__ - INFO - Order sent: TIDE_SPOT BUY 4@2496.0
2026-03-01 01:44:12,387 - __main__ - INFO - Order sent: TIDE_SWING BUY 3@518.0
2026-03-01 01:44:12,541 - __main__ - INFO - Order sent: TIDE_SWING SELL 2@541.0
2026-03-01 01:44:12,826 - __main__ - INFO - Order sent: LON_FLY SELL 4@5349.0
2026-03-01 01:44:13,836 - __main__ - INFO - Order sent: TIDE_SPOT BUY 4@2494.0
2026-03-01 01:44:14,413 - __main__ - INFO - Order sent: TIDE_SWING BUY 3@516.0
2026-03-01 01:44:14,484 - __main__ - INFO - Order sent: TIDE_SWING SELL 2@540.0
2026-03-01 01:44:14,937 - __main__ - INFO - Order sent: WX_SUM SELL 4@3642.0
2026-03-01 01:44:15,361 - __main__ - INFO - Order sent: LON_FLY SELL 4@5309.0
2026-03-01 01:44:16,529 - __main__ - INFO - Order sent: LON_ETF SELL 4@9579.0
2026-03-01 01:44:17,044 - __main__ - INFO - Order sent: WX_SUM SELL 4@3643.0
2026-03-01 01:44:17,784 - __main__ - INFO - Order sent: LON_FLY SELL 4@5353.0
2026-03-01 01:44:18,433 - __main__ - INFO - Order sent: LON_ETF SELL 4@9579.0
2026-03-01 01:44:18,597 - __main__ - INFO - Order sent: LHR_COUNT SELL 4@3070.0
2026-03-01 01:44:21,158 - __main__ - INFO - Order sent: LHR_COUNT SELL 4@3071.0
2026-03-01 01:44:21,639 - __main__ - INFO - Order sent: LON_FLY SELL 4@5308.0
2026-03-01 01:44:21,987 - __main__ - INFO - Order sent: TIDE_SPOT BUY 4@2495.0
2026-03-01 01:44:24,074 - __main__ - INFO - Order sent: TIDE_SPOT BUY 4@2493.0
2026-03-01 01:44:24,749 - __main__ - INFO - Order sent: WX_SPOT BUY 5@4022.0
2026-03-01 01:44:25,491 - __main__ - INFO - Order sent: LON_FLY SELL 4@5258.0
2026-03-01 01:44:26,477 - __main__ - INFO - Order sent: LHR_COUNT SELL 4@3070.0
2026-03-01 01:44:26,934 - __main__ - INFO - Order sent: LON_ETF SELL 4@9584.0
2026-03-01 01:44:27,588 - __main__ - INFO - Order sent: LON_FLY SELL 4@5341.0
2026-03-01 01:44:27,986 - __main__ - INFO - Order sent: WX_SPOT BUY 5@4024.0
2026-03-01 01:44:29,445 - __main__ - INFO - Order sent: LHR_COUNT SELL 4@3071.0
2026-03-01 01:44:30,013 - __main__ - INFO - Order sent: LON_FLY SELL 4@5356.0
2026-03-01 01:44:31,502 - __main__ - INFO - Order sent: WX_SPOT BUY 5@4025.0
2026-03-01 01:44:32,757 - __main__ - INFO - Order sent: LHR_COUNT SELL 4@3070.0
2026-03-01 01:44:33,401 - __main__ - INFO - Order sent: LON_FLY SELL 4@5294.0
2026-03-01 01:44:34,267 - __main__ - INFO - Order sent: WX_SPOT BUY 5@4024.0
2026-03-01 01:44:35,082 - __main__ - INFO - Order sent: LHR_COUNT SELL 4@3071.0
2026-03-01 01:44:35,411 - __main__ - INFO - Order sent: TIDE_SPOT BUY 4@2494.0
2026-03-01 01:44:35,857 - __main__ - INFO - Order sent: LON_FLY SELL 4@5308.0
2026-03-01 01:44:38,569 - __main__ - INFO - Order sent: LHR_COUNT SELL 4@3070.0
2026-03-01 01:44:39,062 - __main__ - INFO - Order sent: TIDE_SPOT BUY 4@2493.0
2026-03-01 01:44:39,543 - __main__ - INFO - Order sent: LON_FLY SELL 4@5277.0
2026-03-01 01:44:40,488 - __main__ - INFO - Order sent: LHR_COUNT SELL 4@3070.0
2026-03-01 01:44:41,251 - __main__ - INFO - Order sent: TIDE_SPOT BUY 4@2496.0
2026-03-01 01:44:41,734 - __main__ - INFO - Order sent: LON_ETF SELL 4@9582.0
2026-03-01 01:44:42,427 - __main__ - INFO - Order sent: LON_FLY SELL 4@5312.0
2026-03-01 01:44:43,470 - __main__ - INFO - Order sent: TIDE_SPOT BUY 4@2495.0
2026-03-01 01:44:43,891 - __main__ - INFO - Order sent: LON_ETF SELL 4@9582.0
2026-03-01 01:44:44,624 - __main__ - INFO - Order sent: LON_FLY SELL 4@5322.0
2026-03-01 01:44:46,336 - __main__ - INFO - Order sent: LON_ETF SELL 4@9579.0
2026-03-01 01:44:46,997 - __main__ - INFO - Order sent: LON_FLY SELL 4@5279.0
2026-03-01 01:44:47,980 - __main__ - INFO - Order sent: TIDE_SPOT BUY 4@2494.0
2026-03-01 01:44:48,805 - __main__ - INFO - Order sent: TIDE_SWING BUY 3@518.0
2026-03-01 01:44:49,048 - __main__ - INFO - Order sent: TIDE_SWING SELL 2@541.0
2026-03-01 01:44:49,785 - __main__ - INFO - Order sent: LON_FLY SELL 4@5343.0
2026-03-01 01:44:50,561 - __main__ - INFO - Order sent: LON_ETF SELL 4@9583.0
2026-03-01 01:44:51,736 - __main__ - INFO - Order sent: WX_SUM SELL 4@3642.0
2026-03-01 01:44:52,700 - __main__ - INFO - Order sent: LON_FLY SELL 4@5347.0
2026-03-01 01:44:53,487 - __main__ - INFO - Order sent: LHR_COUNT SELL 4@3070.0
2026-03-01 01:44:53,994 - __main__ - INFO - Order sent: TIDE_SWING BUY 3@516.0
2026-03-01 01:44:54,050 - __main__ - INFO - Order sent: TIDE_SWING SELL 2@539.0
2026-03-01 01:44:54,484 - __main__ - INFO - Order sent: LON_FLY SELL 4@5363.0
2026-03-01 01:44:54,742 - __main__ - INFO - Order sent: LON_ETF SELL 4@9599.0
2026-03-01 01:44:55,328 - __main__ - INFO - Order sent: TIDE_SPOT BUY 4@2493.0
2026-03-01 01:44:56,415 - __main__ - INFO - Order sent: LON_FLY SELL 4@5318.0
2026-03-01 01:44:56,867 - __main__ - INFO - Order sent: LHR_COUNT SELL 4@3071.0
2026-03-01 01:44:57,411 - __main__ - INFO - Order sent: LON_ETF SELL 4@9586.0
2026-03-01 01:44:58,154 - __main__ - INFO - Order sent: TIDE_SPOT BUY 4@2494.0
2026-03-01 01:44:58,677 - __main__ - INFO - Order sent: LON_FLY SELL 4@5317.0
2026-03-01 01:45:00,586 - __main__ - INFO - Order sent: LON_FLY SELL 4@5342.0
2026-03-01 01:45:02,112 - __main__ - INFO - Order sent: TIDE_SPOT BUY 4@2493.0
2026-03-01 01:45:02,656 - __main__ - INFO - Order sent: LHR_COUNT SELL 4@3070.0
2026-03-01 01:45:03,080 - __main__ - INFO - Order sent: LON_ETF SELL 4@9583.0
2026-03-01 01:45:03,537 - __main__ - INFO - Order sent: LON_FLY SELL 4@5356.0
2026-03-01 01:45:05,346 - __main__ - INFO - Order sent: LHR_COUNT SELL 4@3071.0
2026-03-01 01:45:05,734 - __main__ - INFO - Order sent: LON_FLY SELL 4@5339.0
2026-03-01 01:45:06,018 - __main__ - INFO - Order sent: LON_ETF SELL 4@9586.0
2026-03-01 01:45:08,703 - __main__ - INFO - Order sent: LHR_COUNT SELL 4@3070.0
2026-03-01 01:45:09,213 - __main__ - INFO - Order sent: LON_FLY SELL 4@5343.0
2026-03-01 01:45:09,709 - __main__ - INFO - Order sent: TIDE_SPOT BUY 4@2494.0
2026-03-01 01:45:11,427 - __main__ - INFO - Order sent: LON_FLY SELL 4@5358.0
2026-03-01 01:45:12,507 - __main__ - INFO - Order sent: LHR_COUNT SELL 4@3071.0
2026-03-01 01:45:12,834 - __main__ - INFO - Order sent: LON_ETF SELL 4@9588.0
2026-03-01 01:45:14,757 - __main__ - INFO - Order sent: LHR_COUNT SELL 4@3070.0
2026-03-01 01:45:15,146 - __main__ - INFO - Order sent: TIDE_SPOT BUY 4@2493.0
2026-03-01 01:45:15,630 - __main__ - INFO - Order sent: LON_ETF SELL 4@9585.0
2026-03-01 01:45:16,070 - __main__ - INFO - Order sent: LON_FLY SELL 4@5345.0
2026-03-01 01:45:16,732 - __main__ - INFO - Order sent: LHR_COUNT SELL 4@3071.0
2026-03-01 01:45:19,279 - __main__ - INFO - Order sent: TIDE_SPOT BUY 4@2490.0
2026-03-01 01:45:20,539 - __main__ - INFO - Order sent: LHR_COUNT SELL 4@3070.0
2026-03-01 01:45:21,074 - __main__ - INFO - Order sent: LON_FLY SELL 4@5350.0
2026-03-01 01:45:21,506 - __main__ - INFO - Order sent: TIDE_SPOT BUY 4@2493.0
2026-03-01 01:45:21,882 - __main__ - INFO - Order sent: WX_SPOT BUY 5@4025.0
2026-03-01 01:45:22,981 - __main__ - INFO - Order sent: LHR_COUNT SELL 4@3070.0
2026-03-01 01:45:23,506 - __main__ - INFO - Order sent: LON_FLY SELL 4@5326.0
2026-03-01 01:45:24,370 - __main__ - INFO - Order sent: WX_SPOT BUY 5@4024.0
2026-03-01 01:45:25,140 - __main__ - INFO - Order sent: LON_ETF SELL 4@9588.0
2026-03-01 01:45:25,646 - __main__ - INFO - Order sent: LON_FLY SELL 4@5343.0
2026-03-01 01:45:26,069 - __main__ - INFO - Order sent: WX_SPOT BUY 5@4025.0
2026-03-01 01:45:26,484 - __main__ - INFO - Order sent: LHR_COUNT SELL 4@3070.0
2026-03-01 01:45:26,995 - __main__ - INFO - Order sent: WX_SUM SELL 4@3641.0
2026-03-01 01:45:27,346 - __main__ - INFO - Order sent: LON_ETF SELL 4@9587.0
2026-03-01 01:45:27,778 - __main__ - INFO - Order sent: LON_FLY SELL 4@5352.0
2026-03-01 01:45:28,292 - __main__ - INFO - Order sent: TIDE_SPOT BUY 4@2500.0
2026-03-01 01:45:28,981 - __main__ - INFO - Order sent: LHR_COUNT SELL 4@3070.0
2026-03-01 01:45:29,462 - __main__ - INFO - Order sent: WX_SUM SELL 4@3642.0
2026-03-01 01:45:29,882 - __main__ - INFO - Order sent: LON_ETF SELL 4@9583.0
2026-03-01 01:45:30,136 - __main__ - INFO - Order sent: TIDE_SPOT BUY 4@2493.0
2026-03-01 01:45:30,659 - __main__ - INFO - Order sent: LON_FLY SELL 4@5361.0
2026-03-01 01:45:31,860 - __main__ - INFO - Order sent: LHR_COUNT SELL 4@3069.0
2026-03-01 01:45:32,758 - __main__ - INFO - Order sent: LON_ETF SELL 4@9584.0
2026-03-01 01:45:33,847 - __main__ - INFO - Order sent: TIDE_SPOT BUY 4@2495.0
2026-03-01 01:45:35,060 - __main__ - INFO - Order sent: LON_FLY SELL 4@5314.0
2026-03-01 01:45:35,679 - __main__ - INFO - Order sent: LHR_COUNT SELL 4@3070.0
2026-03-01 01:45:36,949 - __main__ - INFO - Order sent: WX_SPOT BUY 5@4024.0
2026-03-01 01:45:37,748 - __main__ - INFO - Order sent: LON_FLY SELL 4@5403.0
2026-03-01 01:45:38,696 - __main__ - INFO - Order sent: WX_SPOT BUY 5@4024.0
2026-03-01 01:45:39,578 - __main__ - INFO - Order sent: LHR_COUNT SELL 4@3069.0
2026-03-01 01:45:40,358 - __main__ - INFO - Order sent: LON_FLY SELL 4@5312.0
2026-03-01 01:45:41,214 - __main__ - INFO - Order sent: WX_SPOT BUY 5@4023.0
2026-03-01 01:45:42,261 - __main__ - INFO - Order sent: LHR_COUNT SELL 4@3068.0
2026-03-01 01:45:42,993 - __main__ - INFO - Order sent: LON_FLY SELL 4@5282.0
2026-03-01 01:45:43,874 - __main__ - INFO - Order sent: TIDE_SPOT BUY 4@2499.0
2026-03-01 01:45:44,815 - __main__ - INFO - Order sent: LON_ETF SELL 4@9583.0
2026-03-01 01:45:45,588 - __main__ - INFO - Order sent: LON_FLY SELL 4@5283.0
2026-03-01 01:45:46,576 - __main__ - INFO - Order sent: TIDE_SPOT BUY 4@2493.0
2026-03-01 01:45:47,453 - __main__ - INFO - Order sent: LON_FLY SELL 4@5364.0
2026-03-01 01:45:48,141 - __main__ - INFO - Order sent: WX_SPOT BUY 5@4022.0
2026-03-01 01:45:48,710 - __main__ - INFO - Order sent: TIDE_SPOT BUY 4@2495.0
2026-03-01 01:45:49,535 - __main__ - INFO - Order sent: LHR_COUNT SELL 4@3067.0
2026-03-01 01:45:50,585 - __main__ - INFO - Order sent: WX_SPOT BUY 5@4023.0
2026-03-01 01:45:51,163 - __main__ - INFO - Order sent: TIDE_SPOT BUY 4@2494.0
2026-03-01 01:45:51,681 - __main__ - INFO - Order sent: LHR_COUNT SELL 4@3067.0
2026-03-01 01:45:52,264 - __main__ - INFO - Order sent: LON_FLY SELL 4@5358.0
2026-03-01 01:45:53,442 - __main__ - INFO - Order sent: LON_ETF SELL 4@9579.0
2026-03-01 01:45:54,254 - __main__ - INFO - Order sent: TIDE_SPOT BUY 4@2493.0
2026-03-01 01:45:54,777 - __main__ - INFO - Order sent: LON_FLY SELL 4@5321.0
2026-03-01 01:45:56,734 - __main__ - INFO - Order sent: WX_SPOT BUY 5@4022.0
2026-03-01 01:45:57,927 - __main__ - INFO - Order sent: TIDE_SPOT BUY 4@2500.0
2026-03-01 01:45:58,744 - __main__ - INFO - Order sent: LON_ETF SELL 4@9581.0
2026-03-01 01:45:59,556 - __main__ - INFO - Order sent: TIDE_SPOT BUY 4@2493.0
2026-03-01 01:46:00,431 - __main__ - INFO - Order sent: LON_FLY SELL 4@5343.0
2026-03-01 01:46:01,132 - __main__ - INFO - Order sent: WX_SPOT BUY 5@4023.0
2026-03-01 01:46:01,909 - __main__ - INFO - Order sent: LHR_COUNT SELL 4@3066.0
2026-03-01 01:46:02,550 - __main__ - INFO - Order sent: TIDE_SPOT BUY 4@2498.0
2026-03-01 01:46:03,282 - __main__ - INFO - Order sent: LON_ETF SELL 4@9578.0
2026-03-01 01:46:03,805 - __main__ - INFO - Order sent: LON_FLY SELL 4@5312.0
2026-03-01 01:46:04,457 - __main__ - INFO - Order sent: LHR_INDEX SELL 4@746.0
2026-03-01 01:46:04,922 - __main__ - INFO - Order sent: TIDE_SPOT BUY 4@2496.0
2026-03-01 01:46:05,375 - __main__ - INFO - Order sent: TIDE_SWING BUY 3@518.0
2026-03-01 01:46:05,789 - __main__ - INFO - Order sent: TIDE_SWING SELL 2@541.0
2026-03-01 01:46:06,192 - __main__ - INFO - Order sent: LON_FLY SELL 4@5332.0
2026-03-01 01:46:07,366 - __main__ - INFO - Order sent: WX_SUM SELL 4@3640.0
2026-03-01 01:46:07,893 - __main__ - INFO - Order sent: TIDE_SPOT BUY 4@2499.0
2026-03-01 01:46:08,440 - __main__ - INFO - Order sent: LON_FLY SELL 4@5337.0
2026-03-01 01:46:08,950 - __main__ - INFO - Order sent: WX_SUM SELL 4@3638.0
2026-03-01 01:46:09,470 - __main__ - INFO - Order sent: WX_SPOT BUY 5@4024.0
2026-03-01 01:46:09,799 - __main__ - INFO - Order sent: TIDE_SPOT BUY 4@2495.0
2026-03-01 01:46:10,669 - __main__ - INFO - Order sent: LON_ETF SELL 4@9583.0
2026-03-01 01:46:11,315 - __main__ - INFO - Order sent: LON_FLY SELL 4@5395.0
2026-03-01 01:46:11,768 - __main__ - INFO - Order sent: TIDE_SPOT BUY 4@2498.0
2026-03-01 01:46:12,254 - __main__ - INFO - Order sent: LON_ETF SELL 4@9593.0
2026-03-01 01:46:12,915 - __main__ - INFO - Order sent: WX_SUM SELL 4@3636.0
2026-03-01 01:46:13,660 - __main__ - INFO - Order sent: LON_FLY SELL 4@5400.0
2026-03-01 01:46:14,175 - __main__ - INFO - Order sent: TIDE_SPOT BUY 4@2496.0
2026-03-01 01:46:14,544 - __main__ - INFO - Order sent: LON_ETF SELL 4@9592.0
2026-03-01 01:46:15,350 - __main__ - INFO - Order sent: TIDE_SWING BUY 3@520.0
2026-03-01 01:46:15,557 - __main__ - INFO - Order sent: TIDE_SWING SELL 2@543.0
2026-03-01 01:46:16,081 - __main__ - INFO - Order sent: LON_FLY SELL 4@5420.0
2026-03-01 01:46:16,841 - __main__ - INFO - Order sent: TIDE_SPOT BUY 4@2497.0
2026-03-01 01:46:19,229 - __main__ - INFO - Order sent: LON_FLY SELL 4@5430.0
2026-03-01 01:46:21,265 - __main__ - INFO - Order sent: TIDE_SPOT BUY 4@2499.0
2026-03-01 01:46:21,883 - __main__ - INFO - Order sent: WX_SPOT BUY 5@4025.0
2026-03-01 01:46:22,717 - __main__ - INFO - Order sent: LON_FLY SELL 4@5414.0
2026-03-01 01:46:23,475 - __main__ - INFO - Order sent: LON_ETF SELL 4@9598.0
2026-03-01 01:46:24,213 - __main__ - INFO - Order sent: TIDE_SPOT BUY 4@2497.0
2026-03-01 01:46:24,372 - __main__ - INFO - Order sent: LON_FLY SELL 4@5395.0
2026-03-01 01:46:24,838 - __main__ - INFO - Order sent: WX_SPOT BUY 5@4025.0
2026-03-01 01:46:25,204 - __main__ - INFO - Order sent: LON_ETF SELL 4@9585.0
