2026-02-28 21:21:24,602 - __main__ - INFO - ============================================================
2026-02-28 21:21:24,602 - __main__ - INFO - IMCity Trading Bot
2026-02-28 21:21:24,602 - __main__ - INFO - ============================================================
2026-02-28 21:21:24,602 - __main__ - INFO - Bot:      hybrid
2026-02-28 21:21:24,602 - __main__ - INFO - Exchange: challenge
2026-02-28 21:21:24,602 - __main__ - INFO - URL:      http://ec2-52-19-74-159.eu-west-1.compute.amazonaws.com/
2026-02-28 21:21:24,602 - __main__ - INFO - User:     Brestttt
2026-02-28 21:21:24,602 - __main__ - INFO - Width:    10.0
2026-02-28 21:21:24,602 - __main__ - INFO - Volume:   2
2026-02-28 21:21:24,602 - __main__ - INFO - ============================================================
2026-02-28 21:21:24,603 - bots.hybrid_bot - INFO - Starting SSE stream...
2026-02-28 21:21:24,704 - bots.hybrid_bot - INFO - ✓ SSE thread started
2026-02-28 21:21:24,704 - bots.hybrid_bot - INFO - Hybrid bot started
2026-02-28 21:21:24,705 - bots.hybrid_bot - INFO - Strategies: ['MarketMaker', 'ETFArbitrage']
2026-02-28 21:21:25,163 - data.flights - WARNING - !!! MAKING FLIGHT API REQUEST #1 !!! (Monthly limit: 150)
2026-02-28 21:21:25,684 - data.flights - INFO - Fetched 1637 arrivals, 1887 departures (offset=-720, duration=720)
2026-02-28 21:21:25,866 - data.flights - WARNING - !!! MAKING FLIGHT API REQUEST #2 !!! (Monthly limit: 150)
2026-02-28 21:21:26,056 - data.flights - ERROR - Failed to fetch flight data: 429 Client Error: Too Many Requests for url: https://aerodatabox.p.rapidapi.com/flights/airports/iata/LHR?offsetMinutes=0&durationMinutes=720&direction=Both
2026-02-28 21:21:26,057 - data.flights - ERROR - Failed to estimate LHR_COUNT: 429 Client Error: Too Many Requests for url: https://aerodatabox.p.rapidapi.com/flights/airports/iata/LHR?offsetMinutes=0&durationMinutes=720&direction=Both
2026-02-28 21:21:26,060 - data.flights - INFO - Flight data loaded from cache (avoided API call)
2026-02-28 21:21:26,061 - data.flights - WARNING - !!! MAKING FLIGHT API REQUEST #3 !!! (Monthly limit: 150)
2026-02-28 21:21:26,160 - data.flights - ERROR - Failed to fetch flight data: 429 Client Error: Too Many Requests for url: https://aerodatabox.p.rapidapi.com/flights/airports/iata/LHR?offsetMinutes=0&durationMinutes=720&direction=Both
2026-02-28 21:21:26,160 - data.flights - ERROR - Failed to estimate LHR_INDEX: 429 Client Error: Too Many Requests for url: https://aerodatabox.p.rapidapi.com/flights/airports/iata/LHR?offsetMinutes=0&durationMinutes=720&direction=Both
2026-02-28 21:21:26,163 - data.flights - INFO - Flight data loaded from cache (avoided API call)
2026-02-28 21:21:26,164 - data.flights - WARNING - !!! MAKING FLIGHT API REQUEST #4 !!! (Monthly limit: 150)
2026-02-28 21:21:26,279 - data.flights - ERROR - Failed to fetch flight data: 429 Client Error: Too Many Requests for url: https://aerodatabox.p.rapidapi.com/flights/airports/iata/LHR?offsetMinutes=0&durationMinutes=720&direction=Both
2026-02-28 21:21:26,279 - data.flights - ERROR - Failed to estimate LHR_COUNT: 429 Client Error: Too Many Requests for url: https://aerodatabox.p.rapidapi.com/flights/airports/iata/LHR?offsetMinutes=0&durationMinutes=720&direction=Both
2026-02-28 21:21:26,283 - pricing.fair_value - WARNING - Missing component fair values for LON_ETF
2026-02-28 21:21:26,348 - data.flights - INFO - Flight data loaded from cache (avoided API call)
2026-02-28 21:21:26,349 - data.flights - WARNING - !!! MAKING FLIGHT API REQUEST #5 !!! (Monthly limit: 150)
2026-02-28 21:21:26,460 - data.flights - ERROR - Failed to fetch flight data: 429 Client Error: Too Many Requests for url: https://aerodatabox.p.rapidapi.com/flights/airports/iata/LHR?offsetMinutes=0&durationMinutes=720&direction=Both
2026-02-28 21:21:26,461 - data.flights - ERROR - Failed to estimate LHR_COUNT: 429 Client Error: Too Many Requests for url: https://aerodatabox.p.rapidapi.com/flights/airports/iata/LHR?offsetMinutes=0&durationMinutes=720&direction=Both
2026-02-28 21:21:26,463 - pricing.fair_value - WARNING - Missing component fair values for LON_ETF
2026-02-28 21:21:26,463 - pricing.fair_value - WARNING - Missing ETF fair value for LON_FLY
2026-02-28 21:21:26,479 - data.flights - INFO - Flight data loaded from cache (avoided API call)
2026-02-28 21:21:26,479 - data.flights - WARNING - !!! MAKING FLIGHT API REQUEST #6 !!! (Monthly limit: 150)
2026-02-28 21:21:26,843 - data.flights - INFO - Fetched 696 arrivals, 545 departures (offset=0, duration=720)
2026-02-28 21:21:26,901 - data.flights - INFO - LHR_COUNT: 4765 (2333 arrivals + 2432 departures)
2026-02-28 21:21:26,901 - data.flights - INFO - Flight data loaded from cache (avoided API call)
2026-02-28 21:21:26,901 - data.flights - INFO - Flight data loaded from cache (avoided API call)
2026-02-28 21:21:26,931 - data.flights - INFO - LHR_INDEX: 1453.93 (across 44 intervals, total arr=2333, dep=2432)
2026-02-28 21:21:28,377 - data.flights - INFO - Flight data loaded from cache (avoided API call)
2026-02-28 21:21:28,378 - data.flights - INFO - Flight data loaded from cache (avoided API call)
2026-02-28 21:21:28,390 - data.flights - INFO - LHR_COUNT: 4765 (2333 arrivals + 2432 departures)
2026-02-28 21:21:28,391 - data.flights - INFO - Flight data loaded from cache (avoided API call)
2026-02-28 21:21:28,391 - data.flights - INFO - Flight data loaded from cache (avoided API call)
2026-02-28 21:21:28,428 - data.flights - INFO - LHR_INDEX: 1453.93 (across 44 intervals, total arr=2333, dep=2432)
2026-02-28 21:21:30,218 - data.flights - INFO - Flight data loaded from cache (avoided API call)
2026-02-28 21:21:30,218 - data.flights - INFO - Flight data loaded from cache (avoided API call)
2026-02-28 21:21:30,221 - data.flights - INFO - LHR_COUNT: 4765 (2333 arrivals + 2432 departures)
2026-02-28 21:21:30,222 - data.flights - INFO - Flight data loaded from cache (avoided API call)
2026-02-28 21:21:30,222 - data.flights - INFO - Flight data loaded from cache (avoided API call)
2026-02-28 21:21:30,232 - data.flights - INFO - LHR_INDEX: 1453.93 (across 44 intervals, total arr=2333, dep=2432)
2026-02-28 21:21:32,251 - data.flights - INFO - Flight data loaded from cache (avoided API call)
2026-02-28 21:21:32,251 - data.flights - INFO - Flight data loaded from cache (avoided API call)
2026-02-28 21:21:32,253 - data.flights - INFO - LHR_COUNT: 4765 (2333 arrivals + 2432 departures)
2026-02-28 21:21:32,253 - data.flights - INFO - Flight data loaded from cache (avoided API call)
2026-02-28 21:21:32,253 - data.flights - INFO - Flight data loaded from cache (avoided API call)
2026-02-28 21:21:32,264 - data.flights - INFO - LHR_INDEX: 1453.93 (across 44 intervals, total arr=2333, dep=2432)
2026-02-28 21:21:34,295 - data.flights - INFO - Flight data loaded from cache (avoided API call)
2026-02-28 21:21:34,297 - data.flights - INFO - Flight data loaded from cache (avoided API call)
2026-02-28 21:21:34,299 - data.flights - INFO - LHR_COUNT: 4765 (2333 arrivals + 2432 departures)
2026-02-28 21:21:34,299 - data.flights - INFO - Flight data loaded from cache (avoided API call)
2026-02-28 21:21:34,299 - data.flights - INFO - Flight data loaded from cache (avoided API call)
2026-02-28 21:21:34,320 - data.flights - INFO - LHR_INDEX: 1453.93 (across 44 intervals, total arr=2333, dep=2432)
2026-02-28 21:21:36,295 - data.flights - INFO - Flight data loaded from cache (avoided API call)
2026-02-28 21:21:36,296 - data.flights - INFO - Flight data loaded from cache (avoided API call)
2026-02-28 21:21:36,302 - data.flights - INFO - LHR_COUNT: 4765 (2333 arrivals + 2432 departures)
2026-02-28 21:21:36,302 - data.flights - INFO - Flight data loaded from cache (avoided API call)
2026-02-28 21:21:36,302 - data.flights - INFO - Flight data loaded from cache (avoided API call)
2026-02-28 21:21:36,320 - data.flights - INFO - LHR_INDEX: 1453.93 (across 44 intervals, total arr=2333, dep=2432)
2026-02-28 21:21:38,334 - data.flights - INFO - Flight data loaded from cache (avoided API call)
2026-02-28 21:21:38,335 - data.flights - INFO - Flight data loaded from cache (avoided API call)
2026-02-28 21:21:38,337 - data.flights - INFO - LHR_COUNT: 4765 (2333 arrivals + 2432 departures)
2026-02-28 21:21:38,337 - data.flights - INFO - Flight data loaded from cache (avoided API call)
2026-02-28 21:21:38,337 - data.flights - INFO - Flight data loaded from cache (avoided API call)
2026-02-28 21:21:38,342 - data.flights - INFO - LHR_INDEX: 1453.93 (across 44 intervals, total arr=2333, dep=2432)
2026-02-28 21:21:40,334 - data.flights - INFO - Flight data loaded from cache (avoided API call)
2026-02-28 21:21:40,334 - data.flights - INFO - Flight data loaded from cache (avoided API call)
2026-02-28 21:21:40,338 - data.flights - INFO - LHR_COUNT: 4765 (2333 arrivals + 2432 departures)
2026-02-28 21:21:40,339 - data.flights - INFO - Flight data loaded from cache (avoided API call)
2026-02-28 21:21:40,339 - data.flights - INFO - Flight data loaded from cache (avoided API call)
2026-02-28 21:21:40,351 - data.flights - INFO - LHR_INDEX: 1453.93 (across 44 intervals, total arr=2333, dep=2432)
2026-02-28 21:21:42,341 - data.flights - INFO - Flight data loaded from cache (avoided API call)
2026-02-28 21:21:42,341 - data.flights - INFO - Flight data loaded from cache (avoided API call)
2026-02-28 21:21:42,345 - data.flights - INFO - LHR_COUNT: 4765 (2333 arrivals + 2432 departures)
2026-02-28 21:21:42,345 - data.flights - INFO - Flight data loaded from cache (avoided API call)
2026-02-28 21:21:42,345 - data.flights - INFO - Flight data loaded from cache (avoided API call)
2026-02-28 21:21:42,355 - data.flights - INFO - LHR_INDEX: 1453.93 (across 44 intervals, total arr=2333, dep=2432)
2026-02-28 21:21:48,402 - data.flights - INFO - Flight data loaded from cache (avoided API call)
2026-02-28 21:21:48,402 - data.flights - INFO - Flight data loaded from cache (avoided API call)
2026-02-28 21:21:48,415 - data.flights - INFO - LHR_COUNT: 4765 (2333 arrivals + 2432 departures)
2026-02-28 21:21:48,415 - data.flights - INFO - Flight data loaded from cache (avoided API call)
2026-02-28 21:21:48,415 - data.flights - INFO - Flight data loaded from cache (avoided API call)
2026-02-28 21:21:48,431 - data.flights - INFO - LHR_INDEX: 1453.93 (across 44 intervals, total arr=2333, dep=2432)
2026-02-28 21:21:52,443 - data.flights - INFO - Flight data loaded from cache (avoided API call)
2026-02-28 21:21:52,444 - data.flights - INFO - Flight data loaded from cache (avoided API call)
2026-02-28 21:21:52,452 - data.flights - INFO - LHR_COUNT: 4765 (2333 arrivals + 2432 departures)
2026-02-28 21:21:52,452 - data.flights - INFO - Flight data loaded from cache (avoided API call)
2026-02-28 21:21:52,452 - data.flights - INFO - Flight data loaded from cache (avoided API call)
2026-02-28 21:21:52,467 - data.flights - INFO - LHR_INDEX: 1453.93 (across 44 intervals, total arr=2333, dep=2432)
2026-02-28 21:21:53,676 - data.flights - INFO - Flight data loaded from cache (avoided API call)
2026-02-28 21:21:53,677 - data.flights - INFO - Flight data loaded from cache (avoided API call)
2026-02-28 21:21:53,686 - data.flights - INFO - LHR_COUNT: 4765 (2333 arrivals + 2432 departures)
2026-02-28 21:21:53,686 - data.flights - INFO - Flight data loaded from cache (avoided API call)
2026-02-28 21:21:53,686 - data.flights - INFO - Flight data loaded from cache (avoided API call)
2026-02-28 21:21:53,712 - data.flights - INFO - LHR_INDEX: 1453.93 (across 44 intervals, total arr=2333, dep=2432)
2026-02-28 21:21:59,077 - data.flights - INFO - Flight data loaded from cache (avoided API call)
2026-02-28 21:21:59,077 - data.flights - INFO - Flight data loaded from cache (avoided API call)
2026-02-28 21:21:59,083 - data.flights - INFO - LHR_COUNT: 4765 (2333 arrivals + 2432 departures)
2026-02-28 21:21:59,084 - data.flights - INFO - Flight data loaded from cache (avoided API call)
2026-02-28 21:21:59,084 - data.flights - INFO - Flight data loaded from cache (avoided API call)
2026-02-28 21:21:59,095 - data.flights - INFO - LHR_INDEX: 1453.93 (across 44 intervals, total arr=2333, dep=2432)
2026-02-28 21:22:03,163 - data.flights - INFO - Flight data loaded from cache (avoided API call)
2026-02-28 21:22:03,164 - data.flights - INFO - Flight data loaded from cache (avoided API call)
2026-02-28 21:22:03,175 - data.flights - INFO - LHR_COUNT: 4765 (2333 arrivals + 2432 departures)
2026-02-28 21:22:03,176 - data.flights - INFO - Flight data loaded from cache (avoided API call)
2026-02-28 21:22:03,176 - data.flights - INFO - Flight data loaded from cache (avoided API call)
2026-02-28 21:22:03,207 - data.flights - INFO - LHR_INDEX: 1453.93 (across 44 intervals, total arr=2333, dep=2432)
2026-02-28 21:22:05,227 - data.flights - INFO - Flight data loaded from cache (avoided API call)
2026-02-28 21:22:05,229 - data.flights - INFO - Flight data loaded from cache (avoided API call)
2026-02-28 21:22:05,239 - data.flights - INFO - LHR_COUNT: 4765 (2333 arrivals + 2432 departures)
2026-02-28 21:22:05,240 - data.flights - INFO - Flight data loaded from cache (avoided API call)
2026-02-28 21:22:05,240 - data.flights - INFO - Flight data loaded from cache (avoided API call)
2026-02-28 21:22:05,270 - data.flights - INFO - LHR_INDEX: 1453.93 (across 44 intervals, total arr=2333, dep=2432)
2026-02-28 21:22:11,256 - data.flights - INFO - Flight data loaded from cache (avoided API call)
2026-02-28 21:22:11,256 - data.flights - INFO - Flight data loaded from cache (avoided API call)
2026-02-28 21:22:11,262 - data.flights - INFO - LHR_COUNT: 4765 (2333 arrivals + 2432 departures)
2026-02-28 21:22:11,262 - data.flights - INFO - Flight data loaded from cache (avoided API call)
2026-02-28 21:22:11,263 - data.flights - INFO - Flight data loaded from cache (avoided API call)
2026-02-28 21:22:11,276 - data.flights - INFO - LHR_INDEX: 1453.93 (across 44 intervals, total arr=2333, dep=2432)
2026-02-28 21:22:17,264 - data.flights - INFO - Flight data loaded from cache (avoided API call)
2026-02-28 21:22:17,265 - data.flights - INFO - Flight data loaded from cache (avoided API call)
2026-02-28 21:22:17,269 - data.flights - INFO - LHR_COUNT: 4765 (2333 arrivals + 2432 departures)
2026-02-28 21:22:17,270 - data.flights - INFO - Flight data loaded from cache (avoided API call)
2026-02-28 21:22:17,270 - data.flights - INFO - Flight data loaded from cache (avoided API call)
2026-02-28 21:22:17,285 - data.flights - INFO - LHR_INDEX: 1453.93 (across 44 intervals, total arr=2333, dep=2432)
2026-02-28 21:22:21,336 - data.flights - INFO - Flight data loaded from cache (avoided API call)
2026-02-28 21:22:21,338 - data.flights - INFO - Flight data loaded from cache (avoided API call)
2026-02-28 21:22:21,340 - data.flights - INFO - LHR_COUNT: 4765 (2333 arrivals + 2432 departures)
2026-02-28 21:22:21,340 - data.flights - INFO - Flight data loaded from cache (avoided API call)
2026-02-28 21:22:21,340 - data.flights - INFO - Flight data loaded from cache (avoided API call)
2026-02-28 21:22:21,345 - data.flights - INFO - LHR_INDEX: 1453.93 (across 44 intervals, total arr=2333, dep=2432)
2026-02-28 21:22:56,078 - bots.hybrid_bot - INFO - Stopping...
