2026-03-01 00:50:25,425 - __main__ - INFO - ============================================================
2026-03-01 00:50:25,425 - __main__ - INFO - IMCity Trading Bot
2026-03-01 00:50:25,425 - __main__ - INFO - ============================================================
2026-03-01 00:50:25,425 - __main__ - INFO - Bot:      hybrid
2026-03-01 00:50:25,425 - __main__ - INFO - Exchange: test
2026-03-01 00:50:25,425 - __main__ - INFO - URL:      http://ec2-52-49-69-152.eu-west-1.compute.amazonaws.com/
2026-03-01 00:50:25,425 - __main__ - INFO - User:     Brestttt
2026-03-01 00:50:25,426 - __main__ - INFO - Width:    5.0
2026-03-01 00:50:25,426 - __main__ - INFO - Volume:   5
2026-03-01 00:50:25,426 - __main__ - INFO - ============================================================
2026-03-01 00:50:25,430 - utils.alerting - WARNING - ⚠️ Alerting disabled (webhook URL is placeholder)
2026-03-01 00:50:25,430 - utils.alerting - WARNING - ⚠️ Alerting disabled (no webhook URL configured)
2026-03-01 00:50:25,430 - bots.hybrid_bot - INFO - Starting SSE stream...
2026-03-01 00:50:25,538 - bots.hybrid_bot - INFO - ✓ SSE thread started
2026-03-01 00:50:25,539 - bots.hybrid_bot - INFO - Hybrid bot started
2026-03-01 00:50:25,539 - bots.hybrid_bot - INFO - Strategies: ['SettlementFlattener', 'MarketMaker', 'ETFArbitrageV2']
2026-03-01 00:51:15,773 - bots.hybrid_bot - WARNING - Stop-loss triggered - not trading
2026-03-01 00:51:15,775 - bots.hybrid_bot - WARNING - Stop-loss triggered - not trading
2026-03-01 00:51:15,777 - bots.hybrid_bot - WARNING - Stop-loss triggered - not trading
2026-03-01 00:51:15,777 - bots.hybrid_bot - WARNING - Stop-loss triggered - not trading
2026-03-01 00:51:15,779 - bots.hybrid_bot - WARNING - Stop-loss triggered - not trading
2026-03-01 00:51:15,781 - bots.hybrid_bot - WARNING - Stop-loss triggered - not trading
2026-03-01 00:51:15,782 - bots.hybrid_bot - WARNING - Stop-loss triggered - not trading
2026-03-01 00:51:15,782 - bots.hybrid_bot - WARNING - Stop-loss triggered - not trading
2026-03-01 00:51:15,783 - bots.hybrid_bot - WARNING - Stop-loss triggered - not trading
2026-03-01 00:51:15,785 - bots.hybrid_bot - WARNING - Stop-loss triggered - not trading
2026-03-01 00:51:15,785 - bots.hybrid_bot - WARNING - Stop-loss triggered - not trading
2026-03-01 00:51:15,785 - bots.hybrid_bot - WARNING - Stop-loss triggered - not trading
2026-03-01 00:51:15,785 - bots.hybrid_bot - WARNING - Stop-loss triggered - not trading
2026-03-01 00:51:15,785 - bots.hybrid_bot - WARNING - Stop-loss triggered - not trading
2026-03-01 00:51:15,785 - bots.hybrid_bot - WARNING - Stop-loss triggered - not trading
2026-03-01 00:51:15,786 - bots.hybrid_bot - WARNING - Stop-loss triggered - not trading
2026-03-01 00:51:15,786 - bots.hybrid_bot - WARNING - Stop-loss triggered - not trading
2026-03-01 00:51:15,786 - bots.hybrid_bot - WARNING - Stop-loss triggered - not trading
2026-03-01 00:51:15,786 - bots.hybrid_bot - WARNING - Stop-loss triggered - not trading
2026-03-01 00:51:15,786 - bots.hybrid_bot - WARNING - Stop-loss triggered - not trading
2026-03-01 00:51:15,786 - bots.hybrid_bot - WARNING - Stop-loss triggered - not trading
2026-03-01 00:51:15,788 - bots.hybrid_bot - WARNING - Stop-loss triggered - not trading
2026-03-01 00:51:15,791 - bots.hybrid_bot - WARNING - Stop-loss triggered - not trading
2026-03-01 00:51:15,793 - bots.hybrid_bot - WARNING - Stop-loss triggered - not trading
2026-03-01 00:51:15,795 - bots.hybrid_bot - WARNING - Stop-loss triggered - not trading
2026-03-01 00:51:15,795 - bots.hybrid_bot - WARNING - Stop-loss triggered - not trading
2026-03-01 00:51:15,795 - bots.hybrid_bot - WARNING - Stop-loss triggered - not trading
2026-03-01 00:51:15,795 - bots.hybrid_bot - WARNING - Stop-loss triggered - not trading
2026-03-01 00:51:15,795 - bots.hybrid_bot - WARNING - Stop-loss triggered - not trading
2026-03-01 00:51:15,796 - bots.hybrid_bot - WARNING - Stop-loss triggered - not trading
2026-03-01 00:51:15,796 - bots.hybrid_bot - WARNING - Stop-loss triggered - not trading
2026-03-01 00:51:15,796 - bots.hybrid_bot - WARNING - Stop-loss triggered - not trading
2026-03-01 00:51:15,796 - bots.hybrid_bot - WARNING - Stop-loss triggered - not trading
2026-03-01 00:51:15,796 - bots.hybrid_bot - WARNING - Stop-loss triggered - not trading
2026-03-01 00:51:15,798 - bots.hybrid_bot - WARNING - Stop-loss triggered - not trading
2026-03-01 00:51:15,801 - bots.hybrid_bot - WARNING - Stop-loss triggered - not trading
2026-03-01 00:51:15,802 - bots.hybrid_bot - WARNING - Stop-loss triggered - not trading
2026-03-01 00:51:15,802 - bots.hybrid_bot - WARNING - Stop-loss triggered - not trading
2026-03-01 00:51:15,803 - bots.hybrid_bot - WARNING - Stop-loss triggered - not trading
2026-03-01 00:51:15,804 - bots.hybrid_bot - WARNING - Stop-loss triggered - not trading
2026-03-01 00:51:15,806 - bots.hybrid_bot - WARNING - Stop-loss triggered - not trading
2026-03-01 00:51:15,809 - bots.hybrid_bot - WARNING - Stop-loss triggered - not trading
2026-03-01 00:51:15,810 - bots.hybrid_bot - WARNING - Stop-loss triggered - not trading
2026-03-01 00:51:15,810 - bots.hybrid_bot - WARNING - Stop-loss triggered - not trading
2026-03-01 00:51:15,810 - bots.hybrid_bot - WARNING - Stop-loss triggered - not trading
2026-03-01 00:51:15,811 - bots.hybrid_bot - WARNING - Stop-loss triggered - not trading
2026-03-01 00:51:15,811 - bots.hybrid_bot - WARNING - Stop-loss triggered - not trading
2026-03-01 00:51:15,811 - bots.hybrid_bot - WARNING - Stop-loss triggered - not trading
2026-03-01 00:51:15,811 - bots.hybrid_bot - WARNING - Stop-loss triggered - not trading
2026-03-01 00:51:15,811 - bots.hybrid_bot - WARNING - Stop-loss triggered - not trading
2026-03-01 00:51:15,813 - bots.hybrid_bot - WARNING - Stop-loss triggered - not trading
2026-03-01 00:51:15,815 - bots.hybrid_bot - WARNING - Stop-loss triggered - not trading
2026-03-01 00:51:15,817 - bots.hybrid_bot - WARNING - Stop-loss triggered - not trading
2026-03-01 00:51:15,817 - bots.hybrid_bot - WARNING - Stop-loss triggered - not trading
2026-03-01 00:51:15,817 - bots.hybrid_bot - WARNING - Stop-loss triggered - not trading
2026-03-01 00:51:15,819 - bots.hybrid_bot - WARNING - Stop-loss triggered - not trading
2026-03-01 00:51:15,821 - bots.hybrid_bot - WARNING - Stop-loss triggered - not trading
2026-03-01 00:51:15,821 - bots.hybrid_bot - WARNING - Stop-loss triggered - not trading
2026-03-01 00:51:15,821 - bots.hybrid_bot - WARNING - Stop-loss triggered - not trading
2026-03-01 00:51:15,821 - bots.hybrid_bot - WARNING - Stop-loss triggered - not trading
2026-03-01 00:51:15,821 - bots.hybrid_bot - WARNING - Stop-loss triggered - not trading
2026-03-01 00:51:15,821 - bots.hybrid_bot - WARNING - Stop-loss triggered - not trading
2026-03-01 00:51:15,821 - bots.hybrid_bot - WARNING - Stop-loss triggered - not trading
2026-03-01 00:51:15,821 - bots.hybrid_bot - WARNING - Stop-loss triggered - not trading
2026-03-01 00:51:15,821 - bots.hybrid_bot - WARNING - Stop-loss triggered - not trading
2026-03-01 00:51:15,824 - bots.hybrid_bot - WARNING - Stop-loss triggered - not trading
2026-03-01 00:51:15,824 - bots.hybrid_bot - WARNING - Stop-loss triggered - not trading
2026-03-01 00:51:15,824 - bots.hybrid_bot - WARNING - Stop-loss triggered - not trading
2026-03-01 00:51:15,826 - bots.hybrid_bot - WARNING - Stop-loss triggered - not trading
2026-03-01 00:51:15,826 - bots.hybrid_bot - WARNING - Stop-loss triggered - not trading
2026-03-01 00:51:15,826 - bots.hybrid_bot - WARNING - Stop-loss triggered - not trading
2026-03-01 00:51:15,826 - bots.hybrid_bot - WARNING - Stop-loss triggered - not trading
2026-03-01 00:51:15,827 - bots.hybrid_bot - WARNING - Stop-loss triggered - not trading
2026-03-01 00:51:15,827 - bots.hybrid_bot - WARNING - Stop-loss triggered - not trading
2026-03-01 00:51:15,827 - bots.hybrid_bot - WARNING - Stop-loss triggered - not trading
2026-03-01 00:51:15,828 - bots.hybrid_bot - WARNING - Stop-loss triggered - not trading
2026-03-01 00:51:15,829 - bots.hybrid_bot - WARNING - Stop-loss triggered - not trading
2026-03-01 00:51:15,833 - bots.hybrid_bot - WARNING - Stop-loss triggered - not trading
2026-03-01 00:51:15,833 - bots.hybrid_bot - WARNING - Stop-loss triggered - not trading
2026-03-01 00:51:15,833 - bots.hybrid_bot - WARNING - Stop-loss triggered - not trading
2026-03-01 00:51:15,833 - bots.hybrid_bot - WARNING - Stop-loss triggered - not trading
2026-03-01 00:51:15,833 - bots.hybrid_bot - WARNING - Stop-loss triggered - not trading
2026-03-01 00:51:15,833 - bots.hybrid_bot - WARNING - Stop-loss triggered - not trading
2026-03-01 00:51:15,833 - bots.hybrid_bot - WARNING - Stop-loss triggered - not trading
2026-03-01 00:51:15,834 - bots.hybrid_bot - WARNING - Stop-loss triggered - not trading
2026-03-01 00:51:15,834 - bots.hybrid_bot - WARNING - Stop-loss triggered - not trading
2026-03-01 00:51:15,834 - bots.hybrid_bot - WARNING - Stop-loss triggered - not trading
2026-03-01 00:51:15,834 - bots.hybrid_bot - WARNING - Stop-loss triggered - not trading
2026-03-01 00:51:15,835 - bots.hybrid_bot - WARNING - Stop-loss triggered - not trading
2026-03-01 00:51:15,835 - bots.hybrid_bot - WARNING - Stop-loss triggered - not trading
2026-03-01 00:51:15,835 - bots.hybrid_bot - WARNING - Stop-loss triggered - not trading
2026-03-01 00:51:15,835 - bots.hybrid_bot - WARNING - Stop-loss triggered - not trading
2026-03-01 00:51:15,836 - bots.hybrid_bot - WARNING - Stop-loss triggered - not trading
2026-03-01 00:51:15,839 - bots.hybrid_bot - WARNING - Stop-loss triggered - not trading
2026-03-01 00:51:15,840 - bots.hybrid_bot - WARNING - Stop-loss triggered - not trading
2026-03-01 00:51:15,842 - bots.hybrid_bot - WARNING - Stop-loss triggered - not trading
2026-03-01 00:51:15,842 - bots.hybrid_bot - WARNING - Stop-loss triggered - not trading
2026-03-01 00:51:15,844 - bots.hybrid_bot - WARNING - Stop-loss triggered - not trading
2026-03-01 00:51:15,846 - bots.hybrid_bot - WARNING - Stop-loss triggered - not trading
2026-03-01 00:51:15,850 - bots.hybrid_bot - WARNING - Stop-loss triggered - not trading
2026-03-01 00:51:15,853 - bots.hybrid_bot - WARNING - Stop-loss triggered - not trading
2026-03-01 00:51:15,855 - bots.hybrid_bot - WARNING - Stop-loss triggered - not trading
2026-03-01 00:51:15,856 - bots.hybrid_bot - WARNING - Stop-loss triggered - not trading
2026-03-01 00:51:15,858 - bots.hybrid_bot - WARNING - Stop-loss triggered - not trading
2026-03-01 00:51:15,860 - bots.hybrid_bot - WARNING - Stop-loss triggered - not trading
2026-03-01 00:51:15,861 - bots.hybrid_bot - WARNING - Stop-loss triggered - not trading
2026-03-01 00:51:15,861 - bots.hybrid_bot - WARNING - Stop-loss triggered - not trading
2026-03-01 00:51:15,862 - bots.hybrid_bot - WARNING - Stop-loss triggered - not trading
2026-03-01 00:51:15,862 - bots.hybrid_bot - WARNING - Stop-loss triggered - not trading
2026-03-01 00:51:15,862 - bots.hybrid_bot - WARNING - Stop-loss triggered - not trading
2026-03-01 00:51:15,865 - bots.hybrid_bot - WARNING - Stop-loss triggered - not trading
2026-03-01 00:51:15,865 - bots.hybrid_bot - WARNING - Stop-loss triggered - not trading
2026-03-01 00:51:15,865 - bots.hybrid_bot - WARNING - Stop-loss triggered - not trading
2026-03-01 00:51:15,865 - bots.hybrid_bot - WARNING - Stop-loss triggered - not trading
2026-03-01 00:51:15,865 - bots.hybrid_bot - WARNING - Stop-loss triggered - not trading
2026-03-01 00:51:15,866 - bots.hybrid_bot - WARNING - Stop-loss triggered - not trading
2026-03-01 00:51:15,866 - bots.hybrid_bot - WARNING - Stop-loss triggered - not trading
2026-03-01 00:51:15,867 - bots.hybrid_bot - WARNING - Stop-loss triggered - not trading
2026-03-01 00:51:15,870 - bots.hybrid_bot - WARNING - Stop-loss triggered - not trading
2026-03-01 00:51:15,872 - bots.hybrid_bot - WARNING - Stop-loss triggered - not trading
2026-03-01 00:51:15,872 - bots.hybrid_bot - WARNING - Stop-loss triggered - not trading
2026-03-01 00:51:15,874 - bots.hybrid_bot - WARNING - Stop-loss triggered - not trading
2026-03-01 00:51:15,874 - bots.hybrid_bot - WARNING - Stop-loss triggered - not trading
2026-03-01 00:51:15,874 - bots.hybrid_bot - WARNING - Stop-loss triggered - not trading
2026-03-01 00:51:15,875 - bots.hybrid_bot - WARNING - Stop-loss triggered - not trading
2026-03-01 00:51:15,876 - bots.hybrid_bot - WARNING - Stop-loss triggered - not trading
2026-03-01 00:51:15,880 - bots.hybrid_bot - WARNING - Stop-loss triggered - not trading
2026-03-01 00:51:15,883 - bots.hybrid_bot - WARNING - Stop-loss triggered - not trading
2026-03-01 00:51:15,886 - bots.hybrid_bot - WARNING - Stop-loss triggered - not trading
2026-03-01 00:51:15,893 - bots.hybrid_bot - WARNING - Stop-loss triggered - not trading
2026-03-01 00:51:15,894 - bots.hybrid_bot - WARNING - Stop-loss triggered - not trading
2026-03-01 00:51:15,896 - bots.hybrid_bot - WARNING - Stop-loss triggered - not trading
2026-03-01 00:51:15,899 - bots.hybrid_bot - WARNING - Stop-loss triggered - not trading
2026-03-01 00:51:15,900 - bots.hybrid_bot - WARNING - Stop-loss triggered - not trading
2026-03-01 00:51:15,900 - bots.hybrid_bot - WARNING - Stop-loss triggered - not trading
2026-03-01 00:51:15,900 - bots.hybrid_bot - WARNING - Stop-loss triggered - not trading
2026-03-01 00:51:15,903 - bots.hybrid_bot - WARNING - Stop-loss triggered - not trading
2026-03-01 00:51:15,903 - bots.hybrid_bot - WARNING - Stop-loss triggered - not trading
2026-03-01 00:51:15,904 - bots.hybrid_bot - WARNING - Stop-loss triggered - not trading
2026-03-01 00:51:15,904 - bots.hybrid_bot - WARNING - Stop-loss triggered - not trading
2026-03-01 00:51:15,905 - bots.hybrid_bot - WARNING - Stop-loss triggered - not trading
2026-03-01 00:51:15,906 - bots.hybrid_bot - WARNING - Stop-loss triggered - not trading
2026-03-01 00:51:15,906 - bots.hybrid_bot - WARNING - Stop-loss triggered - not trading
2026-03-01 00:51:15,907 - bots.hybrid_bot - WARNING - Stop-loss triggered - not trading
2026-03-01 00:51:15,912 - bots.hybrid_bot - WARNING - Stop-loss triggered - not trading
2026-03-01 00:51:15,913 - bots.hybrid_bot - WARNING - Stop-loss triggered - not trading
2026-03-01 00:51:15,914 - bots.hybrid_bot - WARNING - Stop-loss triggered - not trading
2026-03-01 00:51:15,917 - bots.hybrid_bot - WARNING - Stop-loss triggered - not trading
2026-03-01 00:51:15,918 - bots.hybrid_bot - WARNING - Stop-loss triggered - not trading
2026-03-01 00:51:15,918 - bots.hybrid_bot - WARNING - Stop-loss triggered - not trading
2026-03-01 00:51:15,918 - bots.hybrid_bot - WARNING - Stop-loss triggered - not trading
2026-03-01 00:51:15,919 - bots.hybrid_bot - WARNING - Stop-loss triggered - not trading
2026-03-01 00:51:15,921 - bots.hybrid_bot - WARNING - Stop-loss triggered - not trading
2026-03-01 00:51:15,921 - bots.hybrid_bot - WARNING - Stop-loss triggered - not trading
2026-03-01 00:51:15,921 - bots.hybrid_bot - WARNING - Stop-loss triggered - not trading
2026-03-01 00:51:15,923 - bots.hybrid_bot - WARNING - Stop-loss triggered - not trading
2026-03-01 00:51:15,923 - bots.hybrid_bot - WARNING - Stop-loss triggered - not trading
2026-03-01 00:51:15,923 - bots.hybrid_bot - WARNING - Stop-loss triggered - not trading
2026-03-01 00:51:15,923 - bots.hybrid_bot - WARNING - Stop-loss triggered - not trading
2026-03-01 00:51:15,923 - bots.hybrid_bot - WARNING - Stop-loss triggered - not trading
2026-03-01 00:51:15,923 - bots.hybrid_bot - WARNING - Stop-loss triggered - not trading
2026-03-01 00:51:15,923 - bots.hybrid_bot - WARNING - Stop-loss triggered - not trading
2026-03-01 00:51:15,925 - bots.hybrid_bot - WARNING - Stop-loss triggered - not trading
2026-03-01 00:51:15,925 - bots.hybrid_bot - WARNING - Stop-loss triggered - not trading
2026-03-01 00:51:15,925 - bots.hybrid_bot - WARNING - Stop-loss triggered - not trading
2026-03-01 00:51:15,925 - bots.hybrid_bot - WARNING - Stop-loss triggered - not trading
2026-03-01 00:51:15,926 - bots.hybrid_bot - WARNING - Stop-loss triggered - not trading
2026-03-01 00:51:15,926 - bots.hybrid_bot - WARNING - Stop-loss triggered - not trading
2026-03-01 00:51:15,926 - bots.hybrid_bot - WARNING - Stop-loss triggered - not trading
2026-03-01 00:51:15,926 - bots.hybrid_bot - WARNING - Stop-loss triggered - not trading
2026-03-01 00:51:15,926 - bots.hybrid_bot - WARNING - Stop-loss triggered - not trading
2026-03-01 00:51:15,927 - bots.hybrid_bot - WARNING - Stop-loss triggered - not trading
2026-03-01 00:51:15,929 - bots.hybrid_bot - WARNING - Stop-loss triggered - not trading
2026-03-01 00:51:15,932 - bots.hybrid_bot - WARNING - Stop-loss triggered - not trading
2026-03-01 00:51:15,932 - bots.hybrid_bot - WARNING - Stop-loss triggered - not trading
2026-03-01 00:51:15,934 - bots.hybrid_bot - WARNING - Stop-loss triggered - not trading
2026-03-01 00:51:16,028 - bots.hybrid_bot - WARNING - Stop-loss triggered - not trading
2026-03-01 00:51:16,229 - bots.hybrid_bot - WARNING - Stop-loss triggered - not trading
2026-03-01 00:51:17,431 - bots.hybrid_bot - WARNING - Stop-loss triggered - not trading
2026-03-01 00:51:17,433 - bots.hybrid_bot - WARNING - Stop-loss triggered - not trading
2026-03-01 00:51:17,435 - bots.hybrid_bot - WARNING - Stop-loss triggered - not trading
2026-03-01 00:51:17,633 - bots.hybrid_bot - WARNING - Stop-loss triggered - not trading
2026-03-01 00:51:17,633 - bots.hybrid_bot - WARNING - Stop-loss triggered - not trading
2026-03-01 00:51:17,633 - bots.hybrid_bot - WARNING - Stop-loss triggered - not trading
2026-03-01 00:51:17,638 - bots.hybrid_bot - WARNING - Stop-loss triggered - not trading
2026-03-01 00:51:17,640 - bots.hybrid_bot - WARNING - Stop-loss triggered - not trading
2026-03-01 00:51:17,642 - bots.hybrid_bot - WARNING - Stop-loss triggered - not trading
2026-03-01 00:51:17,652 - bots.hybrid_bot - WARNING - Stop-loss triggered - not trading
2026-03-01 00:51:17,652 - bots.hybrid_bot - WARNING - Stop-loss triggered - not trading
2026-03-01 00:51:17,832 - bots.hybrid_bot - WARNING - Stop-loss triggered - not trading
2026-03-01 00:51:17,833 - bots.hybrid_bot - WARNING - Stop-loss triggered - not trading
2026-03-01 00:51:18,235 - bots.hybrid_bot - WARNING - Stop-loss triggered - not trading
2026-03-01 00:51:18,437 - bots.hybrid_bot - WARNING - Stop-loss triggered - not trading
2026-03-01 00:51:18,438 - bots.hybrid_bot - WARNING - Stop-loss triggered - not trading
2026-03-01 00:51:18,439 - bots.hybrid_bot - WARNING - Stop-loss triggered - not trading
2026-03-01 00:51:18,439 - bots.hybrid_bot - WARNING - Stop-loss triggered - not trading
2026-03-01 00:51:18,439 - bots.hybrid_bot - WARNING - Stop-loss triggered - not trading
2026-03-01 00:51:18,636 - bots.hybrid_bot - WARNING - Stop-loss triggered - not trading
2026-03-01 00:51:18,637 - bots.hybrid_bot - WARNING - Stop-loss triggered - not trading
2026-03-01 00:51:18,637 - bots.hybrid_bot - WARNING - Stop-loss triggered - not trading
2026-03-01 00:51:18,637 - bots.hybrid_bot - WARNING - Stop-loss triggered - not trading
2026-03-01 00:51:19,840 - bots.hybrid_bot - WARNING - Stop-loss triggered - not trading
2026-03-01 00:51:20,037 - bots.hybrid_bot - WARNING - Stop-loss triggered - not trading
2026-03-01 00:51:20,438 - bots.hybrid_bot - WARNING - Stop-loss triggered - not trading
2026-03-01 00:51:20,671 - bots.hybrid_bot - WARNING - Stop-loss triggered - not trading
2026-03-01 00:51:22,045 - bots.hybrid_bot - WARNING - Stop-loss triggered - not trading
2026-03-01 00:51:22,440 - bots.hybrid_bot - WARNING - Stop-loss triggered - not trading
2026-03-01 00:51:22,845 - bots.hybrid_bot - WARNING - Stop-loss triggered - not trading
2026-03-01 00:51:23,292 - bots.hybrid_bot - WARNING - Stop-loss triggered - not trading
2026-03-01 00:51:24,452 - bots.hybrid_bot - WARNING - Stop-loss triggered - not trading
2026-03-01 00:51:24,643 - bots.hybrid_bot - WARNING - Stop-loss triggered - not trading
2026-03-01 00:51:25,046 - bots.hybrid_bot - WARNING - Stop-loss triggered - not trading
2026-03-01 00:51:25,452 - bots.hybrid_bot - WARNING - Stop-loss triggered - not trading
2026-03-01 00:51:26,306 - bots.hybrid_bot - WARNING - Stop-loss triggered - not trading
2026-03-01 00:51:26,646 - bots.hybrid_bot - WARNING - Stop-loss triggered - not trading
2026-03-01 00:51:27,867 - bots.hybrid_bot - WARNING - Stop-loss triggered - not trading
2026-03-01 00:51:28,048 - bots.hybrid_bot - WARNING - Stop-loss triggered - not trading
2026-03-01 00:51:28,532 - bots.hybrid_bot - WARNING - Stop-loss triggered - not trading
2026-03-01 00:51:28,574 - bots.hybrid_bot - WARNING - Stop-loss triggered - not trading
2026-03-01 00:51:28,622 - bots.hybrid_bot - WARNING - Stop-loss triggered - not trading
2026-03-01 00:51:28,650 - bots.hybrid_bot - WARNING - Stop-loss triggered - not trading
2026-03-01 00:51:28,674 - bots.hybrid_bot - WARNING - Stop-loss triggered - not trading
2026-03-01 00:51:28,727 - bots.hybrid_bot - WARNING - Stop-loss triggered - not trading
2026-03-01 00:51:28,774 - bots.hybrid_bot - WARNING - Stop-loss triggered - not trading
2026-03-01 00:51:28,821 - bots.hybrid_bot - WARNING - Stop-loss triggered - not trading
2026-03-01 00:51:28,870 - bots.hybrid_bot - WARNING - Stop-loss triggered - not trading
2026-03-01 00:51:28,920 - bots.hybrid_bot - WARNING - Stop-loss triggered - not trading
2026-03-01 00:51:29,250 - bots.hybrid_bot - WARNING - Stop-loss triggered - not trading
2026-03-01 00:51:29,686 - bots.hybrid_bot - WARNING - Stop-loss triggered - not trading
2026-03-01 00:51:30,253 - bots.hybrid_bot - WARNING - Stop-loss triggered - not trading
2026-03-01 00:51:30,454 - bots.hybrid_bot - WARNING - Stop-loss triggered - not trading
2026-03-01 00:51:30,861 - bots.hybrid_bot - WARNING - Stop-loss triggered - not trading
2026-03-01 00:51:31,257 - bots.hybrid_bot - WARNING - Stop-loss triggered - not trading
2026-03-01 00:51:31,477 - bots.hybrid_bot - WARNING - Stop-loss triggered - not trading
2026-03-01 00:51:31,854 - bots.hybrid_bot - WARNING - Stop-loss triggered - not trading
2026-03-01 00:51:32,054 - bots.hybrid_bot - WARNING - Stop-loss triggered - not trading
2026-03-01 00:51:33,256 - bots.hybrid_bot - WARNING - Stop-loss triggered - not trading
2026-03-01 00:51:33,455 - bots.hybrid_bot - WARNING - Stop-loss triggered - not trading
2026-03-01 00:51:33,856 - bots.hybrid_bot - WARNING - Stop-loss triggered - not trading
2026-03-01 00:51:34,308 - bots.hybrid_bot - WARNING - Stop-loss triggered - not trading
2026-03-01 00:51:34,457 - bots.hybrid_bot - WARNING - Stop-loss triggered - not trading
2026-03-01 00:51:34,861 - bots.hybrid_bot - WARNING - Stop-loss triggered - not trading
2026-03-01 00:51:35,258 - bots.hybrid_bot - WARNING - Stop-loss triggered - not trading
2026-03-01 00:51:35,458 - bots.hybrid_bot - WARNING - Stop-loss triggered - not trading
2026-03-01 00:51:37,461 - bots.hybrid_bot - WARNING - Stop-loss triggered - not trading
2026-03-01 00:51:37,860 - bots.hybrid_bot - WARNING - Stop-loss triggered - not trading
2026-03-01 00:51:38,261 - bots.hybrid_bot - WARNING - Stop-loss triggered - not trading
2026-03-01 00:51:38,663 - bots.hybrid_bot - WARNING - Stop-loss triggered - not trading
2026-03-01 00:54:07,541 - bots.hybrid_bot - WARNING - Stop-loss triggered - not trading
2026-03-01 00:54:07,540 - bots.hybrid_bot - INFO - Stopping...
2026-03-01 00:54:07,591 - bots.hybrid_bot - WARNING - Stop-loss triggered - not trading
2026-03-01 00:54:07,591 - bots.hybrid_bot - WARNING - Stop-loss triggered - not trading
2026-03-01 00:54:07,592 - bots.hybrid_bot - WARNING - Stop-loss triggered - not trading
2026-03-01 00:54:07,593 - bots.hybrid_bot - WARNING - Stop-loss triggered - not trading
2026-03-01 00:54:07,593 - bots.hybrid_bot - WARNING - Stop-loss triggered - not trading
2026-03-01 00:54:07,593 - bots.hybrid_bot - WARNING - Stop-loss triggered - not trading
2026-03-01 00:54:07,593 - bots.hybrid_bot - WARNING - Stop-loss triggered - not trading
2026-03-01 00:54:07,593 - bots.hybrid_bot - WARNING - Stop-loss triggered - not trading
2026-03-01 00:54:07,593 - bots.hybrid_bot - WARNING - Stop-loss triggered - not trading
2026-03-01 00:54:07,593 - bots.hybrid_bot - WARNING - Stop-loss triggered - not trading
2026-03-01 00:54:07,593 - bots.hybrid_bot - WARNING - Stop-loss triggered - not trading
2026-03-01 00:54:07,593 - bots.hybrid_bot - WARNING - Stop-loss triggered - not trading
2026-03-01 00:54:07,594 - bots.hybrid_bot - WARNING - Stop-loss triggered - not trading
2026-03-01 00:54:07,594 - bots.hybrid_bot - WARNING - Stop-loss triggered - not trading
2026-03-01 00:54:07,594 - bots.hybrid_bot - WARNING - Stop-loss triggered - not trading
2026-03-01 00:54:07,594 - bots.hybrid_bot - WARNING - Stop-loss triggered - not trading
2026-03-01 00:54:07,594 - bots.hybrid_bot - WARNING - Stop-loss triggered - not trading
2026-03-01 00:54:07,594 - bots.hybrid_bot - WARNING - Stop-loss triggered - not trading
2026-03-01 00:54:07,594 - bots.hybrid_bot - WARNING - Stop-loss triggered - not trading
2026-03-01 00:54:07,594 - bots.hybrid_bot - WARNING - Stop-loss triggered - not trading
2026-03-01 00:54:07,594 - bots.hybrid_bot - WARNING - Stop-loss triggered - not trading
2026-03-01 00:54:07,594 - bots.hybrid_bot - WARNING - Stop-loss triggered - not trading
2026-03-01 00:54:07,595 - bots.hybrid_bot - WARNING - Stop-loss triggered - not trading
2026-03-01 00:54:07,595 - bots.hybrid_bot - WARNING - Stop-loss triggered - not trading
2026-03-01 00:54:07,595 - bots.hybrid_bot - WARNING - Stop-loss triggered - not trading
2026-03-01 00:54:07,595 - bots.hybrid_bot - WARNING - Stop-loss triggered - not trading
2026-03-01 00:54:07,595 - bots.hybrid_bot - WARNING - Stop-loss triggered - not trading
2026-03-01 00:54:07,595 - bots.hybrid_bot - WARNING - Stop-loss triggered - not trading
2026-03-01 00:54:07,595 - bots.hybrid_bot - WARNING - Stop-loss triggered - not trading
2026-03-01 00:54:07,595 - bots.hybrid_bot - WARNING - Stop-loss triggered - not trading
2026-03-01 00:54:07,595 - bots.hybrid_bot - WARNING - Stop-loss triggered - not trading
2026-03-01 00:54:07,596 - bots.hybrid_bot - WARNING - Stop-loss triggered - not trading
2026-03-01 00:54:07,596 - bots.hybrid_bot - WARNING - Stop-loss triggered - not trading
2026-03-01 00:54:07,596 - bots.hybrid_bot - WARNING - Stop-loss triggered - not trading
2026-03-01 00:54:07,596 - bots.hybrid_bot - WARNING - Stop-loss triggered - not trading
2026-03-01 00:54:07,596 - bots.hybrid_bot - WARNING - Stop-loss triggered - not trading
2026-03-01 00:54:07,596 - bots.hybrid_bot - WARNING - Stop-loss triggered - not trading
2026-03-01 00:54:07,596 - bots.hybrid_bot - WARNING - Stop-loss triggered - not trading
2026-03-01 00:54:07,596 - bots.hybrid_bot - WARNING - Stop-loss triggered - not trading
2026-03-01 00:54:07,596 - bots.hybrid_bot - WARNING - Stop-loss triggered - not trading
2026-03-01 00:54:07,596 - bots.hybrid_bot - WARNING - Stop-loss triggered - not trading
2026-03-01 00:54:07,597 - bots.hybrid_bot - WARNING - Stop-loss triggered - not trading
2026-03-01 00:54:07,599 - bots.hybrid_bot - WARNING - Stop-loss triggered - not trading
2026-03-01 00:54:07,599 - bots.hybrid_bot - WARNING - Stop-loss triggered - not trading
2026-03-01 00:54:07,599 - bots.hybrid_bot - WARNING - Stop-loss triggered - not trading
2026-03-01 00:54:07,599 - bots.hybrid_bot - WARNING - Stop-loss triggered - not trading
2026-03-01 00:54:07,599 - bots.hybrid_bot - WARNING - Stop-loss triggered - not trading
2026-03-01 00:54:07,599 - bots.hybrid_bot - WARNING - Stop-loss triggered - not trading
2026-03-01 00:54:07,600 - bots.hybrid_bot - WARNING - Stop-loss triggered - not trading
2026-03-01 00:54:07,600 - bots.hybrid_bot - WARNING - Stop-loss triggered - not trading
2026-03-01 00:54:07,600 - bots.hybrid_bot - WARNING - Stop-loss triggered - not trading
2026-03-01 00:54:07,600 - bots.hybrid_bot - WARNING - Stop-loss triggered - not trading
2026-03-01 00:54:07,600 - bots.hybrid_bot - WARNING - Stop-loss triggered - not trading
2026-03-01 00:54:07,600 - bots.hybrid_bot - WARNING - Stop-loss triggered - not trading
2026-03-01 00:54:07,600 - bots.hybrid_bot - WARNING - Stop-loss triggered - not trading
2026-03-01 00:54:07,600 - bots.hybrid_bot - WARNING - Stop-loss triggered - not trading
2026-03-01 00:54:07,600 - bots.hybrid_bot - WARNING - Stop-loss triggered - not trading
2026-03-01 00:54:07,600 - bots.hybrid_bot - WARNING - Stop-loss triggered - not trading
2026-03-01 00:54:07,600 - bots.hybrid_bot - WARNING - Stop-loss triggered - not trading
2026-03-01 00:54:07,601 - bots.hybrid_bot - WARNING - Stop-loss triggered - not trading
2026-03-01 00:54:07,601 - bots.hybrid_bot - WARNING - Stop-loss triggered - not trading
2026-03-01 00:54:07,601 - bots.hybrid_bot - WARNING - Stop-loss triggered - not trading
2026-03-01 00:54:07,601 - bots.hybrid_bot - WARNING - Stop-loss triggered - not trading
2026-03-01 00:54:07,601 - bots.hybrid_bot - WARNING - Stop-loss triggered - not trading
2026-03-01 00:54:07,601 - bots.hybrid_bot - WARNING - Stop-loss triggered - not trading
2026-03-01 00:54:07,601 - bots.hybrid_bot - WARNING - Stop-loss triggered - not trading
2026-03-01 00:54:07,601 - bots.hybrid_bot - WARNING - Stop-loss triggered - not trading
2026-03-01 00:54:07,601 - bots.hybrid_bot - WARNING - Stop-loss triggered - not trading
2026-03-01 00:54:07,601 - bots.hybrid_bot - WARNING - Stop-loss triggered - not trading
2026-03-01 00:54:07,602 - bots.hybrid_bot - WARNING - Stop-loss triggered - not trading
2026-03-01 00:54:07,602 - bots.hybrid_bot - WARNING - Stop-loss triggered - not trading
2026-03-01 00:54:07,602 - bots.hybrid_bot - WARNING - Stop-loss triggered - not trading
2026-03-01 00:54:07,602 - bots.hybrid_bot - WARNING - Stop-loss triggered - not trading
2026-03-01 00:54:07,602 - bots.hybrid_bot - WARNING - Stop-loss triggered - not trading
2026-03-01 00:54:07,602 - bots.hybrid_bot - WARNING - Stop-loss triggered - not trading
2026-03-01 00:54:07,602 - bots.hybrid_bot - WARNING - Stop-loss triggered - not trading
2026-03-01 00:54:07,602 - bots.hybrid_bot - WARNING - Stop-loss triggered - not trading
2026-03-01 00:54:07,603 - bots.hybrid_bot - WARNING - Stop-loss triggered - not trading
2026-03-01 00:54:07,603 - bots.hybrid_bot - WARNING - Stop-loss triggered - not trading
2026-03-01 00:54:07,603 - bots.hybrid_bot - WARNING - Stop-loss triggered - not trading
2026-03-01 00:54:07,603 - bots.hybrid_bot - WARNING - Stop-loss triggered - not trading
2026-03-01 00:54:07,603 - bots.hybrid_bot - WARNING - Stop-loss triggered - not trading
2026-03-01 00:54:07,603 - bots.hybrid_bot - WARNING - Stop-loss triggered - not trading
2026-03-01 00:54:07,603 - bots.hybrid_bot - WARNING - Stop-loss triggered - not trading
2026-03-01 00:54:07,603 - bots.hybrid_bot - WARNING - Stop-loss triggered - not trading
2026-03-01 00:54:07,603 - bots.hybrid_bot - WARNING - Stop-loss triggered - not trading
2026-03-01 00:54:07,603 - bots.hybrid_bot - WARNING - Stop-loss triggered - not trading
2026-03-01 00:54:07,603 - bots.hybrid_bot - WARNING - Stop-loss triggered - not trading
2026-03-01 00:54:07,604 - bots.hybrid_bot - WARNING - Stop-loss triggered - not trading
2026-03-01 00:54:07,604 - bots.hybrid_bot - WARNING - Stop-loss triggered - not trading
2026-03-01 00:54:07,604 - bots.hybrid_bot - WARNING - Stop-loss triggered - not trading
2026-03-01 00:54:07,604 - bots.hybrid_bot - WARNING - Stop-loss triggered - not trading
2026-03-01 00:54:07,604 - bots.hybrid_bot - WARNING - Stop-loss triggered - not trading
2026-03-01 00:54:07,604 - bots.hybrid_bot - WARNING - Stop-loss triggered - not trading
2026-03-01 00:54:07,604 - bots.hybrid_bot - WARNING - Stop-loss triggered - not trading
2026-03-01 00:54:07,604 - bots.hybrid_bot - WARNING - Stop-loss triggered - not trading
2026-03-01 00:54:07,604 - bots.hybrid_bot - WARNING - Stop-loss triggered - not trading
2026-03-01 00:54:07,605 - bots.hybrid_bot - WARNING - Stop-loss triggered - not trading
2026-03-01 00:54:07,606 - bots.hybrid_bot - WARNING - Stop-loss triggered - not trading
2026-03-01 00:54:07,606 - bots.hybrid_bot - WARNING - Stop-loss triggered - not trading
2026-03-01 00:54:07,607 - bots.hybrid_bot - WARNING - Stop-loss triggered - not trading
2026-03-01 00:54:07,607 - bots.hybrid_bot - WARNING - Stop-loss triggered - not trading
2026-03-01 00:54:07,607 - bots.hybrid_bot - WARNING - Stop-loss triggered - not trading
2026-03-01 00:54:07,607 - bots.hybrid_bot - WARNING - Stop-loss triggered - not trading
2026-03-01 00:54:07,608 - bots.hybrid_bot - WARNING - Stop-loss triggered - not trading
2026-03-01 00:54:07,608 - bots.hybrid_bot - WARNING - Stop-loss triggered - not trading
2026-03-01 00:54:07,608 - bots.hybrid_bot - WARNING - Stop-loss triggered - not trading
2026-03-01 00:54:07,609 - bots.hybrid_bot - WARNING - Stop-loss triggered - not trading
2026-03-01 00:54:07,609 - bots.hybrid_bot - WARNING - Stop-loss triggered - not trading
2026-03-01 00:54:07,609 - bots.hybrid_bot - WARNING - Stop-loss triggered - not trading
2026-03-01 00:54:07,609 - bots.hybrid_bot - WARNING - Stop-loss triggered - not trading
2026-03-01 00:54:07,609 - bots.hybrid_bot - WARNING - Stop-loss triggered - not trading
2026-03-01 00:54:07,609 - bots.hybrid_bot - WARNING - Stop-loss triggered - not trading
2026-03-01 00:54:07,609 - bots.hybrid_bot - WARNING - Stop-loss triggered - not trading
2026-03-01 00:54:07,609 - bots.hybrid_bot - WARNING - Stop-loss triggered - not trading
2026-03-01 00:54:07,609 - bots.hybrid_bot - WARNING - Stop-loss triggered - not trading
2026-03-01 00:54:07,609 - bots.hybrid_bot - WARNING - Stop-loss triggered - not trading
2026-03-01 00:54:07,609 - bots.hybrid_bot - WARNING - Stop-loss triggered - not trading
2026-03-01 00:54:07,610 - bots.hybrid_bot - WARNING - Stop-loss triggered - not trading
2026-03-01 00:54:07,610 - bots.hybrid_bot - WARNING - Stop-loss triggered - not trading
2026-03-01 00:54:07,610 - bots.hybrid_bot - WARNING - Stop-loss triggered - not trading
2026-03-01 00:54:07,610 - bots.hybrid_bot - WARNING - Stop-loss triggered - not trading
2026-03-01 00:54:07,610 - bots.hybrid_bot - WARNING - Stop-loss triggered - not trading
2026-03-01 00:54:07,610 - bots.hybrid_bot - WARNING - Stop-loss triggered - not trading
2026-03-01 00:54:07,610 - bots.hybrid_bot - WARNING - Stop-loss triggered - not trading
2026-03-01 00:54:07,610 - bots.hybrid_bot - WARNING - Stop-loss triggered - not trading
2026-03-01 00:54:07,610 - bots.hybrid_bot - WARNING - Stop-loss triggered - not trading
2026-03-01 00:54:07,610 - bots.hybrid_bot - WARNING - Stop-loss triggered - not trading
2026-03-01 00:54:07,610 - bots.hybrid_bot - WARNING - Stop-loss triggered - not trading
2026-03-01 00:54:07,611 - bots.hybrid_bot - WARNING - Stop-loss triggered - not trading
2026-03-01 00:54:07,611 - bots.hybrid_bot - WARNING - Stop-loss triggered - not trading
2026-03-01 00:54:07,611 - bots.hybrid_bot - WARNING - Stop-loss triggered - not trading
2026-03-01 00:54:07,611 - bots.hybrid_bot - WARNING - Stop-loss triggered - not trading
2026-03-01 00:54:07,611 - bots.hybrid_bot - WARNING - Stop-loss triggered - not trading
2026-03-01 00:54:07,611 - bots.hybrid_bot - WARNING - Stop-loss triggered - not trading
2026-03-01 00:54:07,611 - bots.hybrid_bot - WARNING - Stop-loss triggered - not trading
2026-03-01 00:54:07,611 - bots.hybrid_bot - WARNING - Stop-loss triggered - not trading
2026-03-01 00:54:07,611 - bots.hybrid_bot - WARNING - Stop-loss triggered - not trading
2026-03-01 00:54:07,611 - bots.hybrid_bot - WARNING - Stop-loss triggered - not trading
2026-03-01 00:54:07,611 - bots.hybrid_bot - WARNING - Stop-loss triggered - not trading
2026-03-01 00:54:07,611 - bots.hybrid_bot - WARNING - Stop-loss triggered - not trading
2026-03-01 00:54:07,612 - bots.hybrid_bot - WARNING - Stop-loss triggered - not trading
2026-03-01 00:54:07,612 - bots.hybrid_bot - WARNING - Stop-loss triggered - not trading
2026-03-01 00:54:07,612 - bots.hybrid_bot - WARNING - Stop-loss triggered - not trading
2026-03-01 00:54:07,612 - bots.hybrid_bot - WARNING - Stop-loss triggered - not trading
2026-03-01 00:54:07,612 - bots.hybrid_bot - WARNING - Stop-loss triggered - not trading
2026-03-01 00:54:07,612 - bots.hybrid_bot - WARNING - Stop-loss triggered - not trading
2026-03-01 00:54:07,612 - bots.hybrid_bot - WARNING - Stop-loss triggered - not trading
2026-03-01 00:54:07,612 - bots.hybrid_bot - WARNING - Stop-loss triggered - not trading
2026-03-01 00:54:07,612 - bots.hybrid_bot - WARNING - Stop-loss triggered - not trading
2026-03-01 00:54:07,612 - bots.hybrid_bot - WARNING - Stop-loss triggered - not trading
2026-03-01 00:54:07,612 - bots.hybrid_bot - WARNING - Stop-loss triggered - not trading
2026-03-01 00:54:07,613 - bots.hybrid_bot - WARNING - Stop-loss triggered - not trading
2026-03-01 00:54:07,613 - bots.hybrid_bot - WARNING - Stop-loss triggered - not trading
2026-03-01 00:54:07,613 - bots.hybrid_bot - WARNING - Stop-loss triggered - not trading
2026-03-01 00:54:07,613 - bots.hybrid_bot - WARNING - Stop-loss triggered - not trading
2026-03-01 00:54:07,613 - bots.hybrid_bot - WARNING - Stop-loss triggered - not trading
2026-03-01 00:54:07,613 - bots.hybrid_bot - WARNING - Stop-loss triggered - not trading
2026-03-01 00:54:07,613 - bots.hybrid_bot - WARNING - Stop-loss triggered - not trading
2026-03-01 00:54:07,613 - bots.hybrid_bot - WARNING - Stop-loss triggered - not trading
2026-03-01 00:54:07,614 - bots.hybrid_bot - WARNING - Stop-loss triggered - not trading
2026-03-01 00:54:07,614 - bots.hybrid_bot - WARNING - Stop-loss triggered - not trading
2026-03-01 00:54:07,614 - bots.hybrid_bot - WARNING - Stop-loss triggered - not trading
2026-03-01 00:54:07,614 - bots.hybrid_bot - WARNING - Stop-loss triggered - not trading
2026-03-01 00:54:07,614 - bots.hybrid_bot - WARNING - Stop-loss triggered - not trading
2026-03-01 00:54:07,614 - bots.hybrid_bot - WARNING - Stop-loss triggered - not trading
2026-03-01 00:54:07,614 - bots.hybrid_bot - WARNING - Stop-loss triggered - not trading
2026-03-01 00:54:07,614 - bots.hybrid_bot - WARNING - Stop-loss triggered - not trading
2026-03-01 00:54:07,614 - bots.hybrid_bot - WARNING - Stop-loss triggered - not trading
2026-03-01 00:54:07,614 - bots.hybrid_bot - WARNING - Stop-loss triggered - not trading
2026-03-01 00:54:07,615 - bots.hybrid_bot - WARNING - Stop-loss triggered - not trading
2026-03-01 00:54:07,615 - bots.hybrid_bot - WARNING - Stop-loss triggered - not trading
2026-03-01 00:54:07,615 - bots.hybrid_bot - WARNING - Stop-loss triggered - not trading
2026-03-01 00:54:07,615 - bots.hybrid_bot - WARNING - Stop-loss triggered - not trading
2026-03-01 00:54:07,615 - bots.hybrid_bot - WARNING - Stop-loss triggered - not trading
2026-03-01 00:54:07,615 - bots.hybrid_bot - WARNING - Stop-loss triggered - not trading
2026-03-01 00:54:07,615 - bots.hybrid_bot - WARNING - Stop-loss triggered - not trading
2026-03-01 00:54:07,615 - bots.hybrid_bot - WARNING - Stop-loss triggered - not trading
2026-03-01 00:54:07,615 - bots.hybrid_bot - WARNING - Stop-loss triggered - not trading
2026-03-01 00:54:07,615 - bots.hybrid_bot - WARNING - Stop-loss triggered - not trading
2026-03-01 00:54:07,615 - bots.hybrid_bot - WARNING - Stop-loss triggered - not trading
2026-03-01 00:54:07,615 - bots.hybrid_bot - WARNING - Stop-loss triggered - not trading
2026-03-01 00:54:07,616 - bots.hybrid_bot - WARNING - Stop-loss triggered - not trading
2026-03-01 00:54:07,616 - bots.hybrid_bot - WARNING - Stop-loss triggered - not trading
2026-03-01 00:54:07,616 - bots.hybrid_bot - WARNING - Stop-loss triggered - not trading
2026-03-01 00:54:07,616 - bots.hybrid_bot - WARNING - Stop-loss triggered - not trading
2026-03-01 00:54:07,616 - bots.hybrid_bot - WARNING - Stop-loss triggered - not trading
2026-03-01 00:54:07,616 - bots.hybrid_bot - WARNING - Stop-loss triggered - not trading
2026-03-01 00:54:07,616 - bots.hybrid_bot - WARNING - Stop-loss triggered - not trading
2026-03-01 00:54:07,616 - bots.hybrid_bot - WARNING - Stop-loss triggered - not trading
2026-03-01 00:54:07,616 - bots.hybrid_bot - WARNING - Stop-loss triggered - not trading
2026-03-01 00:54:07,616 - bots.hybrid_bot - WARNING - Stop-loss triggered - not trading
2026-03-01 00:54:07,616 - bots.hybrid_bot - WARNING - Stop-loss triggered - not trading
2026-03-01 00:54:07,616 - bots.hybrid_bot - WARNING - Stop-loss triggered - not trading
2026-03-01 00:54:07,617 - bots.hybrid_bot - WARNING - Stop-loss triggered - not trading
2026-03-01 00:54:07,617 - bots.hybrid_bot - WARNING - Stop-loss triggered - not trading
2026-03-01 00:54:07,617 - bots.hybrid_bot - WARNING - Stop-loss triggered - not trading
2026-03-01 00:54:07,617 - bots.hybrid_bot - WARNING - Stop-loss triggered - not trading
2026-03-01 00:54:07,617 - bots.hybrid_bot - WARNING - Stop-loss triggered - not trading
2026-03-01 00:54:07,617 - bots.hybrid_bot - WARNING - Stop-loss triggered - not trading
2026-03-01 00:54:07,617 - bots.hybrid_bot - WARNING - Stop-loss triggered - not trading
2026-03-01 00:54:07,618 - bots.hybrid_bot - WARNING - Stop-loss triggered - not trading
2026-03-01 00:54:07,618 - bots.hybrid_bot - WARNING - Stop-loss triggered - not trading
2026-03-01 00:54:07,618 - bots.hybrid_bot - WARNING - Stop-loss triggered - not trading
2026-03-01 00:54:07,618 - bots.hybrid_bot - WARNING - Stop-loss triggered - not trading
2026-03-01 00:54:07,618 - bots.hybrid_bot - WARNING - Stop-loss triggered - not trading
2026-03-01 00:54:07,618 - bots.hybrid_bot - WARNING - Stop-loss triggered - not trading
2026-03-01 00:54:07,618 - bots.hybrid_bot - WARNING - Stop-loss triggered - not trading
2026-03-01 00:54:07,618 - bots.hybrid_bot - WARNING - Stop-loss triggered - not trading
2026-03-01 00:54:07,618 - bots.hybrid_bot - WARNING - Stop-loss triggered - not trading
2026-03-01 00:54:07,618 - bots.hybrid_bot - WARNING - Stop-loss triggered - not trading
2026-03-01 00:54:07,618 - bots.hybrid_bot - WARNING - Stop-loss triggered - not trading
2026-03-01 00:54:07,619 - bots.hybrid_bot - WARNING - Stop-loss triggered - not trading
2026-03-01 00:54:07,619 - bots.hybrid_bot - WARNING - Stop-loss triggered - not trading
2026-03-01 00:54:07,619 - bots.hybrid_bot - WARNING - Stop-loss triggered - not trading
2026-03-01 00:54:07,619 - bots.hybrid_bot - WARNING - Stop-loss triggered - not trading
2026-03-01 00:54:07,619 - bots.hybrid_bot - WARNING - Stop-loss triggered - not trading
2026-03-01 00:54:07,619 - bots.hybrid_bot - WARNING - Stop-loss triggered - not trading
2026-03-01 00:54:07,619 - bots.hybrid_bot - WARNING - Stop-loss triggered - not trading
2026-03-01 00:54:07,619 - bots.hybrid_bot - WARNING - Stop-loss triggered - not trading
2026-03-01 00:54:07,619 - bots.hybrid_bot - WARNING - Stop-loss triggered - not trading
2026-03-01 00:54:07,619 - bots.hybrid_bot - WARNING - Stop-loss triggered - not trading
2026-03-01 00:54:07,619 - bots.hybrid_bot - WARNING - Stop-loss triggered - not trading
2026-03-01 00:54:07,619 - bots.hybrid_bot - WARNING - Stop-loss triggered - not trading
2026-03-01 00:54:07,619 - bots.hybrid_bot - WARNING - Stop-loss triggered - not trading
2026-03-01 00:54:07,620 - bots.hybrid_bot - WARNING - Stop-loss triggered - not trading
2026-03-01 00:54:07,620 - bots.hybrid_bot - WARNING - Stop-loss triggered - not trading
2026-03-01 00:54:07,620 - bots.hybrid_bot - WARNING - Stop-loss triggered - not trading
2026-03-01 00:54:07,620 - bots.hybrid_bot - WARNING - Stop-loss triggered - not trading
2026-03-01 00:54:07,620 - bots.hybrid_bot - WARNING - Stop-loss triggered - not trading
2026-03-01 00:54:07,620 - bots.hybrid_bot - WARNING - Stop-loss triggered - not trading
2026-03-01 00:54:07,620 - bots.hybrid_bot - WARNING - Stop-loss triggered - not trading
2026-03-01 00:54:07,620 - bots.hybrid_bot - WARNING - Stop-loss triggered - not trading
2026-03-01 00:54:07,620 - bots.hybrid_bot - WARNING - Stop-loss triggered - not trading
2026-03-01 00:54:07,620 - bots.hybrid_bot - WARNING - Stop-loss triggered - not trading
2026-03-01 00:54:07,620 - bots.hybrid_bot - WARNING - Stop-loss triggered - not trading
2026-03-01 00:54:07,620 - bots.hybrid_bot - WARNING - Stop-loss triggered - not trading
2026-03-01 00:54:07,621 - bots.hybrid_bot - WARNING - Stop-loss triggered - not trading
2026-03-01 00:54:07,621 - bots.hybrid_bot - WARNING - Stop-loss triggered - not trading
2026-03-01 00:54:07,621 - bots.hybrid_bot - WARNING - Stop-loss triggered - not trading
2026-03-01 00:54:07,621 - bots.hybrid_bot - WARNING - Stop-loss triggered - not trading
2026-03-01 00:54:07,621 - bots.hybrid_bot - WARNING - Stop-loss triggered - not trading
2026-03-01 00:54:07,621 - bots.hybrid_bot - WARNING - Stop-loss triggered - not trading
2026-03-01 00:54:07,621 - bots.hybrid_bot - WARNING - Stop-loss triggered - not trading
2026-03-01 00:54:07,621 - bots.hybrid_bot - WARNING - Stop-loss triggered - not trading
2026-03-01 00:54:07,621 - bots.hybrid_bot - WARNING - Stop-loss triggered - not trading
2026-03-01 00:54:07,621 - bots.hybrid_bot - WARNING - Stop-loss triggered - not trading
2026-03-01 00:54:07,621 - bots.hybrid_bot - WARNING - Stop-loss triggered - not trading
2026-03-01 00:54:07,621 - bots.hybrid_bot - WARNING - Stop-loss triggered - not trading
2026-03-01 00:54:07,621 - bots.hybrid_bot - WARNING - Stop-loss triggered - not trading
2026-03-01 00:54:07,622 - bots.hybrid_bot - WARNING - Stop-loss triggered - not trading
2026-03-01 00:54:07,622 - bots.hybrid_bot - WARNING - Stop-loss triggered - not trading
2026-03-01 00:54:07,622 - bots.hybrid_bot - WARNING - Stop-loss triggered - not trading
2026-03-01 00:54:07,622 - bots.hybrid_bot - WARNING - Stop-loss triggered - not trading
2026-03-01 00:54:07,622 - bots.hybrid_bot - WARNING - Stop-loss triggered - not trading
2026-03-01 00:54:07,622 - bots.hybrid_bot - WARNING - Stop-loss triggered - not trading
2026-03-01 00:54:07,622 - bots.hybrid_bot - WARNING - Stop-loss triggered - not trading
2026-03-01 00:54:07,622 - bots.hybrid_bot - WARNING - Stop-loss triggered - not trading
2026-03-01 00:54:07,622 - bots.hybrid_bot - WARNING - Stop-loss triggered - not trading
2026-03-01 00:54:07,622 - bots.hybrid_bot - WARNING - Stop-loss triggered - not trading
2026-03-01 00:54:07,622 - bots.hybrid_bot - WARNING - Stop-loss triggered - not trading
2026-03-01 00:54:07,622 - bots.hybrid_bot - WARNING - Stop-loss triggered - not trading
2026-03-01 00:54:07,623 - bots.hybrid_bot - WARNING - Stop-loss triggered - not trading
2026-03-01 00:54:07,623 - bots.hybrid_bot - WARNING - Stop-loss triggered - not trading
2026-03-01 00:54:07,623 - bots.hybrid_bot - WARNING - Stop-loss triggered - not trading
2026-03-01 00:54:07,623 - bots.hybrid_bot - WARNING - Stop-loss triggered - not trading
2026-03-01 00:54:07,623 - bots.hybrid_bot - WARNING - Stop-loss triggered - not trading
2026-03-01 00:54:07,623 - bots.hybrid_bot - WARNING - Stop-loss triggered - not trading
2026-03-01 00:54:07,623 - bots.hybrid_bot - WARNING - Stop-loss triggered - not trading
2026-03-01 00:54:07,623 - bots.hybrid_bot - WARNING - Stop-loss triggered - not trading
2026-03-01 00:54:07,623 - bots.hybrid_bot - WARNING - Stop-loss triggered - not trading
2026-03-01 00:54:07,623 - bots.hybrid_bot - WARNING - Stop-loss triggered - not trading
2026-03-01 00:54:07,623 - bots.hybrid_bot - WARNING - Stop-loss triggered - not trading
2026-03-01 00:54:07,639 - bots.hybrid_bot - WARNING - Stop-loss triggered - not trading
2026-03-01 00:54:07,639 - bots.hybrid_bot - WARNING - Stop-loss triggered - not trading
2026-03-01 00:54:07,640 - bots.hybrid_bot - WARNING - Stop-loss triggered - not trading
2026-03-01 00:54:07,640 - bots.hybrid_bot - WARNING - Stop-loss triggered - not trading
2026-03-01 00:54:07,640 - bots.hybrid_bot - WARNING - Stop-loss triggered - not trading
2026-03-01 00:54:07,640 - bots.hybrid_bot - WARNING - Stop-loss triggered - not trading
2026-03-01 00:54:07,640 - bots.hybrid_bot - WARNING - Stop-loss triggered - not trading
2026-03-01 00:54:07,640 - bots.hybrid_bot - WARNING - Stop-loss triggered - not trading
2026-03-01 00:54:07,641 - bots.hybrid_bot - WARNING - Stop-loss triggered - not trading
2026-03-01 00:54:07,641 - bots.hybrid_bot - WARNING - Stop-loss triggered - not trading
2026-03-01 00:54:07,641 - bots.hybrid_bot - WARNING - Stop-loss triggered - not trading
2026-03-01 00:54:07,641 - bots.hybrid_bot - WARNING - Stop-loss triggered - not trading
2026-03-01 00:54:07,641 - bots.hybrid_bot - WARNING - Stop-loss triggered - not trading
2026-03-01 00:54:07,641 - bots.hybrid_bot - WARNING - Stop-loss triggered - not trading
2026-03-01 00:54:07,641 - bots.hybrid_bot - WARNING - Stop-loss triggered - not trading
2026-03-01 00:54:07,641 - bots.hybrid_bot - WARNING - Stop-loss triggered - not trading
2026-03-01 00:54:07,642 - bots.hybrid_bot - WARNING - Stop-loss triggered - not trading
2026-03-01 00:54:07,642 - bots.hybrid_bot - WARNING - Stop-loss triggered - not trading
2026-03-01 00:54:07,642 - bots.hybrid_bot - WARNING - Stop-loss triggered - not trading
2026-03-01 00:54:07,642 - bots.hybrid_bot - WARNING - Stop-loss triggered - not trading
2026-03-01 00:54:07,642 - bots.hybrid_bot - WARNING - Stop-loss triggered - not trading
2026-03-01 00:54:07,642 - bots.hybrid_bot - WARNING - Stop-loss triggered - not trading
2026-03-01 00:54:07,643 - bots.hybrid_bot - WARNING - Stop-loss triggered - not trading
2026-03-01 00:54:07,643 - bots.hybrid_bot - WARNING - Stop-loss triggered - not trading
2026-03-01 00:54:07,660 - bots.hybrid_bot - WARNING - Stop-loss triggered - not trading
2026-03-01 00:54:07,661 - bots.hybrid_bot - WARNING - Stop-loss triggered - not trading
2026-03-01 00:54:07,661 - bots.hybrid_bot - WARNING - Stop-loss triggered - not trading
2026-03-01 00:54:07,661 - bots.hybrid_bot - WARNING - Stop-loss triggered - not trading
2026-03-01 00:54:07,661 - bots.hybrid_bot - WARNING - Stop-loss triggered - not trading
2026-03-01 00:54:07,661 - bots.hybrid_bot - WARNING - Stop-loss triggered - not trading
2026-03-01 00:54:07,661 - bots.hybrid_bot - WARNING - Stop-loss triggered - not trading
2026-03-01 00:54:07,662 - bots.hybrid_bot - WARNING - Stop-loss triggered - not trading
2026-03-01 00:54:07,662 - bots.hybrid_bot - WARNING - Stop-loss triggered - not trading
2026-03-01 00:54:07,662 - bots.hybrid_bot - WARNING - Stop-loss triggered - not trading
2026-03-01 00:54:07,662 - bots.hybrid_bot - WARNING - Stop-loss triggered - not trading
2026-03-01 00:54:07,662 - bots.hybrid_bot - WARNING - Stop-loss triggered - not trading
2026-03-01 00:54:07,662 - bots.hybrid_bot - WARNING - Stop-loss triggered - not trading
2026-03-01 00:54:07,662 - bots.hybrid_bot - WARNING - Stop-loss triggered - not trading
2026-03-01 00:54:07,662 - bots.hybrid_bot - WARNING - Stop-loss triggered - not trading
2026-03-01 00:54:07,662 - bots.hybrid_bot - WARNING - Stop-loss triggered - not trading
2026-03-01 00:54:07,662 - bots.hybrid_bot - WARNING - Stop-loss triggered - not trading
2026-03-01 00:54:07,663 - bots.hybrid_bot - WARNING - Stop-loss triggered - not trading
2026-03-01 00:54:07,663 - bots.hybrid_bot - WARNING - Stop-loss triggered - not trading
2026-03-01 00:54:07,663 - bots.hybrid_bot - WARNING - Stop-loss triggered - not trading
2026-03-01 00:54:07,663 - bots.hybrid_bot - WARNING - Stop-loss triggered - not trading
2026-03-01 00:54:07,663 - bots.hybrid_bot - WARNING - Stop-loss triggered - not trading
2026-03-01 00:54:07,663 - bots.hybrid_bot - WARNING - Stop-loss triggered - not trading
2026-03-01 00:54:07,663 - bots.hybrid_bot - WARNING - Stop-loss triggered - not trading
2026-03-01 00:54:07,682 - bots.hybrid_bot - WARNING - Stop-loss triggered - not trading
2026-03-01 00:54:07,683 - bots.hybrid_bot - WARNING - Stop-loss triggered - not trading
2026-03-01 00:54:07,683 - bots.hybrid_bot - WARNING - Stop-loss triggered - not trading
2026-03-01 00:54:07,685 - bots.hybrid_bot - WARNING - Stop-loss triggered - not trading
2026-03-01 00:54:07,690 - bots.hybrid_bot - WARNING - Stop-loss triggered - not trading
2026-03-01 00:54:07,691 - bots.hybrid_bot - WARNING - Stop-loss triggered - not trading
2026-03-01 00:54:07,692 - bots.hybrid_bot - WARNING - Stop-loss triggered - not trading
2026-03-01 00:54:07,692 - bots.hybrid_bot - WARNING - Stop-loss triggered - not trading
2026-03-01 00:54:07,693 - bots.hybrid_bot - WARNING - Stop-loss triggered - not trading
2026-03-01 00:54:07,693 - bots.hybrid_bot - WARNING - Stop-loss triggered - not trading
2026-03-01 00:54:07,694 - bots.hybrid_bot - WARNING - Stop-loss triggered - not trading
2026-03-01 00:54:07,695 - bots.hybrid_bot - WARNING - Stop-loss triggered - not trading
2026-03-01 00:54:07,695 - bots.hybrid_bot - WARNING - Stop-loss triggered - not trading
2026-03-01 00:54:07,696 - bots.hybrid_bot - WARNING - Stop-loss triggered - not trading
2026-03-01 00:54:07,696 - bots.hybrid_bot - WARNING - Stop-loss triggered - not trading
2026-03-01 00:54:07,698 - bots.hybrid_bot - WARNING - Stop-loss triggered - not trading
2026-03-01 00:54:07,699 - bots.hybrid_bot - WARNING - Stop-loss triggered - not trading
2026-03-01 00:54:07,699 - bots.hybrid_bot - WARNING - Stop-loss triggered - not trading
2026-03-01 00:54:07,699 - bots.hybrid_bot - WARNING - Stop-loss triggered - not trading
2026-03-01 00:54:07,700 - bots.hybrid_bot - WARNING - Stop-loss triggered - not trading
2026-03-01 00:54:07,703 - bots.hybrid_bot - WARNING - Stop-loss triggered - not trading
2026-03-01 00:54:07,706 - bots.hybrid_bot - WARNING - Stop-loss triggered - not trading
2026-03-01 00:54:07,706 - bots.hybrid_bot - WARNING - Stop-loss triggered - not trading
2026-03-01 00:54:07,708 - bots.hybrid_bot - WARNING - Stop-loss triggered - not trading
2026-03-01 00:54:07,709 - bots.hybrid_bot - WARNING - Stop-loss triggered - not trading
2026-03-01 00:54:07,709 - bots.hybrid_bot - WARNING - Stop-loss triggered - not trading
2026-03-01 00:54:07,710 - bots.hybrid_bot - WARNING - Stop-loss triggered - not trading
2026-03-01 00:54:07,710 - bots.hybrid_bot - WARNING - Stop-loss triggered - not trading
2026-03-01 00:54:07,710 - bots.hybrid_bot - WARNING - Stop-loss triggered - not trading
2026-03-01 00:54:07,710 - bots.hybrid_bot - WARNING - Stop-loss triggered - not trading
2026-03-01 00:54:07,710 - bots.hybrid_bot - WARNING - Stop-loss triggered - not trading
2026-03-01 00:54:07,710 - bots.hybrid_bot - WARNING - Stop-loss triggered - not trading
2026-03-01 00:54:07,710 - bots.hybrid_bot - WARNING - Stop-loss triggered - not trading
2026-03-01 00:54:07,710 - bots.hybrid_bot - WARNING - Stop-loss triggered - not trading
2026-03-01 00:54:07,711 - bots.hybrid_bot - WARNING - Stop-loss triggered - not trading
2026-03-01 00:54:07,711 - bots.hybrid_bot - WARNING - Stop-loss triggered - not trading
2026-03-01 00:54:07,711 - bots.hybrid_bot - WARNING - Stop-loss triggered - not trading
2026-03-01 00:54:07,711 - bots.hybrid_bot - WARNING - Stop-loss triggered - not trading
2026-03-01 00:54:07,711 - bots.hybrid_bot - WARNING - Stop-loss triggered - not trading
2026-03-01 00:54:07,711 - bots.hybrid_bot - WARNING - Stop-loss triggered - not trading
2026-03-01 00:54:07,712 - bots.hybrid_bot - WARNING - Stop-loss triggered - not trading
2026-03-01 00:54:07,712 - bots.hybrid_bot - WARNING - Stop-loss triggered - not trading
2026-03-01 00:54:07,712 - bots.hybrid_bot - WARNING - Stop-loss triggered - not trading
2026-03-01 00:54:07,712 - bots.hybrid_bot - WARNING - Stop-loss triggered - not trading
2026-03-01 00:54:07,712 - bots.hybrid_bot - WARNING - Stop-loss triggered - not trading
2026-03-01 00:54:07,712 - bots.hybrid_bot - WARNING - Stop-loss triggered - not trading
2026-03-01 00:54:07,713 - bots.hybrid_bot - WARNING - Stop-loss triggered - not trading
2026-03-01 00:54:07,713 - bots.hybrid_bot - WARNING - Stop-loss triggered - not trading
2026-03-01 00:54:07,713 - bots.hybrid_bot - WARNING - Stop-loss triggered - not trading
2026-03-01 00:54:07,725 - bots.hybrid_bot - WARNING - Stop-loss triggered - not trading
2026-03-01 00:54:07,725 - bots.hybrid_bot - WARNING - Stop-loss triggered - not trading
2026-03-01 00:54:07,725 - bots.hybrid_bot - WARNING - Stop-loss triggered - not trading
2026-03-01 00:54:07,725 - bots.hybrid_bot - WARNING - Stop-loss triggered - not trading
2026-03-01 00:54:07,725 - bots.hybrid_bot - WARNING - Stop-loss triggered - not trading
2026-03-01 00:54:07,726 - bots.hybrid_bot - WARNING - Stop-loss triggered - not trading
2026-03-01 00:54:07,726 - bots.hybrid_bot - WARNING - Stop-loss triggered - not trading
2026-03-01 00:54:07,726 - bots.hybrid_bot - WARNING - Stop-loss triggered - not trading
2026-03-01 00:54:07,727 - bots.hybrid_bot - WARNING - Stop-loss triggered - not trading
2026-03-01 00:54:07,727 - bots.hybrid_bot - WARNING - Stop-loss triggered - not trading
2026-03-01 00:54:07,727 - bots.hybrid_bot - WARNING - Stop-loss triggered - not trading
2026-03-01 00:54:07,727 - bots.hybrid_bot - WARNING - Stop-loss triggered - not trading
2026-03-01 00:54:07,727 - bots.hybrid_bot - WARNING - Stop-loss triggered - not trading
2026-03-01 00:54:07,727 - bots.hybrid_bot - WARNING - Stop-loss triggered - not trading
2026-03-01 00:54:07,727 - bots.hybrid_bot - WARNING - Stop-loss triggered - not trading
2026-03-01 00:54:07,727 - bots.hybrid_bot - WARNING - Stop-loss triggered - not trading
2026-03-01 00:54:07,728 - bots.hybrid_bot - WARNING - Stop-loss triggered - not trading
2026-03-01 00:54:07,728 - bots.hybrid_bot - WARNING - Stop-loss triggered - not trading
2026-03-01 00:54:07,728 - bots.hybrid_bot - WARNING - Stop-loss triggered - not trading
2026-03-01 00:54:07,728 - bots.hybrid_bot - WARNING - Stop-loss triggered - not trading
2026-03-01 00:54:07,729 - bots.hybrid_bot - WARNING - Stop-loss triggered - not trading
2026-03-01 00:54:07,729 - bots.hybrid_bot - WARNING - Stop-loss triggered - not trading
2026-03-01 00:54:07,729 - bots.hybrid_bot - WARNING - Stop-loss triggered - not trading
2026-03-01 00:54:07,729 - bots.hybrid_bot - WARNING - Stop-loss triggered - not trading
2026-03-01 00:54:07,729 - bots.hybrid_bot - WARNING - Stop-loss triggered - not trading
2026-03-01 00:54:07,746 - bots.hybrid_bot - WARNING - Stop-loss triggered - not trading
2026-03-01 00:54:07,746 - bots.hybrid_bot - WARNING - Stop-loss triggered - not trading
2026-03-01 00:54:07,746 - bots.hybrid_bot - WARNING - Stop-loss triggered - not trading
2026-03-01 00:54:07,747 - bots.hybrid_bot - WARNING - Stop-loss triggered - not trading
2026-03-01 00:54:07,747 - bots.hybrid_bot - WARNING - Stop-loss triggered - not trading
2026-03-01 00:54:07,747 - bots.hybrid_bot - WARNING - Stop-loss triggered - not trading
2026-03-01 00:54:07,747 - bots.hybrid_bot - WARNING - Stop-loss triggered - not trading
2026-03-01 00:54:07,747 - bots.hybrid_bot - WARNING - Stop-loss triggered - not trading
2026-03-01 00:54:07,747 - bots.hybrid_bot - WARNING - Stop-loss triggered - not trading
2026-03-01 00:54:07,747 - bots.hybrid_bot - WARNING - Stop-loss triggered - not trading
2026-03-01 00:54:07,747 - bots.hybrid_bot - WARNING - Stop-loss triggered - not trading
2026-03-01 00:54:07,747 - bots.hybrid_bot - WARNING - Stop-loss triggered - not trading
2026-03-01 00:54:07,748 - bots.hybrid_bot - WARNING - Stop-loss triggered - not trading
2026-03-01 00:54:07,748 - bots.hybrid_bot - WARNING - Stop-loss triggered - not trading
2026-03-01 00:54:07,748 - bots.hybrid_bot - WARNING - Stop-loss triggered - not trading
2026-03-01 00:54:07,748 - bots.hybrid_bot - WARNING - Stop-loss triggered - not trading
2026-03-01 00:54:07,748 - bots.hybrid_bot - WARNING - Stop-loss triggered - not trading
2026-03-01 00:54:07,748 - bots.hybrid_bot - WARNING - Stop-loss triggered - not trading
2026-03-01 00:54:07,748 - bots.hybrid_bot - WARNING - Stop-loss triggered - not trading
2026-03-01 00:54:07,748 - bots.hybrid_bot - WARNING - Stop-loss triggered - not trading
2026-03-01 00:54:07,748 - bots.hybrid_bot - WARNING - Stop-loss triggered - not trading
2026-03-01 00:54:07,748 - bots.hybrid_bot - WARNING - Stop-loss triggered - not trading
2026-03-01 00:54:07,749 - bots.hybrid_bot - WARNING - Stop-loss triggered - not trading
2026-03-01 00:54:07,749 - bots.hybrid_bot - WARNING - Stop-loss triggered - not trading
2026-03-01 00:54:07,750 - bots.hybrid_bot - WARNING - Stop-loss triggered - not trading
2026-03-01 00:54:07,750 - bots.hybrid_bot - WARNING - Stop-loss triggered - not trading
2026-03-01 00:54:07,750 - bots.hybrid_bot - WARNING - Stop-loss triggered - not trading
2026-03-01 00:54:07,750 - bots.hybrid_bot - WARNING - Stop-loss triggered - not trading
2026-03-01 00:54:07,775 - bots.hybrid_bot - INFO - Bot shutdown complete
