2026-02-28 22:05:42,007 - __main__ - INFO - ============================================================
2026-02-28 22:05:42,007 - __main__ - INFO - IMCity Trading Bot
2026-02-28 22:05:42,007 - __main__ - INFO - ============================================================
2026-02-28 22:05:42,007 - __main__ - INFO - Bot:      hybrid
2026-02-28 22:05:42,007 - __main__ - INFO - Exchange: challenge
2026-02-28 22:05:42,007 - __main__ - INFO - URL:      http://ec2-52-19-74-159.eu-west-1.compute.amazonaws.com/
2026-02-28 22:05:42,008 - __main__ - INFO - User:     Brestttt
2026-02-28 22:05:42,008 - __main__ - INFO - Width:    10.0
2026-02-28 22:05:42,008 - __main__ - INFO - Volume:   2
2026-02-28 22:05:42,008 - __main__ - INFO - ============================================================
2026-02-28 22:05:42,008 - bots.hybrid_bot - INFO - Starting SSE stream...
2026-02-28 22:05:42,056 - bots.hybrid_bot - INFO - ✓ SSE thread started
2026-02-28 22:05:42,056 - bots.hybrid_bot - INFO - Hybrid bot started
2026-02-28 22:05:42,056 - bots.hybrid_bot - INFO - Strategies: ['MarketMaker', 'ETFArbitrage']
2026-02-28 22:06:12,103 - bots.hybrid_bot - WARNING - ⚠️  NO ORDERBOOKS RECEIVED IN LAST 30 SECONDS!
2026-02-28 22:06:12,111 - bots.hybrid_bot - WARNING -    SSE stream may not be working - check connection
2026-02-28 22:06:42,135 - bots.hybrid_bot - WARNING - ⚠️  NO ORDERBOOKS RECEIVED IN LAST 30 SECONDS!
2026-02-28 22:06:42,151 - bots.hybrid_bot - WARNING -    SSE stream may not be working - check connection
2026-02-28 22:07:12,258 - bots.hybrid_bot - WARNING - ⚠️  NO ORDERBOOKS RECEIVED IN LAST 30 SECONDS!
2026-02-28 22:07:12,262 - bots.hybrid_bot - WARNING -    SSE stream may not be working - check connection
2026-02-28 22:07:42,275 - bots.hybrid_bot - WARNING - ⚠️  NO ORDERBOOKS RECEIVED IN LAST 30 SECONDS!
2026-02-28 22:07:42,279 - bots.hybrid_bot - WARNING -    SSE stream may not be working - check connection
2026-02-28 22:08:12,360 - bots.hybrid_bot - WARNING - ⚠️  NO ORDERBOOKS RECEIVED IN LAST 30 SECONDS!
2026-02-28 22:08:12,363 - bots.hybrid_bot - WARNING -    SSE stream may not be working - check connection
2026-02-28 22:08:36,797 - bots.hybrid_bot - INFO - Stopping...
