2026-02-28 21:17:04,420 - __main__ - INFO - ============================================================
2026-02-28 21:17:04,420 - __main__ - INFO - IMCity Trading Bot
2026-02-28 21:17:04,420 - __main__ - INFO - ============================================================
2026-02-28 21:17:04,420 - __main__ - INFO - Bot:      hybrid
2026-02-28 21:17:04,420 - __main__ - INFO - Exchange: challenge
2026-02-28 21:17:04,420 - __main__ - INFO - URL:      http://ec2-52-19-74-159.eu-west-1.compute.amazonaws.com/
2026-02-28 21:17:04,420 - __main__ - INFO - User:     Brestttt
2026-02-28 21:17:04,420 - __main__ - INFO - Width:    10.0
2026-02-28 21:17:04,420 - __main__ - INFO - Volume:   2
2026-02-28 21:17:04,420 - __main__ - INFO - ============================================================
2026-02-28 21:17:04,421 - execution.order_manager - INFO - Order manager initialized: max_workers=10, rate_limit=1.0/s, risk_checks=True
2026-02-28 21:17:04,421 - bots.hybrid_bot - INFO - Starting SSE stream...
2026-02-28 21:17:04,520 - bots.hybrid_bot - INFO - ✓ SSE thread started
2026-02-28 21:17:04,520 - bots.hybrid_bot - INFO - Hybrid bot started
2026-02-28 21:17:04,522 - bots.hybrid_bot - INFO - Strategies: ['MarketMaker', 'ETFArbitrage']
2026-02-28 21:17:04,566 - utils.metrics - INFO - ============================================================
2026-02-28 21:17:04,566 - utils.metrics - INFO - PERFORMANCE SUMMARY
2026-02-28 21:17:04,566 - utils.metrics - INFO - ============================================================
2026-02-28 21:17:04,566 - utils.metrics - INFO - Total P&L:      +0.00
2026-02-28 21:17:04,566 - utils.metrics - INFO - Realized P&L:   +0.00
2026-02-28 21:17:04,566 - utils.metrics - INFO - Unrealized P&L: +0.00
2026-02-28 21:17:04,566 - utils.metrics - INFO - Max Drawdown:   0.00
2026-02-28 21:17:04,566 - utils.metrics - INFO - 
2026-02-28 21:17:04,566 - utils.metrics - INFO - Total Trades:   0
2026-02-28 21:17:04,566 - utils.metrics - INFO - Win Rate:       0.0%
2026-02-28 21:17:04,566 - utils.metrics - INFO - Avg Win:        +0.00
2026-02-28 21:17:04,566 - utils.metrics - INFO - Avg Loss:       +0.00
2026-02-28 21:17:04,566 - utils.metrics - INFO - Profit Factor:  0.00
2026-02-28 21:17:04,566 - utils.metrics - INFO - Sharpe Ratio:   0.00
2026-02-28 21:17:04,566 - utils.metrics - INFO - 
2026-02-28 21:17:04,566 - utils.metrics - INFO - Orders Sent:    0
2026-02-28 21:17:04,566 - utils.metrics - INFO - Orders Filled:  0
2026-02-28 21:17:04,566 - utils.metrics - INFO - Fill Rate:      0.0%
2026-02-28 21:17:04,566 - utils.metrics - INFO - 
2026-02-28 21:17:04,566 - utils.metrics - INFO - Elapsed Time:   0.00 hours
2026-02-28 21:17:04,566 - utils.metrics - INFO - P&L per Hour:   +0.00
2026-02-28 21:17:04,566 - utils.metrics - INFO - ============================================================
2026-02-28 21:17:34,584 - bots.hybrid_bot - WARNING - ⚠️  NO ORDERBOOKS RECEIVED IN LAST 30 SECONDS!
2026-02-28 21:17:34,589 - bots.hybrid_bot - WARNING -    SSE stream may not be working - check connection
2026-02-28 21:17:43,581 - bots.hybrid_bot - INFO - Stopping...
2026-02-28 21:17:44,638 - execution.order_manager - INFO - Shutting down order manager
