2026-02-28 21:26:23,658 - __main__ - INFO - ============================================================
2026-02-28 21:26:23,659 - __main__ - INFO - IMCity Trading Bot
2026-02-28 21:26:23,659 - __main__ - INFO - ============================================================
2026-02-28 21:26:23,659 - __main__ - INFO - Bot:      hybrid
2026-02-28 21:26:23,659 - __main__ - INFO - Exchange: challenge
2026-02-28 21:26:23,659 - __main__ - INFO - URL:      http://ec2-52-19-74-159.eu-west-1.compute.amazonaws.com/
2026-02-28 21:26:23,659 - __main__ - INFO - User:     Brestttt
2026-02-28 21:26:23,659 - __main__ - INFO - Width:    10.0
2026-02-28 21:26:23,659 - __main__ - INFO - Volume:   2
2026-02-28 21:26:23,659 - __main__ - INFO - ============================================================
2026-02-28 21:26:23,660 - bots.hybrid_bot - INFO - Starting SSE stream...
2026-02-28 21:26:23,726 - bots.hybrid_bot - INFO - ✓ SSE thread started
2026-02-28 21:26:23,727 - bots.hybrid_bot - INFO - Hybrid bot started
2026-02-28 21:26:23,727 - bots.hybrid_bot - INFO - Strategies: ['MarketMaker', 'ETFArbitrage']
2026-02-28 21:26:24,424 - data.flights - INFO - Flight data loaded from cache (avoided API call)
2026-02-28 21:26:24,432 - data.flights - INFO - Flight data loaded from cache (avoided API call)
2026-02-28 21:26:24,432 - data.flights - INFO - LHR_COUNT: 4765 (2333 arrivals + 2432 departures)
2026-02-28 21:26:24,432 - data.flights - INFO - Flight data loaded from cache (avoided API call)
2026-02-28 21:26:24,432 - data.flights - INFO - Flight data loaded from cache (avoided API call)
2026-02-28 21:26:24,438 - data.flights - INFO - LHR_INDEX: 1453.93 (across 44 intervals, total arr=2333, dep=2432)
2026-02-28 21:26:25,816 - data.flights - INFO - Flight data loaded from cache (avoided API call)
2026-02-28 21:26:25,817 - data.flights - INFO - Flight data loaded from cache (avoided API call)
2026-02-28 21:26:25,821 - data.flights - INFO - LHR_COUNT: 4765 (2333 arrivals + 2432 departures)
2026-02-28 21:26:25,821 - data.flights - INFO - Flight data loaded from cache (avoided API call)
2026-02-28 21:26:25,821 - data.flights - INFO - Flight data loaded from cache (avoided API call)
2026-02-28 21:26:25,831 - data.flights - INFO - LHR_INDEX: 1453.93 (across 44 intervals, total arr=2333, dep=2432)
2026-02-28 21:26:26,913 - data.flights - INFO - Flight data loaded from cache (avoided API call)
2026-02-28 21:26:26,914 - data.flights - INFO - Flight data loaded from cache (avoided API call)
2026-02-28 21:26:26,920 - data.flights - INFO - LHR_COUNT: 4765 (2333 arrivals + 2432 departures)
2026-02-28 21:26:26,920 - data.flights - INFO - Flight data loaded from cache (avoided API call)
2026-02-28 21:26:26,920 - data.flights - INFO - Flight data loaded from cache (avoided API call)
2026-02-28 21:26:26,930 - data.flights - INFO - LHR_INDEX: 1453.93 (across 44 intervals, total arr=2333, dep=2432)
2026-02-28 21:26:28,929 - data.flights - INFO - Flight data loaded from cache (avoided API call)
2026-02-28 21:26:28,929 - data.flights - INFO - Flight data loaded from cache (avoided API call)
2026-02-28 21:26:28,934 - data.flights - INFO - LHR_COUNT: 4765 (2333 arrivals + 2432 departures)
2026-02-28 21:26:28,934 - data.flights - INFO - Flight data loaded from cache (avoided API call)
2026-02-28 21:26:28,934 - data.flights - INFO - Flight data loaded from cache (avoided API call)
2026-02-28 21:26:28,943 - data.flights - INFO - LHR_INDEX: 1453.93 (across 44 intervals, total arr=2333, dep=2432)
2026-02-28 21:26:30,920 - data.flights - INFO - Flight data loaded from cache (avoided API call)
2026-02-28 21:26:30,921 - data.flights - INFO - Flight data loaded from cache (avoided API call)
2026-02-28 21:26:30,929 - data.flights - INFO - LHR_COUNT: 4765 (2333 arrivals + 2432 departures)
2026-02-28 21:26:30,929 - data.flights - INFO - Flight data loaded from cache (avoided API call)
2026-02-28 21:26:30,931 - data.flights - INFO - Flight data loaded from cache (avoided API call)
2026-02-28 21:26:30,947 - data.flights - INFO - LHR_INDEX: 1453.93 (across 44 intervals, total arr=2333, dep=2432)
2026-02-28 21:26:32,881 - data.flights - INFO - Flight data loaded from cache (avoided API call)
2026-02-28 21:26:32,882 - data.flights - INFO - Flight data loaded from cache (avoided API call)
2026-02-28 21:26:32,885 - data.flights - INFO - LHR_COUNT: 4765 (2333 arrivals + 2432 departures)
2026-02-28 21:26:32,886 - data.flights - INFO - Flight data loaded from cache (avoided API call)
2026-02-28 21:26:32,886 - data.flights - INFO - Flight data loaded from cache (avoided API call)
2026-02-28 21:26:32,910 - data.flights - INFO - LHR_INDEX: 1453.93 (across 44 intervals, total arr=2333, dep=2432)
2026-02-28 21:26:34,913 - data.flights - INFO - Flight data loaded from cache (avoided API call)
2026-02-28 21:26:34,914 - data.flights - INFO - Flight data loaded from cache (avoided API call)
2026-02-28 21:26:34,923 - data.flights - INFO - LHR_COUNT: 4765 (2333 arrivals + 2432 departures)
2026-02-28 21:26:34,924 - data.flights - INFO - Flight data loaded from cache (avoided API call)
2026-02-28 21:26:34,924 - data.flights - INFO - Flight data loaded from cache (avoided API call)
2026-02-28 21:26:34,941 - data.flights - INFO - LHR_INDEX: 1453.93 (across 44 intervals, total arr=2333, dep=2432)
2026-02-28 21:26:36,970 - data.flights - INFO - Flight data loaded from cache (avoided API call)
2026-02-28 21:26:36,970 - data.flights - INFO - Flight data loaded from cache (avoided API call)
2026-02-28 21:26:36,976 - data.flights - INFO - LHR_COUNT: 4765 (2333 arrivals + 2432 departures)
2026-02-28 21:26:36,977 - data.flights - INFO - Flight data loaded from cache (avoided API call)
2026-02-28 21:26:36,977 - data.flights - INFO - Flight data loaded from cache (avoided API call)
2026-02-28 21:26:37,005 - data.flights - INFO - LHR_INDEX: 1453.93 (across 44 intervals, total arr=2333, dep=2432)
2026-02-28 21:26:38,885 - data.flights - INFO - Flight data loaded from cache (avoided API call)
2026-02-28 21:26:38,886 - data.flights - INFO - Flight data loaded from cache (avoided API call)
2026-02-28 21:26:38,893 - data.flights - INFO - LHR_COUNT: 4765 (2333 arrivals + 2432 departures)
2026-02-28 21:26:38,893 - data.flights - INFO - Flight data loaded from cache (avoided API call)
2026-02-28 21:26:38,893 - data.flights - INFO - Flight data loaded from cache (avoided API call)
2026-02-28 21:26:38,913 - data.flights - INFO - LHR_INDEX: 1453.93 (across 44 intervals, total arr=2333, dep=2432)
2026-02-28 21:26:42,121 - data.flights - INFO - Flight data loaded from cache (avoided API call)
2026-02-28 21:26:42,124 - data.flights - INFO - Flight data loaded from cache (avoided API call)
2026-02-28 21:26:42,147 - data.flights - INFO - LHR_COUNT: 4765 (2333 arrivals + 2432 departures)
2026-02-28 21:26:42,148 - data.flights - INFO - Flight data loaded from cache (avoided API call)
2026-02-28 21:26:42,149 - data.flights - INFO - Flight data loaded from cache (avoided API call)
2026-02-28 21:26:42,200 - data.flights - INFO - LHR_INDEX: 1453.93 (across 44 intervals, total arr=2333, dep=2432)
2026-02-28 21:26:43,677 - data.flights - INFO - Flight data loaded from cache (avoided API call)
2026-02-28 21:26:43,677 - data.flights - INFO - Flight data loaded from cache (avoided API call)
2026-02-28 21:26:43,688 - data.flights - INFO - LHR_COUNT: 4765 (2333 arrivals + 2432 departures)
2026-02-28 21:26:43,688 - data.flights - INFO - Flight data loaded from cache (avoided API call)
2026-02-28 21:26:43,688 - data.flights - INFO - Flight data loaded from cache (avoided API call)
2026-02-28 21:26:43,700 - data.flights - INFO - LHR_INDEX: 1453.93 (across 44 intervals, total arr=2333, dep=2432)
2026-02-28 21:26:45,732 - data.flights - INFO - Flight data loaded from cache (avoided API call)
2026-02-28 21:26:45,733 - data.flights - INFO - Flight data loaded from cache (avoided API call)
2026-02-28 21:26:45,735 - data.flights - INFO - LHR_COUNT: 4765 (2333 arrivals + 2432 departures)
2026-02-28 21:26:45,736 - data.flights - INFO - Flight data loaded from cache (avoided API call)
2026-02-28 21:26:45,736 - data.flights - INFO - Flight data loaded from cache (avoided API call)
2026-02-28 21:26:45,753 - data.flights - INFO - LHR_INDEX: 1453.93 (across 44 intervals, total arr=2333, dep=2432)
2026-02-28 21:26:47,142 - data.flights - INFO - Flight data loaded from cache (avoided API call)
2026-02-28 21:26:47,143 - data.flights - INFO - Flight data loaded from cache (avoided API call)
2026-02-28 21:26:47,147 - data.flights - INFO - LHR_COUNT: 4765 (2333 arrivals + 2432 departures)
2026-02-28 21:26:47,147 - data.flights - INFO - Flight data loaded from cache (avoided API call)
2026-02-28 21:26:47,147 - data.flights - INFO - Flight data loaded from cache (avoided API call)
2026-02-28 21:26:47,165 - data.flights - INFO - LHR_INDEX: 1453.93 (across 44 intervals, total arr=2333, dep=2432)
2026-02-28 21:26:48,711 - data.flights - INFO - Flight data loaded from cache (avoided API call)
2026-02-28 21:26:48,712 - data.flights - INFO - Flight data loaded from cache (avoided API call)
2026-02-28 21:26:48,716 - data.flights - INFO - LHR_COUNT: 4765 (2333 arrivals + 2432 departures)
2026-02-28 21:26:48,717 - data.flights - INFO - Flight data loaded from cache (avoided API call)
2026-02-28 21:26:48,717 - data.flights - INFO - Flight data loaded from cache (avoided API call)
2026-02-28 21:26:48,729 - data.flights - INFO - LHR_INDEX: 1453.93 (across 44 intervals, total arr=2333, dep=2432)
2026-02-28 21:26:52,331 - data.flights - INFO - Flight data loaded from cache (avoided API call)
2026-02-28 21:26:52,332 - data.flights - INFO - Flight data loaded from cache (avoided API call)
2026-02-28 21:26:52,335 - data.flights - INFO - LHR_COUNT: 4765 (2333 arrivals + 2432 departures)
2026-02-28 21:26:52,336 - data.flights - INFO - Flight data loaded from cache (avoided API call)
2026-02-28 21:26:52,336 - data.flights - INFO - Flight data loaded from cache (avoided API call)
2026-02-28 21:26:52,350 - data.flights - INFO - LHR_INDEX: 1453.93 (across 44 intervals, total arr=2333, dep=2432)
2026-02-28 21:26:54,754 - data.flights - INFO - Flight data loaded from cache (avoided API call)
2026-02-28 21:26:54,756 - data.flights - INFO - Flight data loaded from cache (avoided API call)
2026-02-28 21:26:54,763 - data.flights - INFO - LHR_COUNT: 4765 (2333 arrivals + 2432 departures)
2026-02-28 21:26:54,764 - data.flights - INFO - Flight data loaded from cache (avoided API call)
2026-02-28 21:26:54,764 - data.flights - INFO - Flight data loaded from cache (avoided API call)
2026-02-28 21:26:54,780 - data.flights - INFO - LHR_INDEX: 1453.93 (across 44 intervals, total arr=2333, dep=2432)
2026-02-28 21:26:57,549 - data.flights - INFO - Flight data loaded from cache (avoided API call)
2026-02-28 21:26:57,549 - data.flights - INFO - Flight data loaded from cache (avoided API call)
2026-02-28 21:26:57,561 - data.flights - INFO - LHR_COUNT: 4765 (2333 arrivals + 2432 departures)
2026-02-28 21:26:57,561 - data.flights - INFO - Flight data loaded from cache (avoided API call)
2026-02-28 21:26:57,561 - data.flights - INFO - Flight data loaded from cache (avoided API call)
2026-02-28 21:26:57,581 - data.flights - INFO - LHR_INDEX: 1453.93 (across 44 intervals, total arr=2333, dep=2432)
2026-02-28 21:26:59,564 - data.flights - INFO - Flight data loaded from cache (avoided API call)
2026-02-28 21:26:59,565 - data.flights - INFO - Flight data loaded from cache (avoided API call)
2026-02-28 21:26:59,566 - data.flights - INFO - LHR_COUNT: 4765 (2333 arrivals + 2432 departures)
2026-02-28 21:26:59,567 - data.flights - INFO - Flight data loaded from cache (avoided API call)
2026-02-28 21:26:59,567 - data.flights - INFO - Flight data loaded from cache (avoided API call)
2026-02-28 21:26:59,572 - data.flights - INFO - LHR_INDEX: 1453.93 (across 44 intervals, total arr=2333, dep=2432)
2026-02-28 21:27:00,609 - data.flights - INFO - Flight data loaded from cache (avoided API call)
2026-02-28 21:27:00,610 - data.flights - INFO - Flight data loaded from cache (avoided API call)
2026-02-28 21:27:00,619 - data.flights - INFO - LHR_COUNT: 4765 (2333 arrivals + 2432 departures)
2026-02-28 21:27:00,619 - data.flights - INFO - Flight data loaded from cache (avoided API call)
2026-02-28 21:27:00,619 - data.flights - INFO - Flight data loaded from cache (avoided API call)
2026-02-28 21:27:00,660 - data.flights - INFO - LHR_INDEX: 1453.93 (across 44 intervals, total arr=2333, dep=2432)
2026-02-28 21:27:02,764 - data.flights - INFO - Flight data loaded from cache (avoided API call)
2026-02-28 21:27:02,764 - data.flights - INFO - Flight data loaded from cache (avoided API call)
2026-02-28 21:27:02,770 - data.flights - INFO - LHR_COUNT: 4765 (2333 arrivals + 2432 departures)
2026-02-28 21:27:02,770 - data.flights - INFO - Flight data loaded from cache (avoided API call)
2026-02-28 21:27:02,771 - data.flights - INFO - Flight data loaded from cache (avoided API call)
2026-02-28 21:27:02,781 - data.flights - INFO - LHR_INDEX: 1453.93 (across 44 intervals, total arr=2333, dep=2432)
2026-02-28 21:27:05,368 - data.flights - INFO - Flight data loaded from cache (avoided API call)
2026-02-28 21:27:05,368 - data.flights - INFO - Flight data loaded from cache (avoided API call)
2026-02-28 21:27:05,375 - data.flights - INFO - LHR_COUNT: 4765 (2333 arrivals + 2432 departures)
2026-02-28 21:27:05,375 - data.flights - INFO - Flight data loaded from cache (avoided API call)
2026-02-28 21:27:05,376 - data.flights - INFO - Flight data loaded from cache (avoided API call)
2026-02-28 21:27:05,383 - data.flights - INFO - LHR_INDEX: 1453.93 (across 44 intervals, total arr=2333, dep=2432)
2026-02-28 21:27:06,375 - data.flights - INFO - Flight data loaded from cache (avoided API call)
2026-02-28 21:27:06,375 - data.flights - INFO - Flight data loaded from cache (avoided API call)
2026-02-28 21:27:06,382 - data.flights - INFO - LHR_COUNT: 4765 (2333 arrivals + 2432 departures)
2026-02-28 21:27:06,383 - data.flights - INFO - Flight data loaded from cache (avoided API call)
2026-02-28 21:27:06,383 - data.flights - INFO - Flight data loaded from cache (avoided API call)
2026-02-28 21:27:06,395 - data.flights - INFO - LHR_INDEX: 1453.93 (across 44 intervals, total arr=2333, dep=2432)
2026-02-28 21:27:07,806 - data.flights - INFO - Flight data loaded from cache (avoided API call)
2026-02-28 21:27:07,806 - data.flights - INFO - Flight data loaded from cache (avoided API call)
2026-02-28 21:27:07,812 - data.flights - INFO - LHR_COUNT: 4765 (2333 arrivals + 2432 departures)
2026-02-28 21:27:07,812 - data.flights - INFO - Flight data loaded from cache (avoided API call)
2026-02-28 21:27:07,812 - data.flights - INFO - Flight data loaded from cache (avoided API call)
2026-02-28 21:27:07,817 - data.flights - INFO - LHR_INDEX: 1453.93 (across 44 intervals, total arr=2333, dep=2432)
2026-02-28 21:27:10,434 - data.flights - INFO - Flight data loaded from cache (avoided API call)
2026-02-28 21:27:10,435 - data.flights - INFO - Flight data loaded from cache (avoided API call)
2026-02-28 21:27:10,441 - data.flights - INFO - LHR_COUNT: 4765 (2333 arrivals + 2432 departures)
2026-02-28 21:27:10,441 - data.flights - INFO - Flight data loaded from cache (avoided API call)
2026-02-28 21:27:10,442 - data.flights - INFO - Flight data loaded from cache (avoided API call)
2026-02-28 21:27:10,452 - data.flights - INFO - LHR_INDEX: 1453.93 (across 44 intervals, total arr=2333, dep=2432)
2026-02-28 21:27:11,828 - data.flights - INFO - Flight data loaded from cache (avoided API call)
2026-02-28 21:27:11,828 - data.flights - INFO - Flight data loaded from cache (avoided API call)
2026-02-28 21:27:11,830 - data.flights - INFO - LHR_COUNT: 4765 (2333 arrivals + 2432 departures)
2026-02-28 21:27:11,830 - data.flights - INFO - Flight data loaded from cache (avoided API call)
2026-02-28 21:27:11,830 - data.flights - INFO - Flight data loaded from cache (avoided API call)
2026-02-28 21:27:11,843 - data.flights - INFO - LHR_INDEX: 1453.93 (across 44 intervals, total arr=2333, dep=2432)
2026-02-28 21:27:13,457 - data.flights - INFO - Flight data loaded from cache (avoided API call)
2026-02-28 21:27:13,458 - data.flights - INFO - Flight data loaded from cache (avoided API call)
2026-02-28 21:27:13,466 - data.flights - INFO - LHR_COUNT: 4765 (2333 arrivals + 2432 departures)
2026-02-28 21:27:13,466 - data.flights - INFO - Flight data loaded from cache (avoided API call)
2026-02-28 21:27:13,466 - data.flights - INFO - Flight data loaded from cache (avoided API call)
2026-02-28 21:27:13,481 - data.flights - INFO - LHR_INDEX: 1453.93 (across 44 intervals, total arr=2333, dep=2432)
2026-02-28 21:31:12,656 - bots.hybrid_bot - INFO - Stopping...
2026-02-28 21:31:12,788 - data.flights - INFO - Flight data loaded from cache (avoided API call)
2026-02-28 21:31:12,788 - data.flights - INFO - Flight data loaded from cache (avoided API call)
2026-02-28 21:31:12,795 - data.flights - INFO - LHR_COUNT: 4765 (2333 arrivals + 2432 departures)
2026-02-28 21:31:12,796 - data.flights - INFO - Flight data loaded from cache (avoided API call)
2026-02-28 21:31:12,796 - data.flights - INFO - Flight data loaded from cache (avoided API call)
2026-02-28 21:31:12,811 - data.flights - INFO - LHR_INDEX: 1453.93 (across 44 intervals, total arr=2333, dep=2432)
