2026-02-28 21:58:06,142 - __main__ - INFO - ============================================================
2026-02-28 21:58:06,142 - __main__ - INFO - IMCity Trading Bot
2026-02-28 21:58:06,142 - __main__ - INFO - ============================================================
2026-02-28 21:58:06,142 - __main__ - INFO - Bot:      hybrid
2026-02-28 21:58:06,142 - __main__ - INFO - Exchange: challenge
2026-02-28 21:58:06,143 - __main__ - INFO - URL:      http://ec2-52-19-74-159.eu-west-1.compute.amazonaws.com/
2026-02-28 21:58:06,143 - __main__ - INFO - User:     Brestttt
2026-02-28 21:58:06,143 - __main__ - INFO - Width:    10.0
2026-02-28 21:58:06,143 - __main__ - INFO - Volume:   2
2026-02-28 21:58:06,143 - __main__ - INFO - ============================================================
2026-02-28 21:58:06,143 - bots.hybrid_bot - INFO - Starting SSE stream...
2026-02-28 21:58:06,212 - bots.hybrid_bot - INFO - ✓ SSE thread started
2026-02-28 21:58:06,212 - bots.hybrid_bot - INFO - Hybrid bot started
2026-02-28 21:58:06,212 - bots.hybrid_bot - INFO - Strategies: ['MarketMaker', 'ETFArbitrage']
2026-02-28 21:58:36,278 - bots.hybrid_bot - WARNING - ⚠️  NO ORDERBOOKS RECEIVED IN LAST 30 SECONDS!
2026-02-28 21:58:36,284 - bots.hybrid_bot - WARNING -    SSE stream may not be working - check connection
2026-02-28 21:59:06,298 - bots.hybrid_bot - WARNING - ⚠️  NO ORDERBOOKS RECEIVED IN LAST 30 SECONDS!
2026-02-28 21:59:06,301 - bots.hybrid_bot - WARNING -    SSE stream may not be working - check connection
2026-02-28 21:59:36,379 - bots.hybrid_bot - WARNING - ⚠️  NO ORDERBOOKS RECEIVED IN LAST 30 SECONDS!
2026-02-28 21:59:36,384 - bots.hybrid_bot - WARNING -    SSE stream may not be working - check connection
2026-02-28 22:00:06,403 - bots.hybrid_bot - WARNING - ⚠️  NO ORDERBOOKS RECEIVED IN LAST 30 SECONDS!
2026-02-28 22:00:06,411 - bots.hybrid_bot - WARNING -    SSE stream may not be working - check connection
2026-02-28 22:00:36,481 - bots.hybrid_bot - WARNING - ⚠️  NO ORDERBOOKS RECEIVED IN LAST 30 SECONDS!
2026-02-28 22:00:36,484 - bots.hybrid_bot - WARNING -    SSE stream may not be working - check connection
2026-02-28 22:01:06,497 - bots.hybrid_bot - WARNING - ⚠️  NO ORDERBOOKS RECEIVED IN LAST 30 SECONDS!
2026-02-28 22:01:06,500 - bots.hybrid_bot - WARNING -    SSE stream may not be working - check connection
2026-02-28 22:01:36,566 - bots.hybrid_bot - WARNING - ⚠️  NO ORDERBOOKS RECEIVED IN LAST 30 SECONDS!
2026-02-28 22:01:36,574 - bots.hybrid_bot - WARNING -    SSE stream may not be working - check connection
2026-02-28 22:02:06,590 - bots.hybrid_bot - WARNING - ⚠️  NO ORDERBOOKS RECEIVED IN LAST 30 SECONDS!
2026-02-28 22:02:06,592 - bots.hybrid_bot - WARNING -    SSE stream may not be working - check connection
2026-02-28 22:02:36,666 - bots.hybrid_bot - WARNING - ⚠️  NO ORDERBOOKS RECEIVED IN LAST 30 SECONDS!
2026-02-28 22:02:36,668 - bots.hybrid_bot - WARNING -    SSE stream may not be working - check connection
2026-02-28 22:03:06,675 - bots.hybrid_bot - INFO - ❤️ HEARTBEAT: Bot is active. Total P&L: +0.00
2026-02-28 22:03:06,678 - bots.hybrid_bot - WARNING - ⚠️  NO ORDERBOOKS RECEIVED IN LAST 30 SECONDS!
2026-02-28 22:03:06,678 - bots.hybrid_bot - WARNING -    SSE stream may not be working - check connection
2026-02-28 22:03:36,740 - bots.hybrid_bot - WARNING - ⚠️  NO ORDERBOOKS RECEIVED IN LAST 30 SECONDS!
2026-02-28 22:03:36,743 - bots.hybrid_bot - WARNING -    SSE stream may not be working - check connection
2026-02-28 22:04:01,735 - bots.hybrid_bot - INFO - Stopping...
